Archive member included to satisfy reference by file (symbol)

c:/nxp/lpcxpresso_8.2.2_650/lpcxpresso/tools/bin/../lib/gcc/arm-none-eabi/5.4.1/armv7-m\libgcc.a(_aeabi_uldivmod.o)
                              ./src/chip_15xx_src/clock_15xx.o (__aeabi_uldivmod)
c:/nxp/lpcxpresso_8.2.2_650/lpcxpresso/tools/bin/../lib/gcc/arm-none-eabi/5.4.1/armv7-m\libgcc.a(_udivmoddi4.o)
                              c:/nxp/lpcxpresso_8.2.2_650/lpcxpresso/tools/bin/../lib/gcc/arm-none-eabi/5.4.1/armv7-m\libgcc.a(_aeabi_uldivmod.o) (__udivmoddi4)
c:/nxp/lpcxpresso_8.2.2_650/lpcxpresso/tools/bin/../lib/gcc/arm-none-eabi/5.4.1/armv7-m\libgcc.a(_dvmd_tls.o)
                              c:/nxp/lpcxpresso_8.2.2_650/lpcxpresso/tools/bin/../lib/gcc/arm-none-eabi/5.4.1/armv7-m\libgcc.a(_aeabi_uldivmod.o) (__aeabi_ldiv0)
c:/nxp/lpcxpresso_8.2.2_650/lpcxpresso/tools/bin/../lib/gcc/arm-none-eabi/5.4.1/../../../../arm-none-eabi/lib/armv7-m\libc.a(lib_a-init.o)
                              ./src/cr_startup_lpc15xx.o (__libc_init_array)
c:/nxp/lpcxpresso_8.2.2_650/lpcxpresso/tools/bin/../lib/gcc/arm-none-eabi/5.4.1/../../../../arm-none-eabi/lib/armv7-m\libc.a(lib_a-malloc.o)
                              ./src/cr_cpp_config.o (malloc)
c:/nxp/lpcxpresso_8.2.2_650/lpcxpresso/tools/bin/../lib/gcc/arm-none-eabi/5.4.1/../../../../arm-none-eabi/lib/armv7-m\libc.a(lib_a-mallocr.o)
                              c:/nxp/lpcxpresso_8.2.2_650/lpcxpresso/tools/bin/../lib/gcc/arm-none-eabi/5.4.1/../../../../arm-none-eabi/lib/armv7-m\libc.a(lib_a-malloc.o) (_malloc_r)
c:/nxp/lpcxpresso_8.2.2_650/lpcxpresso/tools/bin/../lib/gcc/arm-none-eabi/5.4.1/../../../../arm-none-eabi/lib/armv7-m\libc.a(lib_a-memcpy.o)
                              ./src/chip_15xx_src/ring_buffer.o (memcpy)
c:/nxp/lpcxpresso_8.2.2_650/lpcxpresso/tools/bin/../lib/gcc/arm-none-eabi/5.4.1/../../../../arm-none-eabi/lib/armv7-m\libc.a(lib_a-mlock.o)
                              c:/nxp/lpcxpresso_8.2.2_650/lpcxpresso/tools/bin/../lib/gcc/arm-none-eabi/5.4.1/../../../../arm-none-eabi/lib/armv7-m\libc.a(lib_a-mallocr.o) (__malloc_lock)
c:/nxp/lpcxpresso_8.2.2_650/lpcxpresso/tools/bin/../lib/gcc/arm-none-eabi/5.4.1/../../../../arm-none-eabi/lib/armv7-m\libc.a(lib_a-sbrkr.o)
                              c:/nxp/lpcxpresso_8.2.2_650/lpcxpresso/tools/bin/../lib/gcc/arm-none-eabi/5.4.1/../../../../arm-none-eabi/lib/armv7-m\libc.a(lib_a-mallocr.o) (_sbrk_r)
c:/nxp/lpcxpresso_8.2.2_650/lpcxpresso/tools/bin/../lib/gcc/arm-none-eabi/5.4.1/../../../../arm-none-eabi/lib/armv7-m\libc.a(lib_a-freer.o)
                              c:/nxp/lpcxpresso_8.2.2_650/lpcxpresso/tools/bin/../lib/gcc/arm-none-eabi/5.4.1/../../../../arm-none-eabi/lib/armv7-m\libc.a(lib_a-malloc.o) (_free_r)
c:/nxp/lpcxpresso_8.2.2_650/lpcxpresso/tools/bin/../lib/gcc/arm-none-eabi/5.4.1/../../../../arm-none-eabi/lib/armv7-m\libc.a(lib_a-impure.o)
                              c:/nxp/lpcxpresso_8.2.2_650/lpcxpresso/tools/bin/../lib/gcc/arm-none-eabi/5.4.1/../../../../arm-none-eabi/lib/armv7-m\libc.a(lib_a-malloc.o) (_impure_ptr)
c:/nxp/lpcxpresso_8.2.2_650/lpcxpresso/tools/bin/../lib/gcc/arm-none-eabi/5.4.1/../../../../arm-none-eabi/lib/armv7-m\libc.a(lib_a-reent.o)
                              c:/nxp/lpcxpresso_8.2.2_650/lpcxpresso/tools/bin/../lib/gcc/arm-none-eabi/5.4.1/../../../../arm-none-eabi/lib/armv7-m\libc.a(lib_a-sbrkr.o) (errno)
c:/nxp/lpcxpresso_8.2.2_650/lpcxpresso/tools/bin/../lib/gcc/arm-none-eabi/5.4.1/../../../../arm-none-eabi/lib/armv7-m\libstdc++.a(guard.o)
                              ./src/drivers_src/led.o (__cxa_guard_acquire)
c:/nxp/lpcxpresso_8.2.2_650/lpcxpresso/tools/bin/../lib/gcc/arm-none-eabi/5.4.1/../../../../arm-none-eabi/lib/armv7-m\libstdc++.a(eh_throw.o)
                              c:/nxp/lpcxpresso_8.2.2_650/lpcxpresso/tools/bin/../lib/gcc/arm-none-eabi/5.4.1/../../../../arm-none-eabi/lib/armv7-m\libstdc++.a(guard.o) (__cxa_throw)
c:/nxp/lpcxpresso_8.2.2_650/lpcxpresso/tools/bin/../lib/gcc/arm-none-eabi/5.4.1/../../../../arm-none-eabi/lib/armv7-m\libstdc++.a(eh_globals.o)
                              c:/nxp/lpcxpresso_8.2.2_650/lpcxpresso/tools/bin/../lib/gcc/arm-none-eabi/5.4.1/../../../../arm-none-eabi/lib/armv7-m\libstdc++.a(eh_throw.o) (__cxa_get_globals)
c:/nxp/lpcxpresso_8.2.2_650/lpcxpresso/tools/bin/../lib/gcc/arm-none-eabi/5.4.1/../../../../arm-none-eabi/lib/armv7-m\libstdc++.a(eh_terminate.o)
                              c:/nxp/lpcxpresso_8.2.2_650/lpcxpresso/tools/bin/../lib/gcc/arm-none-eabi/5.4.1/../../../../arm-none-eabi/lib/armv7-m\libstdc++.a(eh_throw.o) (__cxxabiv1::__terminate(void (*)()))
c:/nxp/lpcxpresso_8.2.2_650/lpcxpresso/tools/bin/../lib/gcc/arm-none-eabi/5.4.1/../../../../arm-none-eabi/lib/armv7-m\libstdc++.a(guard_error.o)
                              c:/nxp/lpcxpresso_8.2.2_650/lpcxpresso/tools/bin/../lib/gcc/arm-none-eabi/5.4.1/../../../../arm-none-eabi/lib/armv7-m\libstdc++.a(guard.o) (__gnu_cxx::recursive_init_error::~recursive_init_error())
[...]
Memory Configuration

Name             Origin             Length             Attributes
MFlash256        0x00000000         0x00040000         xr
Ram0_16          0x02000000         0x00004000         xrw
Ram1_16          0x02004000         0x00004000         xrw
Ram2_4           0x02008000         0x00001000         xrw
*default*        0x00000000         0xffffffff

Linker script and memory map

LOAD ./src/drivers_src/can_controllor.o
LOAD ./src/drivers_src/led.o
LOAD ./src/drivers_src/timer.o
LOAD ./src/drivers_src/usart.o
LOAD ./src/chip_15xx_src/acmp_15xx.o
LOAD ./src/chip_15xx_src/adc_15xx.o
LOAD ./src/chip_15xx_src/chip_15xx.o
LOAD ./src/chip_15xx_src/clock_15xx.o
LOAD ./src/chip_15xx_src/crc_15xx.o
LOAD ./src/chip_15xx_src/dac_15xx.o
LOAD ./src/chip_15xx_src/dma_15xx.o
LOAD ./src/chip_15xx_src/eeprom.o
LOAD ./src/chip_15xx_src/gpio_15xx.o
LOAD ./src/chip_15xx_src/i2c_common_15xx.o
LOAD ./src/chip_15xx_src/i2cm_15xx.o
LOAD ./src/chip_15xx_src/i2cs_15xx.o
LOAD ./src/chip_15xx_src/iap.o
LOAD ./src/chip_15xx_src/iocon_15xx.o
LOAD ./src/chip_15xx_src/pinint_15xx.o
LOAD ./src/chip_15xx_src/pmu_15xx.o
LOAD ./src/chip_15xx_src/ring_buffer.o
LOAD ./src/chip_15xx_src/ritimer_15xx.o
LOAD ./src/chip_15xx_src/rtc_15xx.o
LOAD ./src/chip_15xx_src/sct_15xx.o
LOAD ./src/chip_15xx_src/sct_pwm_15xx.o
LOAD ./src/chip_15xx_src/sctipu_15xx.o
LOAD ./src/chip_15xx_src/spi_15xx.o
LOAD ./src/chip_15xx_src/stopwatch_15xx.o
LOAD ./src/chip_15xx_src/swm_15xx.o
LOAD ./src/chip_15xx_src/sysctl_15xx.o
LOAD ./src/chip_15xx_src/sysinit_15xx.o
LOAD ./src/chip_15xx_src/uart_15xx.o
LOAD ./src/chip_15xx_src/wwdt_15xx.o
LOAD ./src/board_src/board_configure.o
LOAD ./src/board_src/ecu_board.o
LOAD ./src/cr_cpp_config.o
LOAD ./src/cr_startup_lpc15xx.o
LOAD ./src/crp.o
LOAD ./src/ecu_simulator_0_0_1.o
START GROUP
LOAD c:/nxp/lpcxpresso_8.2.2_650/lpcxpresso/tools/bin/../lib/gcc/arm-none-eabi/5.4.1/armv7-m\libgcc.a
LOAD c:/nxp/lpcxpresso_8.2.2_650/lpcxpresso/tools/bin/../lib/gcc/arm-none-eabi/5.4.1/../../../../arm-none-eabi/lib/armv7-m\libc.a
LOAD c:/nxp/lpcxpresso_8.2.2_650/lpcxpresso/tools/bin/../lib/gcc/arm-none-eabi/5.4.1/../../../../arm-none-eabi/lib/armv7-m\libstdc++.a
LOAD c:/nxp/lpcxpresso_8.2.2_650/lpcxpresso/tools/bin/../lib/gcc/arm-none-eabi/5.4.1/../../../../arm-none-eabi/lib/armv7-m\libm.a
LOAD c:/nxp/lpcxpresso_8.2.2_650/lpcxpresso/tools/bin/../lib/gcc/arm-none-eabi/5.4.1/../../../../arm-none-eabi/lib/armv7-m\libcr_newlib_nohost.a
LOAD c:/nxp/lpcxpresso_8.2.2_650/lpcxpresso/tools/bin/../lib/gcc/arm-none-eabi/5.4.1/armv7-m\crti.o
LOAD c:/nxp/lpcxpresso_8.2.2_650/lpcxpresso/tools/bin/../lib/gcc/arm-none-eabi/5.4.1/armv7-m\crtn.o
LOAD c:/nxp/lpcxpresso_8.2.2_650/lpcxpresso/tools/bin/../lib/gcc/arm-none-eabi/5.4.1/armv7-m\crtbegin.o
LOAD c:/nxp/lpcxpresso_8.2.2_650/lpcxpresso/tools/bin/../lib/gcc/arm-none-eabi/5.4.1/armv7-m\crtend.o
END GROUP
                0x00000000                __base_MFlash256 = 0x0
                0x00000000                __base_Flash = 0x0
                0x00040000                __top_MFlash256 = 0x40000
                0x00040000                __top_Flash = 0x40000
                0x02000000                __base_Ram0_16 = 0x2000000
                0x02000000                __base_RAM = 0x2000000
                0x02004000                __top_Ram0_16 = 0x2004000
                0x02004000                __top_RAM = 0x2004000
                0x02004000                __base_Ram1_16 = 0x2004000
                0x02004000                __base_RAM2 = 0x2004000
                0x02008000                __top_Ram1_16 = 0x2008000
                0x02008000                __top_RAM2 = 0x2008000
                0x02008000                __base_Ram2_4 = 0x2008000
                0x02008000                __base_RAM3 = 0x2008000
                0x02009000                __top_Ram2_4 = 0x2009000
                0x02009000                __top_RAM3 = 0x2009000

.text           0x00000000     0x4f74
 FILL mask 0xff
                0x00000000                __vectors_start__ = ABSOLUTE (.)
 *(.isr_vector)
 .isr_vector    0x00000000       0xfc ./src/cr_startup_lpc15xx.o
                0x00000000                g_pfnVectors
                0x000000fc                . = ALIGN (0x4)
                0x000000fc                __section_table_start = .
                0x000000fc                __data_section_table = .
                0x000000fc        0x4 LONG 0x520c LOADADDR (.data)
                0x00000100        0x4 LONG 0x2000000 ADDR (.data)
                0x00000104        0x4 LONG 0x848 SIZEOF (.data)
                0x00000108        0x4 LONG 0x520c LOADADDR (.data_RAM2)
                0x0000010c        0x4 LONG 0x2004000 ADDR (.data_RAM2)
                0x00000110        0x4 LONG 0x0 SIZEOF (.data_RAM2)
                0x00000114        0x4 LONG 0x520c LOADADDR (.data_RAM3)
                0x00000118        0x4 LONG 0x2008000 ADDR (.data_RAM3)
                0x0000011c        0x4 LONG 0x0 SIZEOF (.data_RAM3)
                0x00000120                __data_section_table_end = .
                0x00000120                __bss_section_table = .
                0x00000120        0x4 LONG 0x2000848 ADDR (.bss)
                0x00000124        0x4 LONG 0x380 SIZEOF (.bss)
                0x00000128        0x4 LONG 0x2004000 ADDR (.bss_RAM2)
                0x0000012c        0x4 LONG 0x0 SIZEOF (.bss_RAM2)
                0x00000130        0x4 LONG 0x2008000 ADDR (.bss_RAM3)
                0x00000134        0x4 LONG 0x0 SIZEOF (.bss_RAM3)
                0x00000138                __bss_section_table_end = .
                0x00000138                __section_table_end = .
 *(.after_vectors*)
 .after_vectors
                0x00000138      0x154 ./src/cr_startup_lpc15xx.o
                0x00000138                data_init(unsigned int, unsigned int, unsigned int)
                0x0000017c                bss_init(unsigned int, unsigned int)
                0x000001b4                ResetISR
                0x0000023c                NMI_Handler
                0x00000244                HardFault_Handler
                0x0000024c                MemManage_Handler
                0x00000254                BusFault_Handler
                0x0000025c                UsageFault_Handler
                0x00000264                SVC_Handler
                0x0000026c                DebugMon_Handler
                0x00000274                PendSV_Handler
                0x0000027c                SysTick_Handler
                0x00000284                SPI1_IRQHandler
                0x00000284                PIN_INT6_IRQHandler
                0x00000284                IntDefaultHandler
                0x00000284                PIN_INT4_IRQHandler
                0x00000284                CAN_IRQHandler
                0x00000284                RTC_ALARM_IRQHandler
                0x00000284                ADC1B_IRQHandler
                0x00000284                ADC1_OVR_IRQHandler
                0x00000284                USBWakeup_IRQHandler
                0x00000284                PIN_INT5_IRQHandler
                0x00000284                RTC_WAKE_IRQHandler
                0x00000284                PIN_INT2_IRQHandler
                0x00000284                USB_FIQHandler
                0x00000284                ADC1_THCMP_IRQHandler
                0x00000284                PIN_INT7_IRQHandler
                0x00000284                SCT0_IRQHandler
                0x00000284                PIN_INT1_IRQHandler
                0x00000284                USB_IRQHandler
                0x00000284                BOD_IRQHandler
                0x00000284                ADC0B_IRQHandler
                0x00000284                ACMP0_IRQHandler
                0x00000284                ADC0_OVR_IRQHandler
                0x00000284                I2C0_IRQHandler
                0x00000284                WDT_IRQHandler
                0x00000284                SCT1_IRQHandler
                0x00000284                PIN_INT0_IRQHandler
                0x00000284                QEI_IRQHandler
                0x00000284                ACMP3_IRQHandler
                0x00000284                GINT0_IRQHandler
                0x00000284                DAC_IRQHandler
                0x00000284                SPI0_IRQHandler
                0x00000284                EEPROM_IRQHandler
                0x00000284                ACMP2_IRQHandler
                0x00000284                SCT2_IRQHandler
                0x00000284                ADC1A_IRQHandler
                0x00000284                DMA_IRQHandler
                0x00000284                PIN_INT3_IRQHandler
                0x00000284                ACMP1_IRQHandler
                0x00000284                SCT3_IRQHandler
                0x00000284                ADC0A_IRQHandler
                0x00000284                FMC_IRQHandler
                0x00000284                GINT1_IRQHandler
                0x00000284                ADC0_THCMP_IRQHandler
                0x000002fc                . = 0x2fc
 *fill*         0x0000028c       0x70 ff
                0x000002fc                PROVIDE (__CRP_WORD_START__, .)
 *(.crp)
 .crp           0x000002fc        0x4 ./src/crp.o
                0x000002fc                CRP_WORD
                0x00000300                PROVIDE (__CRP_WORD_END__, .)
                0x00000001                ASSERT (! ((__CRP_WORD_START__ == __CRP_WORD_END__)), Linker CRP Enabled, but no CRP_WORD provided within application)
 *(.text*)
 .text._ZN3Led8instanceEv
                0x00000300       0x54 ./src/drivers_src/led.o
                0x00000300                Led::instance()
 .text._ZN3Led14Lighten_Led_TXEv
                0x00000354       0x14 ./src/drivers_src/led.o
                0x00000354                Led::Lighten_Led_TX()
 .text._ZN3Led14Lighten_Led_RXEv
                0x00000368       0x14 ./src/drivers_src/led.o
                0x00000368                Led::Lighten_Led_RX()
 .text._ZN3Led12Blink_Led_TXEv
                0x0000037c       0x20 ./src/drivers_src/led.o
                0x0000037c                Led::Blink_Led_TX()
 .text._ZN3Led12Blink_Led_RXEv
                0x0000039c       0x20 ./src/drivers_src/led.o
                0x0000039c                Led::Blink_Led_RX()
 .text._ZN3Led10Off_Led_TXEv
                0x000003bc       0x14 ./src/drivers_src/led.o
                0x000003bc                Led::Off_Led_TX()
 .text._ZN3Led10Off_Led_RXEv
                0x000003d0       0x14 ./src/drivers_src/led.o
                0x000003d0                Led::Off_Led_RX()
 .text._ZN3Led13Toggle_Led_TXEv
                0x000003e4       0x14 ./src/drivers_src/led.o
                0x000003e4                Led::Toggle_Led_TX()
 .text._ZN3Led13Toggle_Led_RXEv
                0x000003f8       0x14 ./src/drivers_src/led.o
                0x000003f8                Led::Toggle_Led_RX()
 .text._ZN3LedC2Ev
                0x0000040c       0x28 ./src/drivers_src/led.o
                0x0000040c                Led::Led()
                0x0000040c                Led::Led()
 .text._ZN3LedD2Ev
                0x00000434       0x14 ./src/drivers_src/led.o
                0x00000434                Led::~Led()
                0x00000434                Led::~Led()
 .text._ZN3Led11Start_TimerEv
                0x00000448       0x1c ./src/drivers_src/led.o
                0x00000448                Led::Start_Timer()
 .text._ZN3Led12Led_CallbackEv
                0x00000464       0x68 ./src/drivers_src/led.o
                0x00000464                Led::Led_Callback()
 .text.NVIC_EnableIRQ
                0x000004cc       0x30 ./src/drivers_src/timer.o
 .text.Chip_MRT_SetInterval_Immediately
                0x000004fc       0x20 ./src/drivers_src/timer.o
 .text.Chip_MRT_SetEnabled
                0x0000051c       0x20 ./src/drivers_src/timer.o
 .text.Chip_MRT_SetDisabled
                0x0000053c       0x20 ./src/drivers_src/timer.o
 .text.Chip_MRT_SetMode
                0x0000055c       0x2c ./src/drivers_src/timer.o
 .text.Chip_MRT_IntClear
                0x00000588       0x20 ./src/drivers_src/timer.o
 .text.Chip_RIT_Enable
                0x000005a8       0x18 ./src/drivers_src/timer.o
 .text.Chip_RIT_Disable
                0x000005c0       0x18 ./src/drivers_src/timer.o
 .text.Chip_RIT_EnableDebug
                0x000005d8       0x18 ./src/drivers_src/timer.o
 .text.Chip_RIT_DisableDebug
                0x000005f0       0x18 ./src/drivers_src/timer.o
 .text.Chip_RIT_EnableCompClear
                0x00000608       0x18 ./src/drivers_src/timer.o
 .text.Chip_RIT_ClearIntStatus
                0x00000620       0x20 ./src/drivers_src/timer.o
 .text._ZN5TimerC2E8TimerNum
                0x00000640       0x9c ./src/drivers_src/timer.o
                0x00000640                Timer::Timer(TimerNum)
                0x00000640                Timer::Timer(TimerNum)
 .text._ZN5Timer8InstanceE8TimerNum
                0x000006dc       0xd8 ./src/drivers_src/timer.o
                0x000006dc                Timer::Instance(TimerNum)
 .text.RIT_IRQHandler
                0x000007b4       0x2c ./src/drivers_src/timer.o
                0x000007b4                RIT_IRQHandler
 .text._ZN9LongTimerC2Ev
                0x000007e0       0x60 ./src/drivers_src/timer.o
                0x000007e0                LongTimer::LongTimer()
                0x000007e0                LongTimer::LongTimer()
 .text._ZN9LongTimer17Start_MillisecondEy
                0x00000840       0xac ./src/drivers_src/timer.o
                0x00000840                LongTimer::Start_Millisecond(unsigned long long)
 .text._ZN9LongTimer9IsExpiredEv
                0x000008ec       0x28 ./src/drivers_src/timer.o
                0x000008ec                LongTimer::IsExpired()
 .text._ZN9LongTimer8InstanceEPFvvE
                0x00000914       0x54 ./src/drivers_src/timer.o
                0x00000914                LongTimer::Instance(void (*)())
 .text.MRT_IRQHandler
                0x00000968       0x48 ./src/drivers_src/timer.o
                0x00000968                MRT_IRQHandler
 .text._ZN8LedTimer17Start_MillisecondEm
                0x000009b0       0x3c ./src/drivers_src/timer.o
                0x000009b0                LedTimer::Start_Millisecond(unsigned long)
 .text._ZN8LedTimerC2Ev
                0x000009ec       0x50 ./src/drivers_src/timer.o
                0x000009ec                LedTimer::LedTimer()
                0x000009ec                LedTimer::LedTimer()
 .text._ZN8LedTimer8InstanceEPFvvE
                0x00000a3c       0x54 ./src/drivers_src/timer.o
                0x00000a3c                LedTimer::Instance(void (*)())
 .text.RingBuffer_IsEmpty
                0x00000a90       0x28 ./src/drivers_src/usart.o
 .text.Chip_UART_SendByte
                0x00000ab8       0x1c ./src/drivers_src/usart.o
 .text.Chip_UART_ReadByte
                0x00000ad4       0x1c ./src/drivers_src/usart.o
 .text.Chip_UART_IntDisable
                0x00000af0       0x1c ./src/drivers_src/usart.o
 .text.Chip_UART_GetIntStatus
                0x00000b0c       0x18 ./src/drivers_src/usart.o
 .text.Chip_UART_GetStatus
                0x00000b24       0x18 ./src/drivers_src/usart.o
 .text._ZN4UARTC2EP11LPC_USART_T
                0x00000b3c       0x90 ./src/drivers_src/usart.o
                0x00000b3c                UART::UART(LPC_USART_T*)
                0x00000b3c                UART::UART(LPC_USART_T*)
 .text._ZN4UART8InstanceE9UART_TYPE
                0x00000bcc       0xe4 ./src/drivers_src/usart.o
                0x00000bcc                UART::Instance(UART_TYPE)
 .text._ZN4UART10Isr_HandleEv
                0x00000cb0       0x58 ./src/drivers_src/usart.o
                0x00000cb0                UART::Isr_Handle()
 .text._ZN4UART14tx_irq_handlerEv
                0x00000d08       0x74 ./src/drivers_src/usart.o
                0x00000d08                UART::tx_irq_handler()
 .text._ZN4UART14rx_irq_handlerEv
                0x00000d7c       0x50 ./src/drivers_src/usart.o
                0x00000d7c                UART::rx_irq_handler()
 .text.UART0_IRQHandler
                0x00000dcc       0x24 ./src/drivers_src/usart.o
                0x00000dcc                UART0_IRQHandler
 .text.UART1_IRQHandler
                0x00000df0       0x24 ./src/drivers_src/usart.o
                0x00000df0                UART1_IRQHandler
 .text.UART2_IRQHandler
                0x00000e14       0x24 ./src/drivers_src/usart.o
                0x00000e14                UART2_IRQHandler
 .text.SystemCoreClockUpdate
                0x00000e38       0x18 ./src/chip_15xx_src/chip_15xx.o
                0x00000e38                SystemCoreClockUpdate
 .text.Chip_Clock_SetMain_A_ClockSource
                0x00000e50       0x20 ./src/chip_15xx_src/clock_15xx.o
 .text.Chip_Clock_GetMain_A_ClockSource
                0x00000e70       0x18 ./src/chip_15xx_src/clock_15xx.o
 .text.Chip_Clock_SetMain_B_ClockSource
                0x00000e88       0x20 ./src/chip_15xx_src/clock_15xx.o
 .text.Chip_Clock_GetMain_B_ClockSource
                0x00000ea8       0x18 ./src/chip_15xx_src/clock_15xx.o
 .text.Chip_Clock_SetUARTFRGDivider
                0x00000ec0       0x20 ./src/chip_15xx_src/clock_15xx.o
 .text.Chip_Clock_GetUARTFRGDivider
                0x00000ee0       0x18 ./src/chip_15xx_src/clock_15xx.o
 .text.Chip_Clock_GetMainOscRate
                0x00000ef8       0x14 ./src/chip_15xx_src/clock_15xx.o
 .text.Chip_Clock_GetIntOscRate
                0x00000f0c       0x10 ./src/chip_15xx_src/clock_15xx.o
 .text.Chip_Clock_GetRTCOscRate
                0x00000f1c       0x14 ./src/chip_15xx_src/clock_15xx.o
 .text.Chip_Clock_GetWDTOSCRate
                0x00000f30       0x14 ./src/chip_15xx_src/clock_15xx.o
 .text.Chip_Clock_GetPLLFreq
                0x00000f44       0x28 ./src/chip_15xx_src/clock_15xx.o
 .text.Chip_Clock_GetPLLInClockRate
                0x00000f6c       0x38 ./src/chip_15xx_src/clock_15xx.o
 .text.Chip_Clock_GetSystemPLLInClockRate
                0x00000fa4       0x1c ./src/chip_15xx_src/clock_15xx.o
                0x00000fa4                Chip_Clock_GetSystemPLLInClockRate
 .text.Chip_Clock_GetSystemPLLOutClockRate
                0x00000fc0       0x24 ./src/chip_15xx_src/clock_15xx.o
                0x00000fc0                Chip_Clock_GetSystemPLLOutClockRate
 .text.Chip_Clock_GetMain_A_ClockRate
                0x00000fe4       0x44 ./src/chip_15xx_src/clock_15xx.o
                0x00000fe4                Chip_Clock_GetMain_A_ClockRate
 .text.Chip_Clock_GetMain_B_ClockRate
                0x00001028       0x58 ./src/chip_15xx_src/clock_15xx.o
                0x00001028                Chip_Clock_GetMain_B_ClockRate
 .text.Chip_Clock_SetMainClockSource
                0x00001080       0x3c ./src/chip_15xx_src/clock_15xx.o
                0x00001080                Chip_Clock_SetMainClockSource
 .text.Chip_Clock_GetMainClockRate
                0x000010bc       0x28 ./src/chip_15xx_src/clock_15xx.o
                0x000010bc                Chip_Clock_GetMainClockRate
 .text.Chip_Clock_EnablePeriphClock
                0x000010e4       0x54 ./src/chip_15xx_src/clock_15xx.o
                0x000010e4                Chip_Clock_EnablePeriphClock
 .text.Chip_Clock_DisablePeriphClock
                0x00001138       0x58 ./src/chip_15xx_src/clock_15xx.o
                0x00001138                Chip_Clock_DisablePeriphClock
 .text.Chip_Clock_GetUARTBaseClockRate
                0x00001190       0x88 ./src/chip_15xx_src/clock_15xx.o
                0x00001190                Chip_Clock_GetUARTBaseClockRate
 .text.Chip_Clock_SetUARTBaseClockRate
                0x00001218       0xa0 ./src/chip_15xx_src/clock_15xx.o
                0x00001218                Chip_Clock_SetUARTBaseClockRate
 .text.Chip_Clock_Set_SYSOSCCTRL
                0x000012b8       0x48 ./src/chip_15xx_src/clock_15xx.o
                0x000012b8                Chip_Clock_Set_SYSOSCCTRL
 .text.Chip_Clock_GetSystemClockRate
                0x00001300       0x1c ./src/chip_15xx_src/clock_15xx.o
                0x00001300                Chip_Clock_GetSystemClockRate
 .text.RingBuffer_IsEmpty
                0x0000131c       0x28 ./src/chip_15xx_src/ring_buffer.o
 .text.RingBuffer_Init
                0x00001344       0x3c ./src/chip_15xx_src/ring_buffer.o
                0x00001344                RingBuffer_Init
 .text.RingBuffer_Pop
                0x00001380       0x5c ./src/chip_15xx_src/ring_buffer.o
                0x00001380                RingBuffer_Pop
 .text.Chip_RIT_SetCTRL
                0x000013dc       0x30 ./src/chip_15xx_src/ritimer_15xx.o
                0x000013dc                Chip_RIT_SetCTRL
 .text.Chip_RIT_ClearCTRL
                0x0000140c       0x3c ./src/chip_15xx_src/ritimer_15xx.o
                0x0000140c                Chip_RIT_ClearCTRL
 .text.Chip_SWM_MovablePinAssign
                0x00001448       0x5c ./src/chip_15xx_src/swm_15xx.o
                0x00001448                Chip_SWM_MovablePinAssign
 .text.Chip_SYSCTL_AssertPeriphReset
                0x000014a4       0x48 ./src/chip_15xx_src/sysctl_15xx.o
                0x000014a4                Chip_SYSCTL_AssertPeriphReset
 .text.Chip_SYSCTL_DeassertPeriphReset
                0x000014ec       0x4c ./src/chip_15xx_src/sysctl_15xx.o
                0x000014ec                Chip_SYSCTL_DeassertPeriphReset
 .text.Chip_SYSCTL_PowerDown
                0x00001538       0x40 ./src/chip_15xx_src/sysctl_15xx.o
                0x00001538                Chip_SYSCTL_PowerDown
 .text.Chip_SYSCTL_PowerUp
                0x00001578       0x40 ./src/chip_15xx_src/sysctl_15xx.o
                0x00001578                Chip_SYSCTL_PowerUp
 .text._ZN15Board_Configure8instanceEv
                0x000015b8       0x68 ./src/board_src/board_configure.o
                0x000015b8                Board_Configure::instance()
 .text._ZN15Board_Configure9ConfigureEv
                0x00001620       0x20 ./src/board_src/board_configure.o
                0x00001620                Board_Configure::Configure()
 .text._ZN15Board_ConfigureC2Ev
                0x00001640       0x20 ./src/board_src/board_configure.o
                0x00001640                Board_Configure::Board_Configure()
                0x00001640                Board_Configure::Board_Configure()
 .text._ZN15Board_ConfigureD2Ev
                0x00001660       0x20 ./src/board_src/board_configure.o
                0x00001660                Board_Configure::~Board_Configure()
                0x00001660                Board_Configure::~Board_Configure()
 .text._ZN15Board_Configure17Get_MainClockRateEv
                0x00001680       0x18 ./src/board_src/board_configure.o
                0x00001680                Board_Configure::Get_MainClockRate()
 .text.Chip_FMC_SetFLASHAccess
                0x00001698       0x38 ./src/board_src/ecu_board.o
 .text.Chip_Clock_SetSystemPLLSource
                0x000016d0       0x20 ./src/board_src/ecu_board.o
 .text.Chip_Clock_SetupSystemPLL
                0x000016f0       0x34 ./src/board_src/ecu_board.o
 .text.Chip_Clock_IsSystemPLLLocked
                0x00001724       0x24 ./src/board_src/ecu_board.o
 .text.Chip_Clock_SetUSBPLLSource
                0x00001748       0x20 ./src/board_src/ecu_board.o
 .text.Chip_Clock_SetupUSBPLL
                0x00001768       0x34 ./src/board_src/ecu_board.o
 .text.Chip_Clock_IsUSBPLLLocked
                0x0000179c       0x24 ./src/board_src/ecu_board.o
 .text.Chip_Clock_SetSCTPLLSource
                0x000017c0       0x20 ./src/board_src/ecu_board.o
 .text.Chip_Clock_SetupSCTPLL
                0x000017e0       0x34 ./src/board_src/ecu_board.o
 .text.Chip_Clock_IsSCTPLLLocked
                0x00001814       0x24 ./src/board_src/ecu_board.o
 .text.Chip_Clock_SetSysClockDiv
                0x00001838       0x20 ./src/board_src/ecu_board.o
 .text.Chip_IOCON_PinMuxSet
                0x00001858       0x2c ./src/board_src/ecu_board.o
 .text.Chip_SWM_MovablePortPinAssign
                0x00001884       0x30 ./src/board_src/ecu_board.o
 .text.Chip_GPIO_SetPinDIROutput
                0x000018b4       0x3c ./src/board_src/ecu_board.o
 .text.Chip_GPIO_SetPinDIRInput
                0x000018f0       0x40 ./src/board_src/ecu_board.o
 .text.Chip_GPIO_SetPinOutHigh
                0x00001930       0x30 ./src/board_src/ecu_board.o
 .text.Chip_GPIO_SetPinOutLow
                0x00001960       0x30 ./src/board_src/ecu_board.o
 .text.Chip_GPIO_SetPinToggle
                0x00001990       0x30 ./src/board_src/ecu_board.o
 .text._Z26Board_Configure_Main_Clockv
                0x000019c0       0x1c ./src/board_src/ecu_board.o
                0x000019c0                Board_Configure_Main_Clock()
 .text._Z27Board_Configure_USART_Clockv
                0x000019dc       0x20 ./src/board_src/ecu_board.o
                0x000019dc                Board_Configure_USART_Clock()
 .text._Z25Board_Configure_CAN_Clockv
                0x000019fc       0x18 ./src/board_src/ecu_board.o
                0x000019fc                Board_Configure_CAN_Clock()
 .text._Z22Board_Setup_System_PLLv
                0x00001a14       0x38 ./src/board_src/ecu_board.o
                0x00001a14                Board_Setup_System_PLL()
 .text._Z19Board_Setup_USB_PLLv
                0x00001a4c       0x38 ./src/board_src/ecu_board.o
                0x00001a4c                Board_Setup_USB_PLL()
 .text._Z19Board_Setup_SCT_PLLv
                0x00001a84       0x38 ./src/board_src/ecu_board.o
                0x00001a84                Board_Setup_SCT_PLL()
 .text._Z29Board_Setup_System_Oscillatorv
                0x00001abc       0x48 ./src/board_src/ecu_board.o
                0x00001abc                Board_Setup_System_Oscillator()
 .text._Z24Board_Enable_PeriphClockv
                0x00001b04       0x68 ./src/board_src/ecu_board.o
                0x00001b04                Board_Enable_PeriphClock()
 .text._Z34Board_Configure_Bluetooth_USART_IOv
                0x00001b6c       0x60 ./src/board_src/ecu_board.o
                0x00001b6c                Board_Configure_Bluetooth_USART_IO()
 .text._Z28Board_Configure_KWP_USART_IOv
                0x00001bcc       0x60 ./src/board_src/ecu_board.o
                0x00001bcc                Board_Configure_KWP_USART_IO()
 .text._Z22Board_Configure_CAN_IOv
                0x00001c2c       0x60 ./src/board_src/ecu_board.o
                0x00001c2c                Board_Configure_CAN_IO()
 .text._Z22Board_Configure_LED_IOv
                0x00001c8c       0x40 ./src/board_src/ecu_board.o
                0x00001c8c                Board_Configure_LED_IO()
 .text._Z18Board_Configure_IOv
                0x00001ccc       0x2c ./src/board_src/ecu_board.o
                0x00001ccc                Board_Configure_IO()
 .text._Z10Board_Initv
                0x00001cf8       0x30 ./src/board_src/ecu_board.o
                0x00001cf8                Board_Init()
 .text._Z12Board_Deinitv
                0x00001d28       0x30 ./src/board_src/ecu_board.o
                0x00001d28                Board_Deinit()
 .text._Z20Board_Lighten_TX_LEDv
                0x00001d58       0x14 ./src/board_src/ecu_board.o
                0x00001d58                Board_Lighten_TX_LED()
 .text._Z20Board_Lighten_RX_LEDv
                0x00001d6c       0x14 ./src/board_src/ecu_board.o
                0x00001d6c                Board_Lighten_RX_LED()
 .text._Z16Board_Off_TX_LEDv
                0x00001d80       0x14 ./src/board_src/ecu_board.o
                0x00001d80                Board_Off_TX_LED()
 .text._Z16Board_Off_RX_LEDv
                0x00001d94       0x14 ./src/board_src/ecu_board.o
                0x00001d94                Board_Off_RX_LED()
 .text._Z19Board_Toggle_TX_LEDv
                0x00001da8       0x14 ./src/board_src/ecu_board.o
                0x00001da8                Board_Toggle_TX_LED()
 .text._Z19Board_Toggle_RX_LEDv
                0x00001dbc       0x14 ./src/board_src/ecu_board.o
                0x00001dbc                Board_Toggle_RX_LED()
 .text._ZdlPv   0x00001dd0       0x18 ./src/cr_cpp_config.o
                0x00001dd0                operator delete(void*)
 .text.__aeabi_atexit
                0x00001de8       0x18 ./src/cr_cpp_config.o
                0x00001de8                __aeabi_atexit
 .text._ZN9__gnu_cxx27__verbose_terminate_handlerEv
                0x00001e00        0x8 ./src/cr_cpp_config.o
                0x00001e00                __gnu_cxx::__verbose_terminate_handler()
 .text.main     0x00001e08       0x9c ./src/ecu_simulator_0_0_1.o
                0x00001e08                main
 .text._Z18LongTimer_Callbackv
                0x00001ea4       0x20 ./src/ecu_simulator_0_0_1.o
                0x00001ea4                LongTimer_Callback()
 .text          0x00001ec4       0x30 c:/nxp/lpcxpresso_8.2.2_650/lpcxpresso/tools/bin/../lib/gcc/arm-none-eabi/5.4.1/armv7-m\libgcc.a(_aeabi_uldivmod.o)
                0x00001ec4                __aeabi_uldivmod
 .text          0x00001ef4      0x2ec c:/nxp/lpcxpresso_8.2.2_650/lpcxpresso/tools/bin/../lib/gcc/arm-none-eabi/5.4.1/armv7-m\libgcc.a(_udivmoddi4.o)
                0x00001ef4                __udivmoddi4
 .text          0x000021e0        0x4 c:/nxp/lpcxpresso_8.2.2_650/lpcxpresso/tools/bin/../lib/gcc/arm-none-eabi/5.4.1/armv7-m\libgcc.a(_dvmd_tls.o)
                0x000021e0                __aeabi_idiv0
                0x000021e0                __aeabi_ldiv0
 .text.__libc_init_array
                0x000021e4       0x50 c:/nxp/lpcxpresso_8.2.2_650/lpcxpresso/tools/bin/../lib/gcc/arm-none-eabi/5.4.1/../../../../arm-none-eabi/lib/armv7-m\libc.a(lib_a-init.o)
                0x000021e4                __libc_init_array
 .text.malloc   0x00002234       0x10 c:/nxp/lpcxpresso_8.2.2_650/lpcxpresso/tools/bin/../lib/gcc/arm-none-eabi/5.4.1/../../../../arm-none-eabi/lib/armv7-m\libc.a(lib_a-malloc.o)
                0x00002234                malloc
 .text.free     0x00002244       0x10 c:/nxp/lpcxpresso_8.2.2_650/lpcxpresso/tools/bin/../lib/gcc/arm-none-eabi/5.4.1/../../../../arm-none-eabi/lib/armv7-m\libc.a(lib_a-malloc.o)
                0x00002244                free
 .text._malloc_r
                0x00002254      0x558 c:/nxp/lpcxpresso_8.2.2_650/lpcxpresso/tools/bin/../lib/gcc/arm-none-eabi/5.4.1/../../../../arm-none-eabi/lib/armv7-m\libc.a(lib_a-mallocr.o)
                0x00002254                _malloc_r
 .text          0x000027ac       0xec c:/nxp/lpcxpresso_8.2.2_650/lpcxpresso/tools/bin/../lib/gcc/arm-none-eabi/5.4.1/../../../../arm-none-eabi/lib/armv7-m\libc.a(lib_a-memcpy.o)
                0x000027ac                memcpy
 .text.__malloc_lock
                0x00002898        0x4 c:/nxp/lpcxpresso_8.2.2_650/lpcxpresso/tools/bin/../lib/gcc/arm-none-eabi/5.4.1/../../../../arm-none-eabi/lib/armv7-m\libc.a(lib_a-mlock.o)
                0x00002898                __malloc_lock
 .text.__malloc_unlock
                0x0000289c        0x4 c:/nxp/lpcxpresso_8.2.2_650/lpcxpresso/tools/bin/../lib/gcc/arm-none-eabi/5.4.1/../../../../arm-none-eabi/lib/armv7-m\libc.a(lib_a-mlock.o)
                0x0000289c                __malloc_unlock
 .text._sbrk_r  0x000028a0       0x24 c:/nxp/lpcxpresso_8.2.2_650/lpcxpresso/tools/bin/../lib/gcc/arm-none-eabi/5.4.1/../../../../arm-none-eabi/lib/armv7-m\libc.a(lib_a-sbrkr.o)
                0x000028a0                _sbrk_r
 .text._malloc_trim_r
                0x000028c4       0x9c c:/nxp/lpcxpresso_8.2.2_650/lpcxpresso/tools/bin/../lib/gcc/arm-none-eabi/5.4.1/../../../../arm-none-eabi/lib/armv7-m\libc.a(lib_a-freer.o)
                0x000028c4                _malloc_trim_r
 .text._free_r  0x00002960      0x1d0 c:/nxp/lpcxpresso_8.2.2_650/lpcxpresso/tools/bin/../lib/gcc/arm-none-eabi/5.4.1/../../../../arm-none-eabi/lib/armv7-m\libc.a(lib_a-freer.o)
                0x00002960                _free_r
 .text.__cxa_guard_acquire
                0x00002b30       0x38 c:/nxp/lpcxpresso_8.2.2_650/lpcxpresso/tools/bin/../lib/gcc/arm-none-eabi/5.4.1/../../../../arm-none-eabi/lib/armv7-m\libstdc++.a(guard.o)
                0x00002b30                __cxa_guard_acquire
 .text.__cxa_guard_release
                0x00002b68        0x8 c:/nxp/lpcxpresso_8.2.2_650/lpcxpresso/tools/bin/../lib/gcc/arm-none-eabi/5.4.1/../../../../arm-none-eabi/lib/armv7-m\libstdc++.a(guard.o)
                0x00002b68                __cxa_guard_release
 .text._ZL23__gxx_exception_cleanup19_Unwind_Reason_CodeP21_Unwind_Control_Block
                0x00002b70       0x44 c:/nxp/lpcxpresso_8.2.2_650/lpcxpresso/tools/bin/../lib/gcc/arm-none-eabi/5.4.1/../../../../arm-none-eabi/lib/armv7-m\libstdc++.a(eh_throw.o)
 .text.__cxa_throw
                0x00002bb4       0x7c c:/nxp/lpcxpresso_8.2.2_650/lpcxpresso/tools/bin/../lib/gcc/arm-none-eabi/5.4.1/../../../../arm-none-eabi/lib/armv7-m\libstdc++.a(eh_throw.o)
                0x00002bb4                __cxa_throw
 .text.__cxa_rethrow
                0x00002c30       0x70 c:/nxp/lpcxpresso_8.2.2_650/lpcxpresso/tools/bin/../lib/gcc/arm-none-eabi/5.4.1/../../../../arm-none-eabi/lib/armv7-m\libstdc++.a(eh_throw.o)
                0x00002c30                __cxa_rethrow
 .text.__cxa_get_globals_fast
                0x00002ca0        0x8 c:/nxp/lpcxpresso_8.2.2_650/lpcxpresso/tools/bin/../lib/gcc/arm-none-eabi/5.4.1/../../../../arm-none-eabi/lib/armv7-m\libstdc++.a(eh_globals.o)
                0x00002ca0                __cxa_get_globals_fast
 .text.__cxa_get_globals
                0x00002ca8        0x8 c:/nxp/lpcxpresso_8.2.2_650/lpcxpresso/tools/bin/../lib/gcc/arm-none-eabi/5.4.1/../../../../arm-none-eabi/lib/armv7-m\libstdc++.a(eh_globals.o)
                0x00002ca8                __cxa_get_globals
 .text._ZN10__cxxabiv111__terminateEPFvvE
                0x00002cb0       0x28 c:/nxp/lpcxpresso_8.2.2_650/lpcxpresso/tools/bin/../lib/gcc/arm-none-eabi/5.4.1/../../../../arm-none-eabi/lib/armv7-m\libstdc++.a(eh_terminate.o)
                0x00002cb0                __cxxabiv1::__terminate(void (*)())
 .text._ZSt9terminatev
                0x00002cd8       0x14 c:/nxp/lpcxpresso_8.2.2_650/lpcxpresso/tools/bin/../lib/gcc/arm-none-eabi/5.4.1/../../../../arm-none-eabi/lib/armv7-m\libstdc++.a(eh_terminate.o)
                0x00002cd8                std::terminate()
 .text._ZN10__cxxabiv112__unexpectedEPFvvE
                0x00002cec        0x8 c:/nxp/lpcxpresso_8.2.2_650/lpcxpresso/tools/bin/../lib/gcc/arm-none-eabi/5.4.1/../../../../arm-none-eabi/lib/armv7-m\libstdc++.a(eh_terminate.o)
                0x00002cec                __cxxabiv1::__unexpected(void (*)())
 .text._ZSt10unexpectedv
                0x00002cf4       0x14 c:/nxp/lpcxpresso_8.2.2_650/lpcxpresso/tools/bin/../lib/gcc/arm-none-eabi/5.4.1/../../../../arm-none-eabi/lib/armv7-m\libstdc++.a(eh_terminate.o)
                0x00002cf4                std::unexpected()
 .text._ZSt13get_terminatev
                0x00002d08       0x10 c:/nxp/lpcxpresso_8.2.2_650/lpcxpresso/tools/bin/../lib/gcc/arm-none-eabi/5.4.1/../../../../arm-none-eabi/lib/armv7-m\libstdc++.a(eh_terminate.o)
                0x00002d08                std::get_terminate()
 .text._ZSt14get_unexpectedv
                0x00002d18       0x10 c:/nxp/lpcxpresso_8.2.2_650/lpcxpresso/tools/bin/../lib/gcc/arm-none-eabi/5.4.1/../../../../arm-none-eabi/lib/armv7-m\libstdc++.a(eh_terminate.o)
                0x00002d18                std::get_unexpected()
 .text._ZN9__gnu_cxx20recursive_init_errorD2Ev
                0x00002d28       0x14 c:/nxp/lpcxpresso_8.2.2_650/lpcxpresso/tools/bin/../lib/gcc/arm-none-eabi/5.4.1/../../../../arm-none-eabi/lib/armv7-m\libstdc++.a(guard_error.o)
                0x00002d28                __gnu_cxx::recursive_init_error::~recursive_init_error()
                0x00002d28                __gnu_cxx::recursive_init_error::~recursive_init_error()
 .text._ZN9__gnu_cxx20recursive_init_errorD0Ev
                0x00002d3c       0x1c c:/nxp/lpcxpresso_8.2.2_650/lpcxpresso/tools/bin/../lib/gcc/arm-none-eabi/5.4.1/../../../../arm-none-eabi/lib/armv7-m\libstdc++.a(guard_error.o)
                0x00002d3c                __gnu_cxx::recursive_init_error::~recursive_init_error()
 .text._ZN12_GLOBAL__N_14pool4freeEPv.constprop.4
                0x00002d58       0x7c c:/nxp/lpcxpresso_8.2.2_650/lpcxpresso/tools/bin/../lib/gcc/arm-none-eabi/5.4.1/../../../../arm-none-eabi/lib/armv7-m\libstdc++.a(eh_alloc.o)
 .text._ZN12_GLOBAL__N_14pool8allocateEj.constprop.5
                0x00002dd4       0x64 c:/nxp/lpcxpresso_8.2.2_650/lpcxpresso/tools/bin/../lib/gcc/arm-none-eabi/5.4.1/../../../../arm-none-eabi/lib/armv7-m\libstdc++.a(eh_alloc.o)
 .text.__cxa_allocate_exception
                0x00002e38       0x30 c:/nxp/lpcxpresso_8.2.2_650/lpcxpresso/tools/bin/../lib/gcc/arm-none-eabi/5.4.1/../../../../arm-none-eabi/lib/armv7-m\libstdc++.a(eh_alloc.o)
                0x00002e38                __cxa_allocate_exception
 .text.__cxa_free_exception
                0x00002e68       0x20 c:/nxp/lpcxpresso_8.2.2_650/lpcxpresso/tools/bin/../lib/gcc/arm-none-eabi/5.4.1/../../../../arm-none-eabi/lib/armv7-m\libstdc++.a(eh_alloc.o)
                0x00002e68                __cxa_free_exception
 .text.startup._GLOBAL__sub_I___cxa_allocate_exception
                0x00002e88       0x28 c:/nxp/lpcxpresso_8.2.2_650/lpcxpresso/tools/bin/../lib/gcc/arm-none-eabi/5.4.1/../../../../arm-none-eabi/lib/armv7-m\libstdc++.a(eh_alloc.o)
 .text.__cxa_end_cleanup
                0x00002eb0        0xc c:/nxp/lpcxpresso_8.2.2_650/lpcxpresso/tools/bin/../lib/gcc/arm-none-eabi/5.4.1/../../../../arm-none-eabi/lib/armv7-m\libstdc++.a(eh_arm.o)
                0x00002eb0                __cxa_end_cleanup
 .text.__cxa_type_match
                0x00002ebc       0xb0 c:/nxp/lpcxpresso_8.2.2_650/lpcxpresso/tools/bin/../lib/gcc/arm-none-eabi/5.4.1/../../../../arm-none-eabi/lib/armv7-m\libstdc++.a(eh_arm.o)
                0x00002ebc                __cxa_type_match
 .text.__cxa_begin_cleanup
                0x00002f6c       0x64 c:/nxp/lpcxpresso_8.2.2_650/lpcxpresso/tools/bin/../lib/gcc/arm-none-eabi/5.4.1/../../../../arm-none-eabi/lib/armv7-m\libstdc++.a(eh_arm.o)
                0x00002f6c                __cxa_begin_cleanup
 .text.__gnu_end_cleanup
                0x00002fd0       0x70 c:/nxp/lpcxpresso_8.2.2_650/lpcxpresso/tools/bin/../lib/gcc/arm-none-eabi/5.4.1/../../../../arm-none-eabi/lib/armv7-m\libstdc++.a(eh_arm.o)
                0x00002fd0                __gnu_end_cleanup
 .text._ZN10__cxxabiv1L24__is_gxx_exception_classEPc
                0x00003040       0x3c c:/nxp/lpcxpresso_8.2.2_650/lpcxpresso/tools/bin/../lib/gcc/arm-none-eabi/5.4.1/../../../../arm-none-eabi/lib/armv7-m\libstdc++.a(eh_call.o)
 .text.__cxa_call_terminate
                0x0000307c       0x20 c:/nxp/lpcxpresso_8.2.2_650/lpcxpresso/tools/bin/../lib/gcc/arm-none-eabi/5.4.1/../../../../arm-none-eabi/lib/armv7-m\libstdc++.a(eh_call.o)
                0x0000307c                __cxa_call_terminate
 .text.__cxa_call_unexpected
                0x0000309c       0xec c:/nxp/lpcxpresso_8.2.2_650/lpcxpresso/tools/bin/../lib/gcc/arm-none-eabi/5.4.1/../../../../arm-none-eabi/lib/armv7-m\libstdc++.a(eh_call.o)
                0x0000309c                __cxa_call_unexpected
 .text.__cxa_begin_catch
                0x00003188       0x8c c:/nxp/lpcxpresso_8.2.2_650/lpcxpresso/tools/bin/../lib/gcc/arm-none-eabi/5.4.1/../../../../arm-none-eabi/lib/armv7-m\libstdc++.a(eh_catch.o)
                0x00003188                __cxa_begin_catch
 .text.__cxa_end_catch
                0x00003214       0x8c c:/nxp/lpcxpresso_8.2.2_650/lpcxpresso/tools/bin/../lib/gcc/arm-none-eabi/5.4.1/../../../../arm-none-eabi/lib/armv7-m\libstdc++.a(eh_catch.o)
                0x00003214                __cxa_end_catch
 .text._ZN10__cxxabiv120__si_class_type_infoD2Ev
                0x000032a0       0x14 c:/nxp/lpcxpresso_8.2.2_650/lpcxpresso/tools/bin/../lib/gcc/arm-none-eabi/5.4.1/../../../../arm-none-eabi/lib/armv7-m\libstdc++.a(si_class_type_info.o)
                0x000032a0                __cxxabiv1::__si_class_type_info::~__si_class_type_info()
                0x000032a0                __cxxabiv1::__si_class_type_info::~__si_class_type_info()
 .text._ZN10__cxxabiv120__si_class_type_infoD0Ev
                0x000032b4       0x1c c:/nxp/lpcxpresso_8.2.2_650/lpcxpresso/tools/bin/../lib/gcc/arm-none-eabi/5.4.1/../../../../arm-none-eabi/lib/armv7-m\libstdc++.a(si_class_type_info.o)
                0x000032b4                __cxxabiv1::__si_class_type_info::~__si_class_type_info()
 .text._ZNK10__cxxabiv120__si_class_type_info12__do_dyncastEiNS_17__class_type_info10__sub_kindEPKS1_PKvS4_S6_RNS1_16__dyncast_resultE
                0x000032d0       0x98 c:/nxp/lpcxpresso_8.2.2_650/lpcxpresso/tools/bin/../lib/gcc/arm-none-eabi/5.4.1/../../../../arm-none-eabi/lib/armv7-m\libstdc++.a(si_class_type_info.o)
                0x000032d0                __cxxabiv1::__si_class_type_info::__do_dyncast(int, __cxxabiv1::__class_type_info::__sub_kind, __cxxabiv1::__class_type_info const*, void const*, __cxxabiv1::__class_type_info const*, void const*, __cxxabiv1::__class_type_info::__dyncast_result&) const
 .text._ZNK10__cxxabiv120__si_class_type_info20__do_find_public_srcEiPKvPKNS_17__class_type_infoES2_
                0x00003368       0x3c c:/nxp/lpcxpresso_8.2.2_650/lpcxpresso/tools/bin/../lib/gcc/arm-none-eabi/5.4.1/../../../../arm-none-eabi/lib/armv7-m\libstdc++.a(si_class_type_info.o)
                0x00003368                __cxxabiv1::__si_class_type_info::__do_find_public_src(int, void const*, __cxxabiv1::__class_type_info const*, void const*) const
 .text._ZNK10__cxxabiv120__si_class_type_info11__do_upcastEPKNS_17__class_type_infoEPKvRNS1_15__upcast_resultE
                0x000033a4       0x2c c:/nxp/lpcxpresso_8.2.2_650/lpcxpresso/tools/bin/../lib/gcc/arm-none-eabi/5.4.1/../../../../arm-none-eabi/lib/armv7-m\libstdc++.a(si_class_type_info.o)
                0x000033a4                __cxxabiv1::__si_class_type_info::__do_upcast(__cxxabiv1::__class_type_info const*, void const*, __cxxabiv1::__class_type_info::__upcast_result&) const
 .text._ZL28read_encoded_value_with_basehjPKhPj
                0x000033d0       0xc0 c:/nxp/lpcxpresso_8.2.2_650/lpcxpresso/tools/bin/../lib/gcc/arm-none-eabi/5.4.1/../../../../arm-none-eabi/lib/armv7-m\libstdc++.a(eh_personality.o)
 .text._ZL21base_of_encoded_valuehP15_Unwind_Context
                0x00003490       0x4c c:/nxp/lpcxpresso_8.2.2_650/lpcxpresso/tools/bin/../lib/gcc/arm-none-eabi/5.4.1/../../../../arm-none-eabi/lib/armv7-m\libstdc++.a(eh_personality.o)
 .text._ZL17parse_lsda_headerP15_Unwind_ContextPKhP16lsda_header_info
                0x000034dc       0x94 c:/nxp/lpcxpresso_8.2.2_650/lpcxpresso/tools/bin/../lib/gcc/arm-none-eabi/5.4.1/../../../../arm-none-eabi/lib/armv7-m\libstdc++.a(eh_personality.o)
 .text.__gxx_personality_v0
                0x00003570      0x4b0 c:/nxp/lpcxpresso_8.2.2_650/lpcxpresso/tools/bin/../lib/gcc/arm-none-eabi/5.4.1/../../../../arm-none-eabi/lib/armv7-m\libstdc++.a(eh_personality.o)
                0x00003570                __gxx_personality_v0
 .text._ZNSt9exceptionD2Ev
                0x00003a20        0x4 c:/nxp/lpcxpresso_8.2.2_650/lpcxpresso/tools/bin/../lib/gcc/arm-none-eabi/5.4.1/../../../../arm-none-eabi/lib/armv7-m\libstdc++.a(eh_exception.o)
                0x00003a20                std::exception::~exception()
                0x00003a20                std::exception::~exception()
 .text._ZNSt13bad_exceptionD2Ev
                0x00003a24        0x4 c:/nxp/lpcxpresso_8.2.2_650/lpcxpresso/tools/bin/../lib/gcc/arm-none-eabi/5.4.1/../../../../arm-none-eabi/lib/armv7-m\libstdc++.a(eh_exception.o)
                0x00003a24                std::bad_exception::~bad_exception()
                0x00003a24                std::bad_exception::~bad_exception()
 .text._ZNKSt9exception4whatEv
                0x00003a28        0x8 c:/nxp/lpcxpresso_8.2.2_650/lpcxpresso/tools/bin/../lib/gcc/arm-none-eabi/5.4.1/../../../../arm-none-eabi/lib/armv7-m\libstdc++.a(eh_exception.o)
                0x00003a28                std::exception::what() const
 .text._ZNKSt13bad_exception4whatEv
                0x00003a30        0x8 c:/nxp/lpcxpresso_8.2.2_650/lpcxpresso/tools/bin/../lib/gcc/arm-none-eabi/5.4.1/../../../../arm-none-eabi/lib/armv7-m\libstdc++.a(eh_exception.o)
                0x00003a30                std::bad_exception::what() const
 .text._ZNSt13bad_exceptionD0Ev
                0x00003a38        0xc c:/nxp/lpcxpresso_8.2.2_650/lpcxpresso/tools/bin/../lib/gcc/arm-none-eabi/5.4.1/../../../../arm-none-eabi/lib/armv7-m\libstdc++.a(eh_exception.o)
                0x00003a38                std::bad_exception::~bad_exception()
 .text._ZNSt9type_infoD2Ev
                0x00003a44        0x4 c:/nxp/lpcxpresso_8.2.2_650/lpcxpresso/tools/bin/../lib/gcc/arm-none-eabi/5.4.1/../../../../arm-none-eabi/lib/armv7-m\libstdc++.a(tinfo.o)
                0x00003a44                std::type_info::~type_info()
                0x00003a44                std::type_info::~type_info()
 .text._ZNKSt9type_info15__is_function_pEv
                0x00003a48        0x4 c:/nxp/lpcxpresso_8.2.2_650/lpcxpresso/tools/bin/../lib/gcc/arm-none-eabi/5.4.1/../../../../arm-none-eabi/lib/armv7-m\libstdc++.a(tinfo.o)
                0x00003a48                std::type_info::__is_pointer_p() const
                0x00003a48                std::type_info::__is_function_p() const
 .text._ZNKSt9type_infoeqERKS_
                0x00003a4c       0x2c c:/nxp/lpcxpresso_8.2.2_650/lpcxpresso/tools/bin/../lib/gcc/arm-none-eabi/5.4.1/../../../../arm-none-eabi/lib/armv7-m\libstdc++.a(tinfo.o)
                0x00003a4c                std::type_info::operator==(std::type_info const&) const
 .text._ZNK10__cxxabiv117__class_type_info11__do_upcastEPKS0_PPv
                0x00003a78       0x38 c:/nxp/lpcxpresso_8.2.2_650/lpcxpresso/tools/bin/../lib/gcc/arm-none-eabi/5.4.1/../../../../arm-none-eabi/lib/armv7-m\libstdc++.a(class_type_info.o)
                0x00003a78                __cxxabiv1::__class_type_info::__do_upcast(__cxxabiv1::__class_type_info const*, void**) const
 .text._ZNK10__cxxabiv117__class_type_info20__do_find_public_srcEiPKvPKS0_S2_
                0x00003ab0        0xc c:/nxp/lpcxpresso_8.2.2_650/lpcxpresso/tools/bin/../lib/gcc/arm-none-eabi/5.4.1/../../../../arm-none-eabi/lib/armv7-m\libstdc++.a(class_type_info.o)
                0x00003ab0                __cxxabiv1::__class_type_info::__do_find_public_src(int, void const*, __cxxabiv1::__class_type_info const*, void const*) const
 .text._ZN10__cxxabiv117__class_type_infoD2Ev
                0x00003abc       0x14 c:/nxp/lpcxpresso_8.2.2_650/lpcxpresso/tools/bin/../lib/gcc/arm-none-eabi/5.4.1/../../../../arm-none-eabi/lib/armv7-m\libstdc++.a(class_type_info.o)
                0x00003abc                __cxxabiv1::__class_type_info::~__class_type_info()
                0x00003abc                __cxxabiv1::__class_type_info::~__class_type_info()
 .text._ZN10__cxxabiv117__class_type_infoD0Ev
                0x00003ad0       0x1c c:/nxp/lpcxpresso_8.2.2_650/lpcxpresso/tools/bin/../lib/gcc/arm-none-eabi/5.4.1/../../../../arm-none-eabi/lib/armv7-m\libstdc++.a(class_type_info.o)
                0x00003ad0                __cxxabiv1::__class_type_info::~__class_type_info()
 .text._ZNK10__cxxabiv117__class_type_info11__do_upcastEPKS0_PKvRNS0_15__upcast_resultE
                0x00003aec       0x18 c:/nxp/lpcxpresso_8.2.2_650/lpcxpresso/tools/bin/../lib/gcc/arm-none-eabi/5.4.1/../../../../arm-none-eabi/lib/armv7-m\libstdc++.a(class_type_info.o)
                0x00003aec                __cxxabiv1::__class_type_info::__do_upcast(__cxxabiv1::__class_type_info const*, void const*, __cxxabiv1::__class_type_info::__upcast_result&) const
 .text._ZNK10__cxxabiv117__class_type_info12__do_dyncastEiNS0_10__sub_kindEPKS0_PKvS3_S5_RNS0_16__dyncast_resultE
                0x00003b04       0x40 c:/nxp/lpcxpresso_8.2.2_650/lpcxpresso/tools/bin/../lib/gcc/arm-none-eabi/5.4.1/../../../../arm-none-eabi/lib/armv7-m\libstdc++.a(class_type_info.o)
                0x00003b04                __cxxabiv1::__class_type_info::__do_dyncast(int, __cxxabiv1::__class_type_info::__sub_kind, __cxxabiv1::__class_type_info const*, void const*, __cxxabiv1::__class_type_info const*, void const*, __cxxabiv1::__class_type_info::__dyncast_result&) const
 .text._ZNK10__cxxabiv117__class_type_info10__do_catchEPKSt9type_infoPPvj
                0x00003b44       0x2c c:/nxp/lpcxpresso_8.2.2_650/lpcxpresso/tools/bin/../lib/gcc/arm-none-eabi/5.4.1/../../../../arm-none-eabi/lib/armv7-m\libstdc++.a(class_type_info.o)
                0x00003b44                __cxxabiv1::__class_type_info::__do_catch(std::type_info const*, void**, unsigned int) const
 .text._sbrk    0x00003b70       0x3c c:/nxp/lpcxpresso_8.2.2_650/lpcxpresso/tools/bin/../lib/gcc/arm-none-eabi/5.4.1/../../../../arm-none-eabi/lib/armv7-m\libcr_newlib_nohost.a(_cr_sbrk.o)
                0x00003b70                _sbrk
 .text.abort    0x00003bac        0x2 c:/nxp/lpcxpresso_8.2.2_650/lpcxpresso/tools/bin/../lib/gcc/arm-none-eabi/5.4.1/../../../../arm-none-eabi/lib/armv7-m\libcr_newlib_nohost.a(cr_abort.o)
                0x00003bac                abort
 *fill*         0x00003bae        0x2 ff
 .text.__check_heap_overflow
                0x00003bb0       0x18 c:/nxp/lpcxpresso_8.2.2_650/lpcxpresso/tools/bin/../lib/gcc/arm-none-eabi/5.4.1/../../../../arm-none-eabi/lib/armv7-m\libcr_newlib_nohost.a(_cr_check_heap.o)
                0x00003bb0                __check_heap_overflow
 .text          0x00003bc8       0x5c c:/nxp/lpcxpresso_8.2.2_650/lpcxpresso/tools/bin/../lib/gcc/arm-none-eabi/5.4.1/armv7-m\crtbegin.o
 .text          0x00003c24      0x9e4 c:/nxp/lpcxpresso_8.2.2_650/lpcxpresso/tools/bin/../lib/gcc/arm-none-eabi/5.4.1/armv7-m\libgcc.a(unwind-arm.o)
                0x00003ee4                _Unwind_GetCFA
                0x00003ee8                __gnu_Unwind_RaiseException
                0x00003f48                __gnu_Unwind_ForcedUnwind
                0x00003f5c                __gnu_Unwind_Resume
                0x00003fa0                __gnu_Unwind_Resume_or_Rethrow
                0x00003fb4                _Unwind_Complete
                0x00003fb8                _Unwind_DeleteException
                0x00003fc4                _Unwind_VRS_Get
                0x00004010                _Unwind_VRS_Set
                0x00004060                __gnu_Unwind_Backtrace
                0x000043ac                __aeabi_unwind_cpp_pr0
                0x000043b0                __aeabi_unwind_cpp_pr1
                0x000043b4                __aeabi_unwind_cpp_pr2
                0x000043b8                _Unwind_VRS_Pop
 .text          0x00004608      0x1ac c:/nxp/lpcxpresso_8.2.2_650/lpcxpresso/tools/bin/../lib/gcc/arm-none-eabi/5.4.1/armv7-m\libgcc.a(libunwind.o)
                0x00004608                __restore_core_regs
                0x00004608                restore_core_regs
                0x00004620                __gnu_Unwind_Restore_VFP
                0x00004628                __gnu_Unwind_Save_VFP
                0x00004630                __gnu_Unwind_Restore_VFP_D
                0x00004638                __gnu_Unwind_Save_VFP_D
                0x00004640                __gnu_Unwind_Restore_VFP_D_16_to_31
                0x00004648                __gnu_Unwind_Save_VFP_D_16_to_31
                0x00004650                __gnu_Unwind_Restore_WMMXD
                0x00004694                __gnu_Unwind_Save_WMMXD
                0x000046d8                __gnu_Unwind_Restore_WMMXC
                0x000046ec                __gnu_Unwind_Save_WMMXC
                0x00004700                ___Unwind_RaiseException
                0x00004700                _Unwind_RaiseException
                0x00004724                _Unwind_Resume
                0x00004724                ___Unwind_Resume
                0x00004748                _Unwind_Resume_or_Rethrow
                0x00004748                ___Unwind_Resume_or_Rethrow
                0x0000476c                _Unwind_ForcedUnwind
                0x0000476c                ___Unwind_ForcedUnwind
                0x00004790                ___Unwind_Backtrace
                0x00004790                _Unwind_Backtrace
 .text          0x000047b4      0x354 c:/nxp/lpcxpresso_8.2.2_650/lpcxpresso/tools/bin/../lib/gcc/arm-none-eabi/5.4.1/armv7-m\libgcc.a(pr-support.o)
                0x0000480c                __gnu_unwind_execute
                0x00004ab0                __gnu_unwind_frame
                0x00004ad8                _Unwind_GetRegionStart
                0x00004ae4                _Unwind_GetLanguageSpecificData
                0x00004af8                _Unwind_GetTextRelBase
                0x00004b00                _Unwind_GetDataRelBase
 .text.__errno  0x00004b08        0xc c:/nxp/lpcxpresso_8.2.2_650/lpcxpresso/tools/bin/../lib/gcc/arm-none-eabi/5.4.1/../../../../arm-none-eabi/lib/armv7-m\libc.a(lib_a-errno.o)
                0x00004b08                __errno
 .text.memset   0x00004b14       0x9c c:/nxp/lpcxpresso_8.2.2_650/lpcxpresso/tools/bin/../lib/gcc/arm-none-eabi/5.4.1/../../../../arm-none-eabi/lib/armv7-m\libc.a(lib_a-memset.o)
                0x00004b14                memset
 .text          0x00004bb0      0x1bc c:/nxp/lpcxpresso_8.2.2_650/lpcxpresso/tools/bin/../lib/gcc/arm-none-eabi/5.4.1/../../../../arm-none-eabi/lib/armv7-m\libc.a(lib_a-strcmp.o)
                0x00004bb0                strcmp
 *(.rodata .rodata.* .constdata .constdata.*)
 .rodata.OscRateIn
                0x00004d6c        0x4 ./src/board_src/ecu_board.o
                0x00004d6c                OscRateIn
 .rodata.RTCOscRateIn
                0x00004d70        0x4 ./src/board_src/ecu_board.o
                0x00004d70                RTCOscRateIn
 .rodata.str1.4
                0x00004d74        0x2 c:/nxp/lpcxpresso_8.2.2_650/lpcxpresso/tools/bin/../lib/gcc/arm-none-eabi/5.4.1/../../../../arm-none-eabi/lib/armv7-m\libc.a(lib_a-impure.o)
 *fill*         0x00004d76        0x2 ff
 .rodata._ZTIN9__gnu_cxx20recursive_init_errorE
                0x00004d78        0xc c:/nxp/lpcxpresso_8.2.2_650/lpcxpresso/tools/bin/../lib/gcc/arm-none-eabi/5.4.1/../../../../arm-none-eabi/lib/armv7-m\libstdc++.a(guard_error.o)
                0x00004d78                typeinfo for __gnu_cxx::recursive_init_error
 .rodata._ZTSN9__gnu_cxx20recursive_init_errorE
                0x00004d84       0x23 c:/nxp/lpcxpresso_8.2.2_650/lpcxpresso/tools/bin/../lib/gcc/arm-none-eabi/5.4.1/../../../../arm-none-eabi/lib/armv7-m\libstdc++.a(guard_error.o)
                0x00004d84                typeinfo name for __gnu_cxx::recursive_init_error
 *fill*         0x00004da7        0x1 ff
 .rodata._ZTVN9__gnu_cxx20recursive_init_errorE
                0x00004da8       0x14 c:/nxp/lpcxpresso_8.2.2_650/lpcxpresso/tools/bin/../lib/gcc/arm-none-eabi/5.4.1/../../../../arm-none-eabi/lib/armv7-m\libstdc++.a(guard_error.o)
                0x00004da8                vtable for __gnu_cxx::recursive_init_error
 .rodata._ZTVN10__cxxabiv120__si_class_type_infoE
                0x00004dbc       0x2c c:/nxp/lpcxpresso_8.2.2_650/lpcxpresso/tools/bin/../lib/gcc/arm-none-eabi/5.4.1/../../../../arm-none-eabi/lib/armv7-m\libstdc++.a(si_class_type_info.o)
                0x00004dbc                vtable for __cxxabiv1::__si_class_type_info
 .rodata._ZTIN10__cxxabiv120__si_class_type_infoE
                0x00004de8        0xc c:/nxp/lpcxpresso_8.2.2_650/lpcxpresso/tools/bin/../lib/gcc/arm-none-eabi/5.4.1/../../../../arm-none-eabi/lib/armv7-m\libstdc++.a(si_class_type_info.o)
                0x00004de8                typeinfo for __cxxabiv1::__si_class_type_info
 .rodata._ZTSN10__cxxabiv120__si_class_type_infoE
                0x00004df4       0x25 c:/nxp/lpcxpresso_8.2.2_650/lpcxpresso/tools/bin/../lib/gcc/arm-none-eabi/5.4.1/../../../../arm-none-eabi/lib/armv7-m\libstdc++.a(si_class_type_info.o)
                0x00004df4                typeinfo name for __cxxabiv1::__si_class_type_info
 *fill*         0x00004e19        0x3 ff
 .rodata._ZTSN10__cxxabiv115__forced_unwindE
                0x00004e1c       0x20 c:/nxp/lpcxpresso_8.2.2_650/lpcxpresso/tools/bin/../lib/gcc/arm-none-eabi/5.4.1/../../../../arm-none-eabi/lib/armv7-m\libstdc++.a(eh_exception.o)
                0x00004e1c                typeinfo name for __cxxabiv1::__forced_unwind
 .rodata._ZTIN10__cxxabiv115__forced_unwindE
                0x00004e3c        0x8 c:/nxp/lpcxpresso_8.2.2_650/lpcxpresso/tools/bin/../lib/gcc/arm-none-eabi/5.4.1/../../../../arm-none-eabi/lib/armv7-m\libstdc++.a(eh_exception.o)
                0x00004e3c                typeinfo for __cxxabiv1::__forced_unwind
 .rodata._ZTISt9exception
                0x00004e44        0x8 c:/nxp/lpcxpresso_8.2.2_650/lpcxpresso/tools/bin/../lib/gcc/arm-none-eabi/5.4.1/../../../../arm-none-eabi/lib/armv7-m\libstdc++.a(eh_exception.o)
                0x00004e44                typeinfo for std::exception
 .rodata._ZTSN10__cxxabiv119__foreign_exceptionE
                0x00004e4c       0x24 c:/nxp/lpcxpresso_8.2.2_650/lpcxpresso/tools/bin/../lib/gcc/arm-none-eabi/5.4.1/../../../../arm-none-eabi/lib/armv7-m\libstdc++.a(eh_exception.o)
                0x00004e4c                typeinfo name for __cxxabiv1::__foreign_exception
 .rodata.str1.4
                0x00004e70       0x24 c:/nxp/lpcxpresso_8.2.2_650/lpcxpresso/tools/bin/../lib/gcc/arm-none-eabi/5.4.1/../../../../arm-none-eabi/lib/armv7-m\libstdc++.a(eh_exception.o)
                                 0x23 (size before relaxing)
 .rodata._ZTIN10__cxxabiv119__foreign_exceptionE
                0x00004e94        0x8 c:/nxp/lpcxpresso_8.2.2_650/lpcxpresso/tools/bin/../lib/gcc/arm-none-eabi/5.4.1/../../../../arm-none-eabi/lib/armv7-m\libstdc++.a(eh_exception.o)
                0x00004e94                typeinfo for __cxxabiv1::__foreign_exception
 .rodata._ZTVSt13bad_exception
                0x00004e9c       0x14 c:/nxp/lpcxpresso_8.2.2_650/lpcxpresso/tools/bin/../lib/gcc/arm-none-eabi/5.4.1/../../../../arm-none-eabi/lib/armv7-m\libstdc++.a(eh_exception.o)
                0x00004e9c                vtable for std::bad_exception
 .rodata._ZTSSt9exception
                0x00004eb0        0xd c:/nxp/lpcxpresso_8.2.2_650/lpcxpresso/tools/bin/../lib/gcc/arm-none-eabi/5.4.1/../../../../arm-none-eabi/lib/armv7-m\libstdc++.a(eh_exception.o)
                0x00004eb0                typeinfo name for std::exception
 *fill*         0x00004ebd        0x3 ff
 .rodata._ZTSSt13bad_exception
                0x00004ec0       0x12 c:/nxp/lpcxpresso_8.2.2_650/lpcxpresso/tools/bin/../lib/gcc/arm-none-eabi/5.4.1/../../../../arm-none-eabi/lib/armv7-m\libstdc++.a(eh_exception.o)
                0x00004ec0                typeinfo name for std::bad_exception
 *fill*         0x00004ed2        0x2 ff
 .rodata._ZTISt13bad_exception
                0x00004ed4        0xc c:/nxp/lpcxpresso_8.2.2_650/lpcxpresso/tools/bin/../lib/gcc/arm-none-eabi/5.4.1/../../../../arm-none-eabi/lib/armv7-m\libstdc++.a(eh_exception.o)
                0x00004ed4                typeinfo for std::bad_exception
 .rodata._ZTISt9type_info
                0x00004ee0        0x8 c:/nxp/lpcxpresso_8.2.2_650/lpcxpresso/tools/bin/../lib/gcc/arm-none-eabi/5.4.1/../../../../arm-none-eabi/lib/armv7-m\libstdc++.a(tinfo.o)
                0x00004ee0                typeinfo for std::type_info
 .rodata._ZTSSt9type_info
                0x00004ee8        0xd c:/nxp/lpcxpresso_8.2.2_650/lpcxpresso/tools/bin/../lib/gcc/arm-none-eabi/5.4.1/../../../../arm-none-eabi/lib/armv7-m\libstdc++.a(tinfo.o)
                0x00004ee8                typeinfo name for std::type_info
 *fill*         0x00004ef5        0x3 ff
 .rodata._ZTVN10__cxxabiv117__class_type_infoE
                0x00004ef8       0x2c c:/nxp/lpcxpresso_8.2.2_650/lpcxpresso/tools/bin/../lib/gcc/arm-none-eabi/5.4.1/../../../../arm-none-eabi/lib/armv7-m\libstdc++.a(class_type_info.o)
                0x00004ef8                vtable for __cxxabiv1::__class_type_info
 .rodata._ZTIN10__cxxabiv117__class_type_infoE
                0x00004f24        0xc c:/nxp/lpcxpresso_8.2.2_650/lpcxpresso/tools/bin/../lib/gcc/arm-none-eabi/5.4.1/../../../../arm-none-eabi/lib/armv7-m\libstdc++.a(class_type_info.o)
                0x00004f24                typeinfo for __cxxabiv1::__class_type_info
 .rodata._ZTSN10__cxxabiv117__class_type_infoE
                0x00004f30       0x22 c:/nxp/lpcxpresso_8.2.2_650/lpcxpresso/tools/bin/../lib/gcc/arm-none-eabi/5.4.1/../../../../arm-none-eabi/lib/armv7-m\libstdc++.a(class_type_info.o)
                0x00004f30                typeinfo name for __cxxabiv1::__class_type_info
                0x00004f54                . = ALIGN (0x4)
 *fill*         0x00004f52        0x2 ff
                0x00004f54                . = ALIGN (0x4)
 *(.init)
 .init          0x00004f54        0x4 c:/nxp/lpcxpresso_8.2.2_650/lpcxpresso/tools/bin/../lib/gcc/arm-none-eabi/5.4.1/armv7-m\crti.o
                0x00004f54                _init
 .init          0x00004f58        0x8 c:/nxp/lpcxpresso_8.2.2_650/lpcxpresso/tools/bin/../lib/gcc/arm-none-eabi/5.4.1/armv7-m\crtn.o
                0x00004f60                . = ALIGN (0x4)
                0x00004f60                __preinit_array_start = .
 *(.preinit_array)
                0x00004f60                __preinit_array_end = .
                0x00004f60                . = ALIGN (0x4)
                0x00004f60                __init_array_start = .
 *(SORT(.init_array.*))
 *(.init_array)
 .init_array    0x00004f60        0x4 c:/nxp/lpcxpresso_8.2.2_650/lpcxpresso/tools/bin/../lib/gcc/arm-none-eabi/5.4.1/../../../../arm-none-eabi/lib/armv7-m\libstdc++.a(eh_alloc.o)
 .init_array    0x00004f64        0x4 c:/nxp/lpcxpresso_8.2.2_650/lpcxpresso/tools/bin/../lib/gcc/arm-none-eabi/5.4.1/armv7-m\crtbegin.o
                0x00004f68                __init_array_end = .
 *(.fini)
 .fini          0x00004f68        0x4 c:/nxp/lpcxpresso_8.2.2_650/lpcxpresso/tools/bin/../lib/gcc/arm-none-eabi/5.4.1/armv7-m\crti.o
                0x00004f68                _fini
 .fini          0x00004f6c        0x8 c:/nxp/lpcxpresso_8.2.2_650/lpcxpresso/tools/bin/../lib/gcc/arm-none-eabi/5.4.1/armv7-m\crtn.o
                0x00004f74                . = ALIGN (0x4)
 *crtbegin.o(.ctors)
 *(EXCLUDE_FILE(*crtend.o) .ctors)
 *(SORT(.ctors.*))
 *crtend.o(.ctors)
                0x00004f74                . = ALIGN (0x4)
 *crtbegin.o(.dtors)
 *(EXCLUDE_FILE(*crtend.o) .dtors)
 *(SORT(.dtors.*))
 *crtend.o(.dtors)
                0x00004f74                . = ALIGN (0x4)

.glue_7         0x00004f74        0x0
 .glue_7        0x00004f74        0x0 linker stubs

.glue_7t        0x00004f74        0x0
 .glue_7t       0x00004f74        0x0 linker stubs

.vfp11_veneer   0x00004f74        0x0
 .vfp11_veneer  0x00004f74        0x0 linker stubs

.v4_bx          0x00004f74        0x0
 .v4_bx         0x00004f74        0x0 linker stubs

.iplt           0x00004f74        0x0
 .iplt          0x00004f74        0x0 ./src/drivers_src/can_controllor.o

.ARM.extab      0x00004f74       0xe0
 *(.ARM.extab* .gnu.linkonce.armextab.*)
 .ARM.extab.text.__cxa_guard_acquire
                0x00004f74        0xc c:/nxp/lpcxpresso_8.2.2_650/lpcxpresso/tools/bin/../lib/gcc/arm-none-eabi/5.4.1/../../../../arm-none-eabi/lib/armv7-m\libstdc++.a(guard.o)
 .ARM.extab.text._ZN10__cxxabiv111__terminateEPFvvE
                0x00004f80       0x2c c:/nxp/lpcxpresso_8.2.2_650/lpcxpresso/tools/bin/../lib/gcc/arm-none-eabi/5.4.1/../../../../arm-none-eabi/lib/armv7-m\libstdc++.a(eh_terminate.o)
 .ARM.extab.text._ZN10__cxxabiv112__unexpectedEPFvvE
                0x00004fac        0xc c:/nxp/lpcxpresso_8.2.2_650/lpcxpresso/tools/bin/../lib/gcc/arm-none-eabi/5.4.1/../../../../arm-none-eabi/lib/armv7-m\libstdc++.a(eh_terminate.o)
 .ARM.extab.text._ZSt10unexpectedv
                0x00004fb8        0xc c:/nxp/lpcxpresso_8.2.2_650/lpcxpresso/tools/bin/../lib/gcc/arm-none-eabi/5.4.1/../../../../arm-none-eabi/lib/armv7-m\libstdc++.a(eh_terminate.o)
 .ARM.extab.text.__cxa_call_unexpected
                0x00004fc4       0x28 c:/nxp/lpcxpresso_8.2.2_650/lpcxpresso/tools/bin/../lib/gcc/arm-none-eabi/5.4.1/../../../../arm-none-eabi/lib/armv7-m\libstdc++.a(eh_call.o)
 .ARM.extab.text.__cxa_begin_catch
                0x00004fec       0x20 c:/nxp/lpcxpresso_8.2.2_650/lpcxpresso/tools/bin/../lib/gcc/arm-none-eabi/5.4.1/../../../../arm-none-eabi/lib/armv7-m\libstdc++.a(eh_catch.o)
 .ARM.extab.text._ZL21base_of_encoded_valuehP15_Unwind_Context
                0x0000500c        0xc c:/nxp/lpcxpresso_8.2.2_650/lpcxpresso/tools/bin/../lib/gcc/arm-none-eabi/5.4.1/../../../../arm-none-eabi/lib/armv7-m\libstdc++.a(eh_personality.o)
 .ARM.extab.text.__gxx_personality_v0
                0x00005018       0x24 c:/nxp/lpcxpresso_8.2.2_650/lpcxpresso/tools/bin/../lib/gcc/arm-none-eabi/5.4.1/../../../../arm-none-eabi/lib/armv7-m\libstdc++.a(eh_personality.o)
 .ARM.extab     0x0000503c       0x18 c:/nxp/lpcxpresso_8.2.2_650/lpcxpresso/tools/bin/../lib/gcc/arm-none-eabi/5.4.1/armv7-m\libgcc.a(pr-support.o)
                0x00005054                __exidx_start = .

.eh_frame       0x00005054        0x0
 .eh_frame      0x00005054        0x0 c:/nxp/lpcxpresso_8.2.2_650/lpcxpresso/tools/bin/../lib/gcc/arm-none-eabi/5.4.1/armv7-m\crtbegin.o

.ARM.exidx      0x00005054      0x1b8
 *(.ARM.exidx* .gnu.linkonce.armexidx.*)
 .ARM.exidx     0x00005054        0x8 c:/nxp/lpcxpresso_8.2.2_650/lpcxpresso/tools/bin/../lib/gcc/arm-none-eabi/5.4.1/armv7-m\libgcc.a(_udivmoddi4.o)
 .ARM.exidx.text.__cxa_guard_acquire
                0x0000505c        0x8 c:/nxp/lpcxpresso_8.2.2_650/lpcxpresso/tools/bin/../lib/gcc/arm-none-eabi/5.4.1/../../../../arm-none-eabi/lib/armv7-m\libstdc++.a(guard.o)
 .ARM.exidx.text.__cxa_guard_release
                0x00005064        0x8 c:/nxp/lpcxpresso_8.2.2_650/lpcxpresso/tools/bin/../lib/gcc/arm-none-eabi/5.4.1/../../../../arm-none-eabi/lib/armv7-m\libstdc++.a(guard.o)
 .ARM.exidx.text._ZL23__gxx_exception_cleanup19_Unwind_Reason_CodeP21_Unwind_Control_Block
                0x0000506c        0x8 c:/nxp/lpcxpresso_8.2.2_650/lpcxpresso/tools/bin/../lib/gcc/arm-none-eabi/5.4.1/../../../../arm-none-eabi/lib/armv7-m\libstdc++.a(eh_throw.o)
 .ARM.exidx.text.__cxa_throw
                0x00005074        0x8 c:/nxp/lpcxpresso_8.2.2_650/lpcxpresso/tools/bin/../lib/gcc/arm-none-eabi/5.4.1/../../../../arm-none-eabi/lib/armv7-m\libstdc++.a(eh_throw.o)
 .ARM.exidx.text.__cxa_rethrow
                0x0000507c        0x8 c:/nxp/lpcxpresso_8.2.2_650/lpcxpresso/tools/bin/../lib/gcc/arm-none-eabi/5.4.1/../../../../arm-none-eabi/lib/armv7-m\libstdc++.a(eh_throw.o)
 .ARM.exidx.text.__cxa_get_globals_fast
                0x00005084        0x8 c:/nxp/lpcxpresso_8.2.2_650/lpcxpresso/tools/bin/../lib/gcc/arm-none-eabi/5.4.1/../../../../arm-none-eabi/lib/armv7-m\libstdc++.a(eh_globals.o)
 .ARM.exidx.text.__cxa_get_globals
                0x0000508c        0x0 c:/nxp/lpcxpresso_8.2.2_650/lpcxpresso/tools/bin/../lib/gcc/arm-none-eabi/5.4.1/../../../../arm-none-eabi/lib/armv7-m\libstdc++.a(eh_globals.o)
                                  0x8 (size before relaxing)
 .ARM.exidx.text._ZN10__cxxabiv111__terminateEPFvvE
                0x0000508c        0x8 c:/nxp/lpcxpresso_8.2.2_650/lpcxpresso/tools/bin/../lib/gcc/arm-none-eabi/5.4.1/../../../../arm-none-eabi/lib/armv7-m\libstdc++.a(eh_terminate.o)
 .ARM.exidx.text._ZSt9terminatev
                0x00005094        0x8 c:/nxp/lpcxpresso_8.2.2_650/lpcxpresso/tools/bin/../lib/gcc/arm-none-eabi/5.4.1/../../../../arm-none-eabi/lib/armv7-m\libstdc++.a(eh_terminate.o)
 .ARM.exidx.text._ZN10__cxxabiv112__unexpectedEPFvvE
                0x0000509c        0x8 c:/nxp/lpcxpresso_8.2.2_650/lpcxpresso/tools/bin/../lib/gcc/arm-none-eabi/5.4.1/../../../../arm-none-eabi/lib/armv7-m\libstdc++.a(eh_terminate.o)
 .ARM.exidx.text._ZSt10unexpectedv
                0x000050a4        0x8 c:/nxp/lpcxpresso_8.2.2_650/lpcxpresso/tools/bin/../lib/gcc/arm-none-eabi/5.4.1/../../../../arm-none-eabi/lib/armv7-m\libstdc++.a(eh_terminate.o)
 .ARM.exidx.text._ZSt13get_terminatev
                0x000050ac        0x8 c:/nxp/lpcxpresso_8.2.2_650/lpcxpresso/tools/bin/../lib/gcc/arm-none-eabi/5.4.1/../../../../arm-none-eabi/lib/armv7-m\libstdc++.a(eh_terminate.o)
 .ARM.exidx.text._ZSt14get_unexpectedv
                0x000050b4        0x0 c:/nxp/lpcxpresso_8.2.2_650/lpcxpresso/tools/bin/../lib/gcc/arm-none-eabi/5.4.1/../../../../arm-none-eabi/lib/armv7-m\libstdc++.a(eh_terminate.o)
                                  0x8 (size before relaxing)
 .ARM.exidx.text._ZN9__gnu_cxx20recursive_init_errorD2Ev
                0x000050b4        0x0 c:/nxp/lpcxpresso_8.2.2_650/lpcxpresso/tools/bin/../lib/gcc/arm-none-eabi/5.4.1/../../../../arm-none-eabi/lib/armv7-m\libstdc++.a(guard_error.o)
                                  0x8 (size before relaxing)
 .ARM.exidx.text._ZN9__gnu_cxx20recursive_init_errorD0Ev
                0x000050b4        0x0 c:/nxp/lpcxpresso_8.2.2_650/lpcxpresso/tools/bin/../lib/gcc/arm-none-eabi/5.4.1/../../../../arm-none-eabi/lib/armv7-m\libstdc++.a(guard_error.o)
                                  0x8 (size before relaxing)
 .ARM.exidx.text._ZN12_GLOBAL__N_14pool4freeEPv.constprop.4
                0x000050b4        0x0 c:/nxp/lpcxpresso_8.2.2_650/lpcxpresso/tools/bin/../lib/gcc/arm-none-eabi/5.4.1/../../../../arm-none-eabi/lib/armv7-m\libstdc++.a(eh_alloc.o)
                                  0x8 (size before relaxing)
 .ARM.exidx.text._ZN12_GLOBAL__N_14pool8allocateEj.constprop.5
                0x000050b4        0x0 c:/nxp/lpcxpresso_8.2.2_650/lpcxpresso/tools/bin/../lib/gcc/arm-none-eabi/5.4.1/../../../../arm-none-eabi/lib/armv7-m\libstdc++.a(eh_alloc.o)
                                  0x8 (size before relaxing)
 .ARM.exidx.text.__cxa_allocate_exception
                0x000050b4        0x0 c:/nxp/lpcxpresso_8.2.2_650/lpcxpresso/tools/bin/../lib/gcc/arm-none-eabi/5.4.1/../../../../arm-none-eabi/lib/armv7-m\libstdc++.a(eh_alloc.o)
                                  0x8 (size before relaxing)
 .ARM.exidx.text.__cxa_free_exception
                0x000050b4        0x0 c:/nxp/lpcxpresso_8.2.2_650/lpcxpresso/tools/bin/../lib/gcc/arm-none-eabi/5.4.1/../../../../arm-none-eabi/lib/armv7-m\libstdc++.a(eh_alloc.o)
                                  0x8 (size before relaxing)
 .ARM.exidx.text.startup._GLOBAL__sub_I___cxa_allocate_exception
                0x000050b4        0x0 c:/nxp/lpcxpresso_8.2.2_650/lpcxpresso/tools/bin/../lib/gcc/arm-none-eabi/5.4.1/../../../../arm-none-eabi/lib/armv7-m\libstdc++.a(eh_alloc.o)
                                  0x8 (size before relaxing)
 .ARM.exidx.text.__cxa_type_match
                0x000050b4        0x8 c:/nxp/lpcxpresso_8.2.2_650/lpcxpresso/tools/bin/../lib/gcc/arm-none-eabi/5.4.1/../../../../arm-none-eabi/lib/armv7-m\libstdc++.a(eh_arm.o)
 .ARM.exidx.text.__cxa_begin_cleanup
                0x000050bc        0x8 c:/nxp/lpcxpresso_8.2.2_650/lpcxpresso/tools/bin/../lib/gcc/arm-none-eabi/5.4.1/../../../../arm-none-eabi/lib/armv7-m\libstdc++.a(eh_arm.o)
 .ARM.exidx.text.__gnu_end_cleanup
                0x000050c4        0x0 c:/nxp/lpcxpresso_8.2.2_650/lpcxpresso/tools/bin/../lib/gcc/arm-none-eabi/5.4.1/../../../../arm-none-eabi/lib/armv7-m\libstdc++.a(eh_arm.o)
                                  0x8 (size before relaxing)
 .ARM.exidx.text._ZN10__cxxabiv1L24__is_gxx_exception_classEPc
                0x000050c4        0x0 c:/nxp/lpcxpresso_8.2.2_650/lpcxpresso/tools/bin/../lib/gcc/arm-none-eabi/5.4.1/../../../../arm-none-eabi/lib/armv7-m\libstdc++.a(eh_call.o)
                                  0x8 (size before relaxing)
 .ARM.exidx.text.__cxa_call_terminate
                0x000050c4        0x0 c:/nxp/lpcxpresso_8.2.2_650/lpcxpresso/tools/bin/../lib/gcc/arm-none-eabi/5.4.1/../../../../arm-none-eabi/lib/armv7-m\libstdc++.a(eh_call.o)
                                  0x8 (size before relaxing)
 .ARM.exidx.text.__cxa_call_unexpected
                0x000050c4        0x8 c:/nxp/lpcxpresso_8.2.2_650/lpcxpresso/tools/bin/../lib/gcc/arm-none-eabi/5.4.1/../../../../arm-none-eabi/lib/armv7-m\libstdc++.a(eh_call.o)
 .ARM.exidx.text.__cxa_begin_catch
                0x000050cc        0x8 c:/nxp/lpcxpresso_8.2.2_650/lpcxpresso/tools/bin/../lib/gcc/arm-none-eabi/5.4.1/../../../../arm-none-eabi/lib/armv7-m\libstdc++.a(eh_catch.o)
 .ARM.exidx.text.__cxa_end_catch
                0x000050d4        0x8 c:/nxp/lpcxpresso_8.2.2_650/lpcxpresso/tools/bin/../lib/gcc/arm-none-eabi/5.4.1/../../../../arm-none-eabi/lib/armv7-m\libstdc++.a(eh_catch.o)
 .ARM.exidx.text._ZN10__cxxabiv120__si_class_type_infoD2Ev
                0x000050dc        0x8 c:/nxp/lpcxpresso_8.2.2_650/lpcxpresso/tools/bin/../lib/gcc/arm-none-eabi/5.4.1/../../../../arm-none-eabi/lib/armv7-m\libstdc++.a(si_class_type_info.o)
 .ARM.exidx.text._ZN10__cxxabiv120__si_class_type_infoD0Ev
                0x000050e4        0x0 c:/nxp/lpcxpresso_8.2.2_650/lpcxpresso/tools/bin/../lib/gcc/arm-none-eabi/5.4.1/../../../../arm-none-eabi/lib/armv7-m\libstdc++.a(si_class_type_info.o)
                                  0x8 (size before relaxing)
 .ARM.exidx.text._ZNK10__cxxabiv120__si_class_type_info12__do_dyncastEiNS_17__class_type_info10__sub_kindEPKS1_PKvS4_S6_RNS1_16__dyncast_resultE
                0x000050e4        0x8 c:/nxp/lpcxpresso_8.2.2_650/lpcxpresso/tools/bin/../lib/gcc/arm-none-eabi/5.4.1/../../../../arm-none-eabi/lib/armv7-m\libstdc++.a(si_class_type_info.o)
 .ARM.exidx.text._ZNK10__cxxabiv120__si_class_type_info20__do_find_public_srcEiPKvPKNS_17__class_type_infoES2_
                0x000050ec        0x8 c:/nxp/lpcxpresso_8.2.2_650/lpcxpresso/tools/bin/../lib/gcc/arm-none-eabi/5.4.1/../../../../arm-none-eabi/lib/armv7-m\libstdc++.a(si_class_type_info.o)
 .ARM.exidx.text._ZNK10__cxxabiv120__si_class_type_info11__do_upcastEPKNS_17__class_type_infoEPKvRNS1_15__upcast_resultE
                0x000050f4        0x8 c:/nxp/lpcxpresso_8.2.2_650/lpcxpresso/tools/bin/../lib/gcc/arm-none-eabi/5.4.1/../../../../arm-none-eabi/lib/armv7-m\libstdc++.a(si_class_type_info.o)
 .ARM.exidx.text._ZL28read_encoded_value_with_basehjPKhPj
                0x000050fc        0x8 c:/nxp/lpcxpresso_8.2.2_650/lpcxpresso/tools/bin/../lib/gcc/arm-none-eabi/5.4.1/../../../../arm-none-eabi/lib/armv7-m\libstdc++.a(eh_personality.o)
 .ARM.exidx.text._ZL21base_of_encoded_valuehP15_Unwind_Context
                0x00005104        0x8 c:/nxp/lpcxpresso_8.2.2_650/lpcxpresso/tools/bin/../lib/gcc/arm-none-eabi/5.4.1/../../../../arm-none-eabi/lib/armv7-m\libstdc++.a(eh_personality.o)
 .ARM.exidx.text._ZL17parse_lsda_headerP15_Unwind_ContextPKhP16lsda_header_info
                0x0000510c        0x8 c:/nxp/lpcxpresso_8.2.2_650/lpcxpresso/tools/bin/../lib/gcc/arm-none-eabi/5.4.1/../../../../arm-none-eabi/lib/armv7-m\libstdc++.a(eh_personality.o)
 .ARM.exidx.text.__gxx_personality_v0
                0x00005114        0x8 c:/nxp/lpcxpresso_8.2.2_650/lpcxpresso/tools/bin/../lib/gcc/arm-none-eabi/5.4.1/../../../../arm-none-eabi/lib/armv7-m\libstdc++.a(eh_personality.o)
 .ARM.exidx.text._ZNSt9exceptionD2Ev
                0x0000511c        0x8 c:/nxp/lpcxpresso_8.2.2_650/lpcxpresso/tools/bin/../lib/gcc/arm-none-eabi/5.4.1/../../../../arm-none-eabi/lib/armv7-m\libstdc++.a(eh_exception.o)
 .ARM.exidx.text._ZNSt13bad_exceptionD2Ev
                0x00005124        0x0 c:/nxp/lpcxpresso_8.2.2_650/lpcxpresso/tools/bin/../lib/gcc/arm-none-eabi/5.4.1/../../../../arm-none-eabi/lib/armv7-m\libstdc++.a(eh_exception.o)
                                  0x8 (size before relaxing)
 .ARM.exidx.text._ZNKSt9exception4whatEv
                0x00005124        0x0 c:/nxp/lpcxpresso_8.2.2_650/lpcxpresso/tools/bin/../lib/gcc/arm-none-eabi/5.4.1/../../../../arm-none-eabi/lib/armv7-m\libstdc++.a(eh_exception.o)
                                  0x8 (size before relaxing)
 .ARM.exidx.text._ZNKSt13bad_exception4whatEv
                0x00005124        0x0 c:/nxp/lpcxpresso_8.2.2_650/lpcxpresso/tools/bin/../lib/gcc/arm-none-eabi/5.4.1/../../../../arm-none-eabi/lib/armv7-m\libstdc++.a(eh_exception.o)
                                  0x8 (size before relaxing)
 .ARM.exidx.text._ZNSt13bad_exceptionD0Ev
                0x00005124        0x0 c:/nxp/lpcxpresso_8.2.2_650/lpcxpresso/tools/bin/../lib/gcc/arm-none-eabi/5.4.1/../../../../arm-none-eabi/lib/armv7-m\libstdc++.a(eh_exception.o)
                                  0x8 (size before relaxing)
 .ARM.exidx.text._ZNSt9type_infoD2Ev
                0x00005124        0x0 c:/nxp/lpcxpresso_8.2.2_650/lpcxpresso/tools/bin/../lib/gcc/arm-none-eabi/5.4.1/../../../../arm-none-eabi/lib/armv7-m\libstdc++.a(tinfo.o)
                                  0x8 (size before relaxing)
 .ARM.exidx.text._ZNKSt9type_info15__is_function_pEv
                0x00005124        0x0 c:/nxp/lpcxpresso_8.2.2_650/lpcxpresso/tools/bin/../lib/gcc/arm-none-eabi/5.4.1/../../../../arm-none-eabi/lib/armv7-m\libstdc++.a(tinfo.o)
                                  0x8 (size before relaxing)
 .ARM.exidx.text._ZNKSt9type_infoeqERKS_
                0x00005124        0x0 c:/nxp/lpcxpresso_8.2.2_650/lpcxpresso/tools/bin/../lib/gcc/arm-none-eabi/5.4.1/../../../../arm-none-eabi/lib/armv7-m\libstdc++.a(tinfo.o)
                                  0x8 (size before relaxing)
 .ARM.exidx.text._ZNK10__cxxabiv117__class_type_info11__do_upcastEPKS0_PPv
                0x00005124        0x8 c:/nxp/lpcxpresso_8.2.2_650/lpcxpresso/tools/bin/../lib/gcc/arm-none-eabi/5.4.1/../../../../arm-none-eabi/lib/armv7-m\libstdc++.a(class_type_info.o)
 .ARM.exidx.text._ZNK10__cxxabiv117__class_type_info20__do_find_public_srcEiPKvPKS0_S2_
                0x0000512c        0x8 c:/nxp/lpcxpresso_8.2.2_650/lpcxpresso/tools/bin/../lib/gcc/arm-none-eabi/5.4.1/../../../../arm-none-eabi/lib/armv7-m\libstdc++.a(class_type_info.o)
 .ARM.exidx.text._ZN10__cxxabiv117__class_type_infoD2Ev
                0x00005134        0x8 c:/nxp/lpcxpresso_8.2.2_650/lpcxpresso/tools/bin/../lib/gcc/arm-none-eabi/5.4.1/../../../../arm-none-eabi/lib/armv7-m\libstdc++.a(class_type_info.o)
 .ARM.exidx.text._ZN10__cxxabiv117__class_type_infoD0Ev
                0x0000513c        0x0 c:/nxp/lpcxpresso_8.2.2_650/lpcxpresso/tools/bin/../lib/gcc/arm-none-eabi/5.4.1/../../../../arm-none-eabi/lib/armv7-m\libstdc++.a(class_type_info.o)
                                  0x8 (size before relaxing)
 .ARM.exidx.text._ZNK10__cxxabiv117__class_type_info11__do_upcastEPKS0_PKvRNS0_15__upcast_resultE
                0x0000513c        0x8 c:/nxp/lpcxpresso_8.2.2_650/lpcxpresso/tools/bin/../lib/gcc/arm-none-eabi/5.4.1/../../../../arm-none-eabi/lib/armv7-m\libstdc++.a(class_type_info.o)
 .ARM.exidx.text._ZNK10__cxxabiv117__class_type_info12__do_dyncastEiNS0_10__sub_kindEPKS0_PKvS3_S5_RNS0_16__dyncast_resultE
                0x00005144        0x8 c:/nxp/lpcxpresso_8.2.2_650/lpcxpresso/tools/bin/../lib/gcc/arm-none-eabi/5.4.1/../../../../arm-none-eabi/lib/armv7-m\libstdc++.a(class_type_info.o)
 .ARM.exidx.text._ZNK10__cxxabiv117__class_type_info10__do_catchEPKSt9type_infoPPvj
                0x0000514c       0x10 c:/nxp/lpcxpresso_8.2.2_650/lpcxpresso/tools/bin/../lib/gcc/arm-none-eabi/5.4.1/../../../../arm-none-eabi/lib/armv7-m\libstdc++.a(class_type_info.o)
                                  0x8 (size before relaxing)
 .ARM.exidx     0x0000515c       0x78 c:/nxp/lpcxpresso_8.2.2_650/lpcxpresso/tools/bin/../lib/gcc/arm-none-eabi/5.4.1/armv7-m\libgcc.a(unwind-arm.o)
                                 0xd8 (size before relaxing)
 .ARM.exidx     0x000051d4       0x38 c:/nxp/lpcxpresso_8.2.2_650/lpcxpresso/tools/bin/../lib/gcc/arm-none-eabi/5.4.1/armv7-m\libgcc.a(pr-support.o)
                                 0x48 (size before relaxing)
                0x0000520c                __exidx_end = .
                0x0000520c                _etext = .

.rel.dyn        0x0000520c        0x0
 .rel.iplt      0x0000520c        0x0 ./src/drivers_src/can_controllor.o

.data_RAM2      0x02004000        0x0 load address 0x0000520c
 FILL mask 0xff
                [!provide]                PROVIDE (__start_data_RAM2, .)
 *(.ramfunc.$RAM2)
 *(.ramfunc.$Ram1_16)
 *(.data.$RAM2*)
 *(.data.$Ram1_16*)
                0x02004000                . = ALIGN (0x4)
                [!provide]                PROVIDE (__end_data_RAM2, .)

.data_RAM3      0x02008000        0x0 load address 0x0000520c
 FILL mask 0xff
                [!provide]                PROVIDE (__start_data_RAM3, .)
 *(.ramfunc.$RAM3)
 *(.ramfunc.$Ram2_4)
 *(.data.$RAM3*)
 *(.data.$Ram2_4*)
                0x02008000                . = ALIGN (0x4)
                [!provide]                PROVIDE (__end_data_RAM3, .)

.uninit_RESERVED
                0x02000000        0x0
 *(.bss.$RESERVED*)
                0x02000000                . = ALIGN (0x4)
                0x02000000                _end_uninit_RESERVED = .

.data           0x02000000      0x848 load address 0x0000520c
 FILL mask 0xff
                0x02000000                _data = .
 *(vtable)
 *(.ramfunc*)
 *(.data*)
 .data.__malloc_av_
                0x02000000      0x408 c:/nxp/lpcxpresso_8.2.2_650/lpcxpresso/tools/bin/../lib/gcc/arm-none-eabi/5.4.1/../../../../arm-none-eabi/lib/armv7-m\libc.a(lib_a-mallocr.o)
                0x02000000                __malloc_av_
 .data.__malloc_trim_threshold
                0x02000408        0x4 c:/nxp/lpcxpresso_8.2.2_650/lpcxpresso/tools/bin/../lib/gcc/arm-none-eabi/5.4.1/../../../../arm-none-eabi/lib/armv7-m\libc.a(lib_a-mallocr.o)
                0x02000408                __malloc_trim_threshold
 .data.__malloc_sbrk_base
                0x0200040c        0x4 c:/nxp/lpcxpresso_8.2.2_650/lpcxpresso/tools/bin/../lib/gcc/arm-none-eabi/5.4.1/../../../../arm-none-eabi/lib/armv7-m\libc.a(lib_a-mallocr.o)
                0x0200040c                __malloc_sbrk_base
 .data.impure_data
                0x02000410      0x428 c:/nxp/lpcxpresso_8.2.2_650/lpcxpresso/tools/bin/../lib/gcc/arm-none-eabi/5.4.1/../../../../arm-none-eabi/lib/armv7-m\libc.a(lib_a-impure.o)
 .data._impure_ptr
                0x02000838        0x4 c:/nxp/lpcxpresso_8.2.2_650/lpcxpresso/tools/bin/../lib/gcc/arm-none-eabi/5.4.1/../../../../arm-none-eabi/lib/armv7-m\libc.a(lib_a-impure.o)
                0x02000838                _impure_ptr
 .data._ZN10__cxxabiv119__terminate_handlerE
                0x0200083c        0x4 c:/nxp/lpcxpresso_8.2.2_650/lpcxpresso/tools/bin/../lib/gcc/arm-none-eabi/5.4.1/../../../../arm-none-eabi/lib/armv7-m\libstdc++.a(eh_term_handler.o)
                0x0200083c                __cxxabiv1::__terminate_handler
 .data._ZN10__cxxabiv120__unexpected_handlerE
                0x02000840        0x4 c:/nxp/lpcxpresso_8.2.2_650/lpcxpresso/tools/bin/../lib/gcc/arm-none-eabi/5.4.1/../../../../arm-none-eabi/lib/armv7-m\libstdc++.a(eh_unex_handler.o)
                0x02000840                __cxxabiv1::__unexpected_handler
 .data          0x02000844        0x4 c:/nxp/lpcxpresso_8.2.2_650/lpcxpresso/tools/bin/../lib/gcc/arm-none-eabi/5.4.1/armv7-m\crtbegin.o
                0x02000844                __dso_handle
                0x02000848                . = ALIGN (0x4)
                0x02000848                _edata = .

.igot.plt       0x02000848        0x0 load address 0x00005a54
 .igot.plt      0x02000848        0x0 ./src/drivers_src/can_controllor.o

.jcr            0x02000848        0x0 load address 0x00005a54
 .jcr           0x02000848        0x0 c:/nxp/lpcxpresso_8.2.2_650/lpcxpresso/tools/bin/../lib/gcc/arm-none-eabi/5.4.1/armv7-m\crtbegin.o

.bss_RAM2       0x02004000        0x0
                [!provide]                PROVIDE (__start_bss_RAM2, .)
 *(.bss.$RAM2*)
 *(.bss.$Ram1_16*)
                0x02004000                . = ALIGN ((. != 0x0)?0x4:0x1)
                [!provide]                PROVIDE (__end_bss_RAM2, .)

.bss_RAM3       0x02008000        0x0
                [!provide]                PROVIDE (__start_bss_RAM3, .)
 *(.bss.$RAM3*)
 *(.bss.$Ram2_4*)
                0x02008000                . = ALIGN ((. != 0x0)?0x4:0x1)
                [!provide]                PROVIDE (__end_bss_RAM3, .)

.bss            0x02000848      0x380
                0x02000848                _bss = .
 *(.bss*)
 .bss._ZN3Led9tx_count_E
                0x02000848        0x4 ./src/drivers_src/led.o
                0x02000848                Led::tx_count_
 .bss._ZN3Led9rx_count_E
                0x0200084c        0x4 ./src/drivers_src/led.o
                0x0200084c                Led::rx_count_
 .bss._ZGVZN3Led8instanceEvE3ins
                0x02000850        0x4 ./src/drivers_src/led.o
 .bss._ZZN3Led8instanceEvE3ins
                0x02000854        0x4 ./src/drivers_src/led.o
 .bss._ZGVZN5Timer8InstanceE8TimerNumE6timer0
                0x02000858        0x4 ./src/drivers_src/timer.o
 .bss._ZGVZN5Timer8InstanceE8TimerNumE6timer1
                0x0200085c        0x4 ./src/drivers_src/timer.o
 .bss._ZGVZN5Timer8InstanceE8TimerNumE6timer2
                0x02000860        0x4 ./src/drivers_src/timer.o
 .bss._ZL12rit_callback
                0x02000864        0x4 ./src/drivers_src/timer.o
 .bss._ZGVZN9LongTimer8InstanceEPFvvEE9longtimer
                0x02000868        0x4 ./src/drivers_src/timer.o
 .bss._ZL12isr_callback
                0x0200086c        0x4 ./src/drivers_src/timer.o
 .bss._ZGVZN8LedTimer8InstanceEPFvvEE8ledtimer
                0x02000870        0x4 ./src/drivers_src/timer.o
 .bss._ZZN5Timer8InstanceE8TimerNumE6timer0
                0x02000874       0x10 ./src/drivers_src/timer.o
 .bss._ZZN5Timer8InstanceE8TimerNumE6timer1
                0x02000884       0x10 ./src/drivers_src/timer.o
 .bss._ZZN5Timer8InstanceE8TimerNumE6timer2
                0x02000894       0x10 ./src/drivers_src/timer.o
 *fill*         0x020008a4        0x4 
 .bss._ZZN9LongTimer8InstanceEPFvvEE9longtimer
                0x020008a8       0x10 ./src/drivers_src/timer.o
 .bss._ZZN8LedTimer8InstanceEPFvvEE8ledtimer
                0x020008b8        0xc ./src/drivers_src/timer.o
 .bss._ZGVZN4UART8InstanceE9UART_TYPEE5UART0
                0x020008c4        0x4 ./src/drivers_src/usart.o
 .bss._ZGVZN4UART8InstanceE9UART_TYPEE5UART1
                0x020008c8        0x4 ./src/drivers_src/usart.o
 .bss._ZGVZN4UART8InstanceE9UART_TYPEE5UART2
                0x020008cc        0x4 ./src/drivers_src/usart.o
 .bss._ZZN4UART8InstanceE9UART_TYPEE5UART0
                0x020008d0       0xd0 ./src/drivers_src/usart.o
 .bss._ZZN4UART8InstanceE9UART_TYPEE5UART1
                0x020009a0       0xd0 ./src/drivers_src/usart.o
 .bss._ZZN4UART8InstanceE9UART_TYPEE5UART2
                0x02000a70       0xd0 ./src/drivers_src/usart.o
 .bss.SystemCoreClock
                0x02000b40        0x4 ./src/chip_15xx_src/chip_15xx.o
                0x02000b40                SystemCoreClock
 .bss._ZN15Board_Configure12IsConfiguredE
                0x02000b44        0x1 ./src/board_src/board_configure.o
                0x02000b44                Board_Configure::IsConfigured
 *fill*         0x02000b45        0x3 
 .bss._ZGVZN15Board_Configure8instanceEvE3ins
                0x02000b48        0x4 ./src/board_src/board_configure.o
 .bss._ZZN15Board_Configure8instanceEvE3ins
                0x02000b4c        0x1 ./src/board_src/board_configure.o
 *fill*         0x02000b4d        0x3 
 .bss._ZZ4mainE1i
                0x02000b50        0x4 ./src/ecu_simulator_0_0_1.o
 .bss.__malloc_max_total_mem
                0x02000b54        0x4 c:/nxp/lpcxpresso_8.2.2_650/lpcxpresso/tools/bin/../lib/gcc/arm-none-eabi/5.4.1/../../../../arm-none-eabi/lib/armv7-m\libc.a(lib_a-mallocr.o)
                0x02000b54                __malloc_max_total_mem
 .bss.__malloc_max_sbrked_mem
                0x02000b58        0x4 c:/nxp/lpcxpresso_8.2.2_650/lpcxpresso/tools/bin/../lib/gcc/arm-none-eabi/5.4.1/../../../../arm-none-eabi/lib/armv7-m\libc.a(lib_a-mallocr.o)
                0x02000b58                __malloc_max_sbrked_mem
 .bss.__malloc_top_pad
                0x02000b5c        0x4 c:/nxp/lpcxpresso_8.2.2_650/lpcxpresso/tools/bin/../lib/gcc/arm-none-eabi/5.4.1/../../../../arm-none-eabi/lib/armv7-m\libc.a(lib_a-mallocr.o)
                0x02000b5c                __malloc_top_pad
 .bss.__malloc_current_mallinfo
                0x02000b60       0x28 c:/nxp/lpcxpresso_8.2.2_650/lpcxpresso/tools/bin/../lib/gcc/arm-none-eabi/5.4.1/../../../../arm-none-eabi/lib/armv7-m\libc.a(lib_a-mallocr.o)
                0x02000b60                __malloc_current_mallinfo
 .bss._ZL10eh_globals
                0x02000b88        0xc c:/nxp/lpcxpresso_8.2.2_650/lpcxpresso/tools/bin/../lib/gcc/arm-none-eabi/5.4.1/../../../../arm-none-eabi/lib/armv7-m\libstdc++.a(eh_globals.o)
 .bss._ZN12_GLOBAL__N_114emergency_poolE
                0x02000b94       0x10 c:/nxp/lpcxpresso_8.2.2_650/lpcxpresso/tools/bin/../lib/gcc/arm-none-eabi/5.4.1/../../../../arm-none-eabi/lib/armv7-m\libstdc++.a(eh_alloc.o)
 .bss.__end_of_heap
                0x02000ba4        0x4 c:/nxp/lpcxpresso_8.2.2_650/lpcxpresso/tools/bin/../lib/gcc/arm-none-eabi/5.4.1/../../../../arm-none-eabi/lib/armv7-m\libcr_newlib_nohost.a(_cr_sbrk.o)
                0x02000ba4                __end_of_heap
 .bss           0x02000ba8       0x1c c:/nxp/lpcxpresso_8.2.2_650/lpcxpresso/tools/bin/../lib/gcc/arm-none-eabi/5.4.1/armv7-m\crtbegin.o
 *(COMMON)
 COMMON         0x02000bc4        0x4 c:/nxp/lpcxpresso_8.2.2_650/lpcxpresso/tools/bin/../lib/gcc/arm-none-eabi/5.4.1/../../../../arm-none-eabi/lib/armv7-m\libc.a(lib_a-reent.o)
                0x02000bc4                errno
                0x02000bc8                . = ALIGN (0x4)
                0x02000bc8                _ebss = .
                [!provide]                PROVIDE (end, .)

.noinit_RAM2    0x02004000        0x0
 *(.noinit.$RAM2*)
 *(.noinit.$Ram1_16*)
                0x02004000                . = ALIGN (0x4)

.noinit_RAM3    0x02008000        0x0
 *(.noinit.$RAM3*)
 *(.noinit.$Ram2_4*)
                0x02008000                . = ALIGN (0x4)

.noinit         0x02000bc8        0x0
                0x02000bc8                _noinit = .
 *(.noinit*)
                0x02000bc8                . = ALIGN (0x4)
                0x02000bc8                _end_noinit = .
                0x02000bc8                PROVIDE (_pvHeapStart, DEFINED (__user_heap_base)?__user_heap_base:.)
                0x02004000                PROVIDE (_vStackTop, DEFINED (__user_stack_top)?__user_stack_top:(__top_Ram0_16 - 0x0))
                0xfdffb2ca                PROVIDE (__valid_user_code_checksum, (0x0 - ((((((_vStackTop + (ResetISR + 0x1)) + (NMI_Handler + 0x1)) + (HardFault_Handler + 0x1)) + (DEFINED (MemManage_Handler)?MemManage_Handler:0x0 + 0x1)) + (DEFINED (BusFault_Handler)?BusFault_Handler:0x0 + 0x1)) + (DEFINED (UsageFault_Handler)?UsageFault_Handler:0x0 + 0x1))))
OUTPUT(ecu_simulator_0_0_1.axf elf32-littlearm)

.debug_info     0x00000000     0xb8e7
 .debug_info    0x00000000      0x87a ./src/drivers_src/led.o
 .debug_info    0x0000087a     0x1ab2 ./src/drivers_src/timer.o
 .debug_info    0x0000232c     0x2a94 ./src/drivers_src/usart.o
 .debug_info    0x00004dc0      0x9ae ./src/chip_15xx_src/chip_15xx.o
 .debug_info    0x0000576e      0xd6a ./src/chip_15xx_src/clock_15xx.o
 .debug_info    0x000064d8      0x36c ./src/chip_15xx_src/ring_buffer.o
 .debug_info    0x00006844      0x5c6 ./src/chip_15xx_src/ritimer_15xx.o
 .debug_info    0x00006e0a      0x60b ./src/chip_15xx_src/swm_15xx.o
 .debug_info    0x00007415      0x76d ./src/chip_15xx_src/sysctl_15xx.o
 .debug_info    0x00007b82     0x11e2 ./src/board_src/board_configure.o
 .debug_info    0x00008d64     0x1cf6 ./src/board_src/ecu_board.o
 .debug_info    0x0000aa5a      0x1b6 ./src/cr_cpp_config.o
 .debug_info    0x0000ac10      0x281 ./src/cr_startup_lpc15xx.o
 .debug_info    0x0000ae91       0x3f ./src/crp.o
 .debug_info    0x0000aed0      0x852 ./src/ecu_simulator_0_0_1.o
 .debug_info    0x0000b722      0x124 c:/nxp/lpcxpresso_8.2.2_650/lpcxpresso/tools/bin/../lib/gcc/arm-none-eabi/5.4.1/../../../../arm-none-eabi/lib/armv7-m\libcr_newlib_nohost.a(_cr_sbrk.o)
 .debug_info    0x0000b846       0x37 c:/nxp/lpcxpresso_8.2.2_650/lpcxpresso/tools/bin/../lib/gcc/arm-none-eabi/5.4.1/../../../../arm-none-eabi/lib/armv7-m\libcr_newlib_nohost.a(cr_abort.o)
 .debug_info    0x0000b87d       0x6a c:/nxp/lpcxpresso_8.2.2_650/lpcxpresso/tools/bin/../lib/gcc/arm-none-eabi/5.4.1/../../../../arm-none-eabi/lib/armv7-m\libcr_newlib_nohost.a(_cr_check_heap.o)

.debug_abbrev   0x00000000     0x1d40
 .debug_abbrev  0x00000000      0x250 ./src/drivers_src/led.o
 .debug_abbrev  0x00000250      0x384 ./src/drivers_src/timer.o
 .debug_abbrev  0x000005d4      0x3ca ./src/drivers_src/usart.o
 .debug_abbrev  0x0000099e      0x1b3 ./src/chip_15xx_src/chip_15xx.o
 .debug_abbrev  0x00000b51      0x285 ./src/chip_15xx_src/clock_15xx.o
 .debug_abbrev  0x00000dd6      0x12f ./src/chip_15xx_src/ring_buffer.o
 .debug_abbrev  0x00000f05      0x170 ./src/chip_15xx_src/ritimer_15xx.o
 .debug_abbrev  0x00001075      0x13e ./src/chip_15xx_src/swm_15xx.o
 .debug_abbrev  0x000011b3      0x12b ./src/chip_15xx_src/sysctl_15xx.o
 .debug_abbrev  0x000012de      0x253 ./src/board_src/board_configure.o
 .debug_abbrev  0x00001531      0x2a3 ./src/board_src/ecu_board.o
 .debug_abbrev  0x000017d4       0xfb ./src/cr_cpp_config.o
 .debug_abbrev  0x000018cf       0xe7 ./src/cr_startup_lpc15xx.o
 .debug_abbrev  0x000019b6       0x36 ./src/crp.o
 .debug_abbrev  0x000019ec      0x1f4 ./src/ecu_simulator_0_0_1.o
 .debug_abbrev  0x00001be0       0xcf c:/nxp/lpcxpresso_8.2.2_650/lpcxpresso/tools/bin/../lib/gcc/arm-none-eabi/5.4.1/../../../../arm-none-eabi/lib/armv7-m\libcr_newlib_nohost.a(_cr_sbrk.o)
 .debug_abbrev  0x00001caf       0x2f c:/nxp/lpcxpresso_8.2.2_650/lpcxpresso/tools/bin/../lib/gcc/arm-none-eabi/5.4.1/../../../../arm-none-eabi/lib/armv7-m\libcr_newlib_nohost.a(cr_abort.o)
 .debug_abbrev  0x00001cde       0x62 c:/nxp/lpcxpresso_8.2.2_650/lpcxpresso/tools/bin/../lib/gcc/arm-none-eabi/5.4.1/../../../../arm-none-eabi/lib/armv7-m\libcr_newlib_nohost.a(_cr_check_heap.o)

.debug_aranges  0x00000000      0x830
 .debug_aranges
                0x00000000       0x88 ./src/drivers_src/led.o
 .debug_aranges
                0x00000088       0xf8 ./src/drivers_src/timer.o
 .debug_aranges
                0x00000180       0xd0 ./src/drivers_src/usart.o
 .debug_aranges
                0x00000250       0x50 ./src/chip_15xx_src/chip_15xx.o
 .debug_aranges
                0x000002a0      0x128 ./src/chip_15xx_src/clock_15xx.o
 .debug_aranges
                0x000003c8       0x60 ./src/chip_15xx_src/ring_buffer.o
 .debug_aranges