Archive member included to satisfy reference by file (symbol)

c:/nxp/lpcxpresso_8.2.2_650/lpcxpresso/tools/bin/../lib/gcc/arm-none-eabi/5.4.1/armv7-m\libgcc.a(_aeabi_uldivmod.o)
                              ./src/chip_15xx_src/clock_15xx.o (__aeabi_uldivmod)
c:/nxp/lpcxpresso_8.2.2_650/lpcxpresso/tools/bin/../lib/gcc/arm-none-eabi/5.4.1/armv7-m\libgcc.a(_udivmoddi4.o)
                              c:/nxp/lpcxpresso_8.2.2_650/lpcxpresso/tools/bin/../lib/gcc/arm-none-eabi/5.4.1/armv7-m\libgcc.a(_aeabi_uldivmod.o) (__udivmoddi4)
c:/nxp/lpcxpresso_8.2.2_650/lpcxpresso/tools/bin/../lib/gcc/arm-none-eabi/5.4.1/armv7-m\libgcc.a(_dvmd_tls.o)
                              c:/nxp/lpcxpresso_8.2.2_650/lpcxpresso/tools/bin/../lib/gcc/arm-none-eabi/5.4.1/armv7-m\libgcc.a(_aeabi_uldivmod.o) (__aeabi_ldiv0)
c:/nxp/lpcxpresso_8.2.2_650/lpcxpresso/tools/bin/../lib/gcc/arm-none-eabi/5.4.1/../../../../arm-none-eabi/lib/armv7-m\libc.a(lib_a-init.o)
                              ./src/cr_startup_lpc15xx.o (__libc_init_array)
c:/nxp/lpcxpresso_8.2.2_650/lpcxpresso/tools/bin/../lib/gcc/arm-none-eabi/5.4.1/../../../../arm-none-eabi/lib/armv7-m\libc.a(lib_a-malloc.o)
                              ./src/cr_cpp_config.o (malloc)
c:/nxp/lpcxpresso_8.2.2_650/lpcxpresso/tools/bin/../lib/gcc/arm-none-eabi/5.4.1/../../../../arm-none-eabi/lib/armv7-m\libc.a(lib_a-mallocr.o)
                              c:/nxp/lpcxpresso_8.2.2_650/lpcxpresso/tools/bin/../lib/gcc/arm-none-eabi/5.4.1/../../../../arm-none-eabi/lib/armv7-m\libc.a(lib_a-malloc.o) (_malloc_r)
c:/nxp/lpcxpresso_8.2.2_650/lpcxpresso/tools/bin/../lib/gcc/arm-none-eabi/5.4.1/../../../../arm-none-eabi/lib/armv7-m\libc.a(lib_a-memcpy.o)
                              ./src/chip_15xx_src/ring_buffer.o (memcpy)
c:/nxp/lpcxpresso_8.2.2_650/lpcxpresso/tools/bin/../lib/gcc/arm-none-eabi/5.4.1/../../../../arm-none-eabi/lib/armv7-m\libc.a(lib_a-mlock.o)
                              c:/nxp/lpcxpresso_8.2.2_650/lpcxpresso/tools/bin/../lib/gcc/arm-none-eabi/5.4.1/../../../../arm-none-eabi/lib/armv7-m\libc.a(lib_a-mallocr.o) (__malloc_lock)
c:/nxp/lpcxpresso_8.2.2_650/lpcxpresso/tools/bin/../lib/gcc/arm-none-eabi/5.4.1/../../../../arm-none-eabi/lib/armv7-m\libc.a(lib_a-sbrkr.o)
                              c:/nxp/lpcxpresso_8.2.2_650/lpcxpresso/tools/bin/../lib/gcc/arm-none-eabi/5.4.1/../../../../arm-none-eabi/lib/armv7-m\libc.a(lib_a-mallocr.o) (_sbrk_r)
c:/nxp/lpcxpresso_8.2.2_650/lpcxpresso/tools/bin/../lib/gcc/arm-none-eabi/5.4.1/../../../../arm-none-eabi/lib/armv7-m\libc.a(lib_a-freer.o)
                              c:/nxp/lpcxpresso_8.2.2_650/lpcxpresso/tools/bin/../lib/gcc/arm-none-eabi/5.4.1/../../../../arm-none-eabi/lib/armv7-m\libc.a(lib_a-malloc.o) (_free_r)
c:/nxp/lpcxpresso_8.2.2_650/lpcxpresso/tools/bin/../lib/gcc/arm-none-eabi/5.4.1/../../../../arm-none-eabi/lib/armv7-m\libc.a(lib_a-impure.o)
                              c:/nxp/lpcxpresso_8.2.2_650/lpcxpresso/tools/bin/../lib/gcc/arm-none-eabi/5.4.1/../../../../arm-none-eabi/lib/armv7-m\libc.a(lib_a-malloc.o) (_impure_ptr)
c:/nxp/lpcxpresso_8.2.2_650/lpcxpresso/tools/bin/../lib/gcc/arm-none-eabi/5.4.1/../../../../arm-none-eabi/lib/armv7-m\libc.a(lib_a-reent.o)
                              c:/nxp/lpcxpresso_8.2.2_650/lpcxpresso/tools/bin/../lib/gcc/arm-none-eabi/5.4.1/../../../../arm-none-eabi/lib/armv7-m\libc.a(lib_a-sbrkr.o) (errno)
c:/nxp/lpcxpresso_8.2.2_650/lpcxpresso/tools/bin/../lib/gcc/arm-none-eabi/5.4.1/../../../../arm-none-eabi/lib/armv7-m\libstdc++.a(guard.o)
                              ./src/drivers_src/kwp_usart.o (__cxa_guard_acquire)
c:/nxp/lpcxpresso_8.2.2_650/lpcxpresso/tools/bin/../lib/gcc/arm-none-eabi/5.4.1/../../../../arm-none-eabi/lib/armv7-m\libstdc++.a(eh_throw.o)
                              c:/nxp/lpcxpresso_8.2.2_650/lpcxpresso/tools/bin/../lib/gcc/arm-none-eabi/5.4.1/../../../../arm-none-eabi/lib/armv7-m\libstdc++.a(guard.o) (__cxa_throw)
c:/nxp/lpcxpresso_8.2.2_650/lpcxpresso/tools/bin/../lib/gcc/arm-none-eabi/5.4.1/../../../../arm-none-eabi/lib/armv7-m\libstdc++.a(eh_globals.o)
                              c:/nxp/lpcxpresso_8.2.2_650/lpcxpresso/tools/bin/../lib/gcc/arm-none-eabi/5.4.1/../../../../arm-none-eabi/lib/armv7-m\libstdc++.a(eh_throw.o) (__cxa_get_globals)
c:/nxp/lpcxpresso_8.2.2_650/lpcxpresso/tools/bin/../lib/gcc/arm-none-eabi/5.4.1/../../../../arm-none-eabi/lib/armv7-m\libstdc++.a(eh_terminate.o)
                              c:/nxp/lpcxpresso_8.2.2_650/lpcxpresso/tools/bin/../lib/gcc/arm-none-eabi/5.4.1/../../../../arm-none-eabi/lib/armv7-m\libstdc++.a(eh_throw.o) (__cxxabiv1::__terminate(void (*)()))
c:/nxp/lpcxpresso_8.2.2_650/lpcxpresso/tools/bin/../lib/gcc/arm-none-eabi/5.4.1/../../../../arm-none-eabi/lib/armv7-m\libstdc++.a(guard_error.o)
                              c:/nxp/lpcxpresso_8.2.2_650/lpcxpresso/tools/bin/../lib/gcc/arm-none-eabi/5.4.1/../../../../arm-none-eabi/lib/armv7-m\libstdc++.a(guard.o) (__gnu_cxx::recursive_init_error::~recursive_init_error())
[...]
Memory Configuration

Name             Origin             Length             Attributes
MFlash256        0x00000000         0x00040000         xr
Ram0_16          0x02000000         0x00004000         xrw
Ram1_16          0x02004000         0x00004000         xrw
Ram2_4           0x02008000         0x00001000         xrw
*default*        0x00000000         0xffffffff

Linker script and memory map

LOAD ./src/drivers_src/can_controllor.o
LOAD ./src/drivers_src/kwp_usart.o
LOAD ./src/drivers_src/led.o
LOAD ./src/drivers_src/timer.o
LOAD ./src/drivers_src/usart.o
LOAD ./src/chip_15xx_src/acmp_15xx.o
LOAD ./src/chip_15xx_src/adc_15xx.o
LOAD ./src/chip_15xx_src/chip_15xx.o
LOAD ./src/chip_15xx_src/clock_15xx.o
LOAD ./src/chip_15xx_src/crc_15xx.o
LOAD ./src/chip_15xx_src/dac_15xx.o
LOAD ./src/chip_15xx_src/dma_15xx.o
LOAD ./src/chip_15xx_src/eeprom.o
LOAD ./src/chip_15xx_src/gpio_15xx.o
LOAD ./src/chip_15xx_src/i2c_common_15xx.o
LOAD ./src/chip_15xx_src/i2cm_15xx.o
LOAD ./src/chip_15xx_src/i2cs_15xx.o
LOAD ./src/chip_15xx_src/iap.o
LOAD ./src/chip_15xx_src/iocon_15xx.o
LOAD ./src/chip_15xx_src/pinint_15xx.o
LOAD ./src/chip_15xx_src/pmu_15xx.o
LOAD ./src/chip_15xx_src/ring_buffer.o
LOAD ./src/chip_15xx_src/ritimer_15xx.o
LOAD ./src/chip_15xx_src/rtc_15xx.o
LOAD ./src/chip_15xx_src/sct_15xx.o
LOAD ./src/chip_15xx_src/sct_pwm_15xx.o
LOAD ./src/chip_15xx_src/sctipu_15xx.o
LOAD ./src/chip_15xx_src/spi_15xx.o
LOAD ./src/chip_15xx_src/stopwatch_15xx.o
LOAD ./src/chip_15xx_src/swm_15xx.o
LOAD ./src/chip_15xx_src/sysctl_15xx.o
LOAD ./src/chip_15xx_src/sysinit_15xx.o
LOAD ./src/chip_15xx_src/uart_15xx.o
LOAD ./src/chip_15xx_src/wwdt_15xx.o
LOAD ./src/board_src/adpapter_board.o
LOAD ./src/board_src/board_configure.o
LOAD ./src/adapter_0_0_1.o
LOAD ./src/cr_cpp_config.o
LOAD ./src/cr_startup_lpc15xx.o
LOAD ./src/crp.o
START GROUP
LOAD c:/nxp/lpcxpresso_8.2.2_650/lpcxpresso/tools/bin/../lib/gcc/arm-none-eabi/5.4.1/armv7-m\libgcc.a
LOAD c:/nxp/lpcxpresso_8.2.2_650/lpcxpresso/tools/bin/../lib/gcc/arm-none-eabi/5.4.1/../../../../arm-none-eabi/lib/armv7-m\libc.a
LOAD c:/nxp/lpcxpresso_8.2.2_650/lpcxpresso/tools/bin/../lib/gcc/arm-none-eabi/5.4.1/../../../../arm-none-eabi/lib/armv7-m\libstdc++.a
LOAD c:/nxp/lpcxpresso_8.2.2_650/lpcxpresso/tools/bin/../lib/gcc/arm-none-eabi/5.4.1/../../../../arm-none-eabi/lib/armv7-m\libm.a
LOAD c:/nxp/lpcxpresso_8.2.2_650/lpcxpresso/tools/bin/../lib/gcc/arm-none-eabi/5.4.1/../../../../arm-none-eabi/lib/armv7-m\libcr_newlib_nohost.a
LOAD c:/nxp/lpcxpresso_8.2.2_650/lpcxpresso/tools/bin/../lib/gcc/arm-none-eabi/5.4.1/armv7-m\crti.o
LOAD c:/nxp/lpcxpresso_8.2.2_650/lpcxpresso/tools/bin/../lib/gcc/arm-none-eabi/5.4.1/armv7-m\crtn.o
LOAD c:/nxp/lpcxpresso_8.2.2_650/lpcxpresso/tools/bin/../lib/gcc/arm-none-eabi/5.4.1/armv7-m\crtbegin.o
LOAD c:/nxp/lpcxpresso_8.2.2_650/lpcxpresso/tools/bin/../lib/gcc/arm-none-eabi/5.4.1/armv7-m\crtend.o
END GROUP
                0x00000000                __base_MFlash256 = 0x0
                0x00000000                __base_Flash = 0x0
                0x00040000                __top_MFlash256 = 0x40000
                0x00040000                __top_Flash = 0x40000
                0x02000000                __base_Ram0_16 = 0x2000000
                0x02000000                __base_RAM = 0x2000000
                0x02004000                __top_Ram0_16 = 0x2004000
                0x02004000                __top_RAM = 0x2004000
                0x02004000                __base_Ram1_16 = 0x2004000
                0x02004000                __base_RAM2 = 0x2004000
                0x02008000                __top_Ram1_16 = 0x2008000
                0x02008000                __top_RAM2 = 0x2008000
                0x02008000                __base_Ram2_4 = 0x2008000
                0x02008000                __base_RAM3 = 0x2008000
                0x02009000                __top_Ram2_4 = 0x2009000
                0x02009000                __top_RAM3 = 0x2009000

.text           0x00000000     0x5180
 FILL mask 0xff
                0x00000000                __vectors_start__ = ABSOLUTE (.)
 *(.isr_vector)
 .isr_vector    0x00000000       0xfc ./src/cr_startup_lpc15xx.o
                0x00000000                g_pfnVectors
                0x000000fc                . = ALIGN (0x4)
                0x000000fc                __section_table_start = .
                0x000000fc                __data_section_table = .
                0x000000fc        0x4 LONG 0x5418 LOADADDR (.data)
                0x00000100        0x4 LONG 0x2000000 ADDR (.data)
                0x00000104        0x4 LONG 0x858 SIZEOF (.data)
                0x00000108        0x4 LONG 0x5418 LOADADDR (.data_RAM2)
                0x0000010c        0x4 LONG 0x2004000 ADDR (.data_RAM2)
                0x00000110        0x4 LONG 0x0 SIZEOF (.data_RAM2)
                0x00000114        0x4 LONG 0x5418 LOADADDR (.data_RAM3)
                0x00000118        0x4 LONG 0x2008000 ADDR (.data_RAM3)
                0x0000011c        0x4 LONG 0x0 SIZEOF (.data_RAM3)
                0x00000120                __data_section_table_end = .
                0x00000120                __bss_section_table = .
                0x00000120        0x4 LONG 0x2000858 ADDR (.bss)
                0x00000124        0x4 LONG 0x740 SIZEOF (.bss)
                0x00000128        0x4 LONG 0x2004000 ADDR (.bss_RAM2)
                0x0000012c        0x4 LONG 0x0 SIZEOF (.bss_RAM2)
                0x00000130        0x4 LONG 0x2008000 ADDR (.bss_RAM3)
                0x00000134        0x4 LONG 0x0 SIZEOF (.bss_RAM3)
                0x00000138                __bss_section_table_end = .
                0x00000138                __section_table_end = .
 *(.after_vectors*)
 .after_vectors
                0x00000138      0x154 ./src/cr_startup_lpc15xx.o
                0x00000138                data_init(unsigned int, unsigned int, unsigned int)
                0x0000017c                bss_init(unsigned int, unsigned int)
                0x000001b4                ResetISR
                0x0000023c                NMI_Handler
                0x00000244                HardFault_Handler
                0x0000024c                MemManage_Handler
                0x00000254                BusFault_Handler
                0x0000025c                UsageFault_Handler
                0x00000264                SVC_Handler
                0x0000026c                DebugMon_Handler
                0x00000274                PendSV_Handler
                0x0000027c                SysTick_Handler
                0x00000284                SPI1_IRQHandler
                0x00000284                PIN_INT6_IRQHandler
                0x00000284                IntDefaultHandler
                0x00000284                PIN_INT4_IRQHandler
                0x00000284                CAN_IRQHandler
                0x00000284                RTC_ALARM_IRQHandler
                0x00000284                ADC1B_IRQHandler
                0x00000284                ADC1_OVR_IRQHandler
                0x00000284                USBWakeup_IRQHandler
                0x00000284                PIN_INT5_IRQHandler
                0x00000284                RTC_WAKE_IRQHandler
                0x00000284                PIN_INT2_IRQHandler
                0x00000284                USB_FIQHandler
                0x00000284                ADC1_THCMP_IRQHandler
                0x00000284                PIN_INT7_IRQHandler
                0x00000284                SCT0_IRQHandler
                0x00000284                PIN_INT1_IRQHandler
                0x00000284                USB_IRQHandler
                0x00000284                BOD_IRQHandler
                0x00000284                ADC0B_IRQHandler
                0x00000284                ACMP0_IRQHandler
                0x00000284                ADC0_OVR_IRQHandler
                0x00000284                I2C0_IRQHandler
                0x00000284                WDT_IRQHandler
                0x00000284                SCT1_IRQHandler
                0x00000284                PIN_INT0_IRQHandler
                0x00000284                QEI_IRQHandler
                0x00000284                ACMP3_IRQHandler
                0x00000284                GINT0_IRQHandler
                0x00000284                DAC_IRQHandler
                0x00000284                SPI0_IRQHandler
                0x00000284                EEPROM_IRQHandler
                0x00000284                ACMP2_IRQHandler
                0x00000284                SCT2_IRQHandler
                0x00000284                ADC1A_IRQHandler
                0x00000284                DMA_IRQHandler
                0x00000284                PIN_INT3_IRQHandler
                0x00000284                ACMP1_IRQHandler
                0x00000284                SCT3_IRQHandler
                0x00000284                ADC0A_IRQHandler
                0x00000284                FMC_IRQHandler
                0x00000284                GINT1_IRQHandler
                0x00000284                ADC0_THCMP_IRQHandler
                0x000002fc                . = 0x2fc
 *fill*         0x0000028c       0x70 ff
                0x000002fc                PROVIDE (__CRP_WORD_START__, .)
 *(.crp)
 .crp           0x000002fc        0x4 ./src/crp.o
                0x000002fc                CRP_WORD
                0x00000300                PROVIDE (__CRP_WORD_END__, .)
                0x00000001                ASSERT (! ((__CRP_WORD_START__ == __CRP_WORD_END__)), Linker CRP Enabled, but no CRP_WORD provided within application)
 *(.text*)
 .text._ZN8KWP_UART8InstanceEv
                0x00000300       0x40 ./src/drivers_src/kwp_usart.o
                0x00000300                KWP_UART::Instance()
 .text._ZN8KWP_UARTC2Ev
                0x00000340       0x30 ./src/drivers_src/kwp_usart.o
                0x00000340                KWP_UART::KWP_UART()
                0x00000340                KWP_UART::KWP_UART()
 .text._ZN8KWP_UART15Kwp_RX_CallbackEc
                0x00000370       0x14 ./src/drivers_src/kwp_usart.o
                0x00000370                KWP_UART::Kwp_RX_Callback(char)
 .text._ZN3Led8instanceEv
                0x00000384       0x54 ./src/drivers_src/led.o
                0x00000384                Led::instance()
 .text._ZN3Led12Blink_Led_TXEv
                0x000003d8       0x20 ./src/drivers_src/led.o
                0x000003d8                Led::Blink_Led_TX()
 .text._ZN3Led10Off_Led_TXEv
                0x000003f8       0x14 ./src/drivers_src/led.o
                0x000003f8                Led::Off_Led_TX()
 .text._ZN3Led10Off_Led_RXEv
                0x0000040c       0x14 ./src/drivers_src/led.o
                0x0000040c                Led::Off_Led_RX()
 .text._ZN3LedC2Ev
                0x00000420       0x34 ./src/drivers_src/led.o
                0x00000420                Led::Led()
                0x00000420                Led::Led()
 .text._ZN3LedD2Ev
                0x00000454       0x14 ./src/drivers_src/led.o
                0x00000454                Led::~Led()
                0x00000454                Led::~Led()
 .text._ZN3Led11Start_TimerEv
                0x00000468       0x1c ./src/drivers_src/led.o
                0x00000468                Led::Start_Timer()
 .text._ZN3Led12Led_CallbackEv
                0x00000484       0x68 ./src/drivers_src/led.o
                0x00000484                Led::Led_Callback()
 .text.NVIC_EnableIRQ
                0x000004ec       0x30 ./src/drivers_src/timer.o
 .text.Chip_MRT_SetInterval_Immediately
                0x0000051c       0x20 ./src/drivers_src/timer.o
 .text.Chip_MRT_SetEnabled
                0x0000053c       0x20 ./src/drivers_src/timer.o
 .text.Chip_MRT_SetDisabled
                0x0000055c       0x20 ./src/drivers_src/timer.o
 .text.Chip_MRT_SetMode
                0x0000057c       0x2c ./src/drivers_src/timer.o
 .text.Chip_MRT_IntClear
                0x000005a8       0x20 ./src/drivers_src/timer.o
 .text.Chip_MRT_Running
                0x000005c8       0x24 ./src/drivers_src/timer.o
 .text.Chip_RIT_Enable
                0x000005ec       0x18 ./src/drivers_src/timer.o
 .text.Chip_RIT_Disable
                0x00000604       0x18 ./src/drivers_src/timer.o
 .text.Chip_RIT_EnableDebug
                0x0000061c       0x18 ./src/drivers_src/timer.o
 .text.Chip_RIT_DisableDebug
                0x00000634       0x18 ./src/drivers_src/timer.o
 .text.Chip_RIT_EnableCompClear
                0x0000064c       0x18 ./src/drivers_src/timer.o
 .text.Chip_RIT_ClearIntStatus
                0x00000664       0x20 ./src/drivers_src/timer.o
 .text._ZN5TimerC2E8TimerNum
                0x00000684       0x9c ./src/drivers_src/timer.o
                0x00000684                Timer::Timer(TimerNum)
                0x00000684                Timer::Timer(TimerNum)
 .text._ZN5Timer17Start_MillisecondEm
                0x00000720       0x34 ./src/drivers_src/timer.o
                0x00000720                Timer::Start_Millisecond(unsigned long)
 .text._ZN5Timer4StopEv
                0x00000754       0x1c ./src/drivers_src/timer.o
                0x00000754                Timer::Stop()
 .text._ZN5Timer9IsExpiredEv
                0x00000770       0x24 ./src/drivers_src/timer.o
                0x00000770                Timer::IsExpired()
 .text._ZN5Timer8InstanceE8TimerNum
                0x00000794       0xd8 ./src/drivers_src/timer.o
                0x00000794                Timer::Instance(TimerNum)
 .text.RIT_IRQHandler
                0x0000086c       0x2c ./src/drivers_src/timer.o
                0x0000086c                RIT_IRQHandler
 .text._ZN9LongTimerC2Ev
                0x00000898       0x60 ./src/drivers_src/timer.o
                0x00000898                LongTimer::LongTimer()
                0x00000898                LongTimer::LongTimer()
 .text._ZN9LongTimer17Start_MillisecondEy
                0x000008f8       0xac ./src/drivers_src/timer.o
                0x000008f8                LongTimer::Start_Millisecond(unsigned long long)
 .text._ZN9LongTimer8InstanceEPFvvE
                0x000009a4       0x54 ./src/drivers_src/timer.o
                0x000009a4                LongTimer::Instance(void (*)())
 .text.MRT_IRQHandler
                0x000009f8       0x48 ./src/drivers_src/timer.o
                0x000009f8                MRT_IRQHandler
 .text._ZN8LedTimer17Start_MillisecondEm
                0x00000a40       0x3c ./src/drivers_src/timer.o
                0x00000a40                LedTimer::Start_Millisecond(unsigned long)
 .text._ZN8LedTimerC2Ev
                0x00000a7c       0x50 ./src/drivers_src/timer.o
                0x00000a7c                LedTimer::LedTimer()
                0x00000a7c                LedTimer::LedTimer()
 .text._ZN8LedTimer8InstanceEPFvvE
                0x00000acc       0x54 ./src/drivers_src/timer.o
                0x00000acc                LedTimer::Instance(void (*)())
 .text.NVIC_EnableIRQ
                0x00000b20       0x30 ./src/drivers_src/usart.o
 .text.NVIC_DisableIRQ
                0x00000b50       0x34 ./src/drivers_src/usart.o
 .text.RingBuffer_Flush
                0x00000b84       0x20 ./src/drivers_src/usart.o
 .text.RingBuffer_IsEmpty
                0x00000ba4       0x28 ./src/drivers_src/usart.o
 .text.Chip_UART_SendByte
                0x00000bcc       0x1c ./src/drivers_src/usart.o
 .text.Chip_UART_ReadByte
                0x00000be8       0x1c ./src/drivers_src/usart.o
 .text.Chip_UART_IntEnable
                0x00000c04       0x1c ./src/drivers_src/usart.o
 .text.Chip_UART_IntDisable
                0x00000c20       0x1c ./src/drivers_src/usart.o
 .text.Chip_UART_GetIntStatus
                0x00000c3c       0x18 ./src/drivers_src/usart.o
 .text.Chip_UART_GetStatus
                0x00000c54       0x18 ./src/drivers_src/usart.o
 .text._ZN4UARTC2EP11LPC_USART_T
                0x00000c6c       0xa0 ./src/drivers_src/usart.o
                0x00000c6c                UART::UART(LPC_USART_T*)
                0x00000c6c                UART::UART(LPC_USART_T*)
 .text._ZN4UART8InstanceE9UART_TYPE
                0x00000d0c       0xe4 ./src/drivers_src/usart.o
                0x00000d0c                UART::Instance(UART_TYPE)
 .text._ZN4UART9Uart_InitEPK13UART_CONFIG_T
                0x00000df0       0x88 ./src/drivers_src/usart.o
                0x00000df0                UART::Uart_Init(UART_CONFIG_T const*)
 .text._ZN4UART15Set_RX_CallbackEPFvcE
                0x00000e78       0x1c ./src/drivers_src/usart.o
                0x00000e78                UART::Set_RX_Callback(void (*)(char))
 .text._ZN4UART10Isr_HandleEv
                0x00000e94       0x64 ./src/drivers_src/usart.o
                0x00000e94                UART::Isr_Handle()
 .text._ZN4UART14tx_irq_handlerEv
                0x00000ef8       0x98 ./src/drivers_src/usart.o
                0x00000ef8                UART::tx_irq_handler()
 .text._ZN4UART14rx_irq_handlerEv
                0x00000f90       0x50 ./src/drivers_src/usart.o
                0x00000f90                UART::rx_irq_handler()
 .text.UART0_IRQHandler
                0x00000fe0       0x24 ./src/drivers_src/usart.o
                0x00000fe0                UART0_IRQHandler
 .text.UART1_IRQHandler
                0x00001004       0x24 ./src/drivers_src/usart.o
                0x00001004                UART1_IRQHandler
 .text.UART2_IRQHandler
                0x00001028       0x24 ./src/drivers_src/usart.o
                0x00001028                UART2_IRQHandler
 .text.Chip_Clock_SetMain_A_ClockSource
                0x0000104c       0x20 ./src/chip_15xx_src/clock_15xx.o
 .text.Chip_Clock_GetMain_A_ClockSource
                0x0000106c       0x18 ./src/chip_15xx_src/clock_15xx.o
 .text.Chip_Clock_SetMain_B_ClockSource
                0x00001084       0x20 ./src/chip_15xx_src/clock_15xx.o
 .text.Chip_Clock_GetMain_B_ClockSource
                0x000010a4       0x18 ./src/chip_15xx_src/clock_15xx.o
 .text.Chip_Clock_SetUARTFRGDivider
                0x000010bc       0x20 ./src/chip_15xx_src/clock_15xx.o
 .text.Chip_Clock_GetUARTFRGDivider
                0x000010dc       0x18 ./src/chip_15xx_src/clock_15xx.o
 .text.Chip_Clock_GetMainOscRate
                0x000010f4       0x14 ./src/chip_15xx_src/clock_15xx.o
 .text.Chip_Clock_GetIntOscRate
                0x00001108       0x10 ./src/chip_15xx_src/clock_15xx.o
 .text.Chip_Clock_GetRTCOscRate
                0x00001118       0x14 ./src/chip_15xx_src/clock_15xx.o
 .text.Chip_Clock_GetWDTOSCRate
                0x0000112c       0x14 ./src/chip_15xx_src/clock_15xx.o
 .text.Chip_Clock_GetPLLFreq
                0x00001140       0x28 ./src/chip_15xx_src/clock_15xx.o
 .text.Chip_Clock_GetPLLInClockRate
                0x00001168       0x38 ./src/chip_15xx_src/clock_15xx.o
 .text.Chip_Clock_GetSystemPLLInClockRate
                0x000011a0       0x1c ./src/chip_15xx_src/clock_15xx.o
                0x000011a0                Chip_Clock_GetSystemPLLInClockRate
 .text.Chip_Clock_GetSystemPLLOutClockRate
                0x000011bc       0x24 ./src/chip_15xx_src/clock_15xx.o
                0x000011bc                Chip_Clock_GetSystemPLLOutClockRate
 .text.Chip_Clock_GetMain_A_ClockRate
                0x000011e0       0x44 ./src/chip_15xx_src/clock_15xx.o
                0x000011e0                Chip_Clock_GetMain_A_ClockRate
 .text.Chip_Clock_GetMain_B_ClockRate
                0x00001224       0x58 ./src/chip_15xx_src/clock_15xx.o
                0x00001224                Chip_Clock_GetMain_B_ClockRate
 .text.Chip_Clock_SetMainClockSource
                0x0000127c       0x3c ./src/chip_15xx_src/clock_15xx.o
                0x0000127c                Chip_Clock_SetMainClockSource
 .text.Chip_Clock_GetMainClockRate
                0x000012b8       0x28 ./src/chip_15xx_src/clock_15xx.o
                0x000012b8                Chip_Clock_GetMainClockRate
 .text.Chip_Clock_EnablePeriphClock
                0x000012e0       0x54 ./src/chip_15xx_src/clock_15xx.o
                0x000012e0                Chip_Clock_EnablePeriphClock
 .text.Chip_Clock_DisablePeriphClock
                0x00001334       0x58 ./src/chip_15xx_src/clock_15xx.o
                0x00001334                Chip_Clock_DisablePeriphClock
 .text.Chip_Clock_GetUARTBaseClockRate
                0x0000138c       0x88 ./src/chip_15xx_src/clock_15xx.o
                0x0000138c                Chip_Clock_GetUARTBaseClockRate
 .text.Chip_Clock_SetUARTBaseClockRate
                0x00001414       0xa0 ./src/chip_15xx_src/clock_15xx.o
                0x00001414                Chip_Clock_SetUARTBaseClockRate
 .text.Chip_Clock_Set_SYSOSCCTRL
                0x000014b4       0x48 ./src/chip_15xx_src/clock_15xx.o
                0x000014b4                Chip_Clock_Set_SYSOSCCTRL
 .text.RingBuffer_IsEmpty
                0x000014fc       0x28 ./src/chip_15xx_src/ring_buffer.o
 .text.RingBuffer_Init
                0x00001524       0x3c ./src/chip_15xx_src/ring_buffer.o
                0x00001524                RingBuffer_Init
 .text.RingBuffer_Pop
                0x00001560       0x5c ./src/chip_15xx_src/ring_buffer.o
                0x00001560                RingBuffer_Pop
 .text.Chip_RIT_SetCTRL
                0x000015bc       0x30 ./src/chip_15xx_src/ritimer_15xx.o
                0x000015bc                Chip_RIT_SetCTRL
 .text.Chip_RIT_ClearCTRL
                0x000015ec       0x3c ./src/chip_15xx_src/ritimer_15xx.o
                0x000015ec                Chip_RIT_ClearCTRL
 .text.Chip_SWM_MovablePinAssign
                0x00001628       0x5c ./src/chip_15xx_src/swm_15xx.o
                0x00001628                Chip_SWM_MovablePinAssign
 .text.Chip_SWM_DisableFixedPin
                0x00001684       0x48 ./src/chip_15xx_src/swm_15xx.o
                0x00001684                Chip_SWM_DisableFixedPin
 .text.Chip_SYSCTL_AssertPeriphReset
                0x000016cc       0x48 ./src/chip_15xx_src/sysctl_15xx.o
                0x000016cc                Chip_SYSCTL_AssertPeriphReset
 .text.Chip_SYSCTL_DeassertPeriphReset
                0x00001714       0x4c ./src/chip_15xx_src/sysctl_15xx.o
                0x00001714                Chip_SYSCTL_DeassertPeriphReset
 .text.Chip_SYSCTL_PowerDown
                0x00001760       0x40 ./src/chip_15xx_src/sysctl_15xx.o
                0x00001760                Chip_SYSCTL_PowerDown
 .text.Chip_SYSCTL_PowerUp
                0x000017a0       0x40 ./src/chip_15xx_src/sysctl_15xx.o
                0x000017a0                Chip_SYSCTL_PowerUp
 .text.Chip_FMC_SetFLASHAccess
                0x000017e0       0x38 ./src/board_src/adpapter_board.o
 .text.Chip_Clock_SetSystemPLLSource
                0x00001818       0x20 ./src/board_src/adpapter_board.o
 .text.Chip_Clock_SetupSystemPLL
                0x00001838       0x34 ./src/board_src/adpapter_board.o
 .text.Chip_Clock_IsSystemPLLLocked
                0x0000186c       0x24 ./src/board_src/adpapter_board.o
 .text.Chip_Clock_SetUSBPLLSource
                0x00001890       0x20 ./src/board_src/adpapter_board.o
 .text.Chip_Clock_SetupUSBPLL
                0x000018b0       0x34 ./src/board_src/adpapter_board.o
 .text.Chip_Clock_IsUSBPLLLocked
                0x000018e4       0x24 ./src/board_src/adpapter_board.o
 .text.Chip_Clock_SetSCTPLLSource
                0x00001908       0x20 ./src/board_src/adpapter_board.o
 .text.Chip_Clock_SetupSCTPLL
                0x00001928       0x34 ./src/board_src/adpapter_board.o
 .text.Chip_Clock_IsSCTPLLLocked
                0x0000195c       0x24 ./src/board_src/adpapter_board.o
 .text.Chip_Clock_SetSysClockDiv
                0x00001980       0x20 ./src/board_src/adpapter_board.o
 .text.Chip_IOCON_PinMuxSet
                0x000019a0       0x2c ./src/board_src/adpapter_board.o
 .text.Chip_SWM_MovablePortPinAssign
                0x000019cc       0x30 ./src/board_src/adpapter_board.o
 .text.Chip_GPIO_SetPinDIROutput
                0x000019fc       0x3c ./src/board_src/adpapter_board.o
 .text.Chip_GPIO_SetPinDIRInput
                0x00001a38       0x40 ./src/board_src/adpapter_board.o
 .text.Chip_GPIO_SetPinOutHigh
                0x00001a78       0x30 ./src/board_src/adpapter_board.o
 .text.Chip_GPIO_SetPinOutLow
                0x00001aa8       0x30 ./src/board_src/adpapter_board.o
 .text._Z26Board_Configure_Main_Clockv
                0x00001ad8       0x1c ./src/board_src/adpapter_board.o
                0x00001ad8                Board_Configure_Main_Clock()
 .text._Z27Board_Configure_USART_Clockv
                0x00001af4       0x20 ./src/board_src/adpapter_board.o
                0x00001af4                Board_Configure_USART_Clock()
 .text._Z25Board_Configure_CAN_Clockv
                0x00001b14       0x18 ./src/board_src/adpapter_board.o
                0x00001b14                Board_Configure_CAN_Clock()
 .text._Z22Board_Setup_System_PLLv
                0x00001b2c       0x38 ./src/board_src/adpapter_board.o
                0x00001b2c                Board_Setup_System_PLL()
 .text._Z19Board_Setup_USB_PLLv
                0x00001b64       0x38 ./src/board_src/adpapter_board.o
                0x00001b64                Board_Setup_USB_PLL()
 .text._Z19Board_Setup_SCT_PLLv
                0x00001b9c       0x38 ./src/board_src/adpapter_board.o
                0x00001b9c                Board_Setup_SCT_PLL()
 .text._Z29Board_Setup_System_Oscillatorv
                0x00001bd4       0x48 ./src/board_src/adpapter_board.o
                0x00001bd4                Board_Setup_System_Oscillator()
 .text._Z24Board_Enable_PeriphClockv
                0x00001c1c       0x64 ./src/board_src/adpapter_board.o
                0x00001c1c                Board_Enable_PeriphClock()
 .text._Z34Board_Configure_Bluetooth_USART_IOv
                0x00001c80       0x74 ./src/board_src/adpapter_board.o
                0x00001c80                Board_Configure_Bluetooth_USART_IO()
 .text._Z28Board_Configure_KWP_USART_IOv
                0x00001cf4       0x5c ./src/board_src/adpapter_board.o
                0x00001cf4                Board_Configure_KWP_USART_IO()
 .text._Z22Board_Configure_CAN_IOv
                0x00001d50       0x5c ./src/board_src/adpapter_board.o
                0x00001d50                Board_Configure_CAN_IO()
 .text._Z22Board_Configure_LED_IOv
                0x00001dac       0x40 ./src/board_src/adpapter_board.o
                0x00001dac                Board_Configure_LED_IO()
 .text._Z18Board_Configure_IOv
                0x00001dec       0x2c ./src/board_src/adpapter_board.o
                0x00001dec                Board_Configure_IO()
 .text._Z10Board_Initv
                0x00001e18       0x2c ./src/board_src/adpapter_board.o
                0x00001e18                Board_Init()
 .text._Z12Board_Deinitv
                0x00001e44       0x30 ./src/board_src/adpapter_board.o
                0x00001e44                Board_Deinit()
 .text._Z20Board_Lighten_TX_LEDv
                0x00001e74       0x14 ./src/board_src/adpapter_board.o
                0x00001e74                Board_Lighten_TX_LED()
 .text._Z16Board_Off_TX_LEDv
                0x00001e88       0x14 ./src/board_src/adpapter_board.o
                0x00001e88                Board_Off_TX_LED()
 .text._Z16Board_Off_RX_LEDv
                0x00001e9c       0x14 ./src/board_src/adpapter_board.o
                0x00001e9c                Board_Off_RX_LED()
 .text._ZN15Board_Configure8instanceEv
                0x00001eb0       0x68 ./src/board_src/board_configure.o
                0x00001eb0                Board_Configure::instance()
 .text._ZN15Board_Configure9ConfigureEv
                0x00001f18       0x20 ./src/board_src/board_configure.o
                0x00001f18                Board_Configure::Configure()
 .text._ZN15Board_ConfigureC2Ev
                0x00001f38       0x20 ./src/board_src/board_configure.o
                0x00001f38                Board_Configure::Board_Configure()
                0x00001f38                Board_Configure::Board_Configure()
 .text._ZN15Board_ConfigureD2Ev
                0x00001f58       0x20 ./src/board_src/board_configure.o
                0x00001f58                Board_Configure::~Board_Configure()
                0x00001f58                Board_Configure::~Board_Configure()
 .text.main     0x00001f78       0xc4 ./src/adapter_0_0_1.o
                0x00001f78                main
 .text._Z18LongTimer_Callbackv
                0x0000203c       0x20 ./src/adapter_0_0_1.o
                0x0000203c                LongTimer_Callback()
 .text._Z21Bluetooth_Rx_Callbackc
                0x0000205c       0x3c ./src/adapter_0_0_1.o
                0x0000205c                Bluetooth_Rx_Callback(char)
 .text._ZdlPv   0x00002098       0x18 ./src/cr_cpp_config.o
                0x00002098                operator delete(void*)
 .text.__aeabi_atexit
                0x000020b0       0x18 ./src/cr_cpp_config.o
                0x000020b0                __aeabi_atexit
 .text._ZN9__gnu_cxx27__verbose_terminate_handlerEv
                0x000020c8        0x8 ./src/cr_cpp_config.o
                0x000020c8                __gnu_cxx::__verbose_terminate_handler()
 .text          0x000020d0       0x30 c:/nxp/lpcxpresso_8.2.2_650/lpcxpresso/tools/bin/../lib/gcc/arm-none-eabi/5.4.1/armv7-m\libgcc.a(_aeabi_uldivmod.o)
                0x000020d0                __aeabi_uldivmod
 .text          0x00002100      0x2ec c:/nxp/lpcxpresso_8.2.2_650/lpcxpresso/tools/bin/../lib/gcc/arm-none-eabi/5.4.1/armv7-m\libgcc.a(_udivmoddi4.o)
                0x00002100                __udivmoddi4
 .text          0x000023ec        0x4 c:/nxp/lpcxpresso_8.2.2_650/lpcxpresso/tools/bin/../lib/gcc/arm-none-eabi/5.4.1/armv7-m\libgcc.a(_dvmd_tls.o)
                0x000023ec                __aeabi_idiv0
                0x000023ec                __aeabi_ldiv0
 .text.__libc_init_array
                0x000023f0       0x50 c:/nxp/lpcxpresso_8.2.2_650/lpcxpresso/tools/bin/../lib/gcc/arm-none-eabi/5.4.1/../../../../arm-none-eabi/lib/armv7-m\libc.a(lib_a-init.o)
                0x000023f0                __libc_init_array
 .text.malloc   0x00002440       0x10 c:/nxp/lpcxpresso_8.2.2_650/lpcxpresso/tools/bin/../lib/gcc/arm-none-eabi/5.4.1/../../../../arm-none-eabi/lib/armv7-m\libc.a(lib_a-malloc.o)
                0x00002440                malloc
 .text.free     0x00002450       0x10 c:/nxp/lpcxpresso_8.2.2_650/lpcxpresso/tools/bin/../lib/gcc/arm-none-eabi/5.4.1/../../../../arm-none-eabi/lib/armv7-m\libc.a(lib_a-malloc.o)
                0x00002450                free
 .text._malloc_r
                0x00002460      0x558 c:/nxp/lpcxpresso_8.2.2_650/lpcxpresso/tools/bin/../lib/gcc/arm-none-eabi/5.4.1/../../../../arm-none-eabi/lib/armv7-m\libc.a(lib_a-mallocr.o)
                0x00002460                _malloc_r
 .text          0x000029b8       0xec c:/nxp/lpcxpresso_8.2.2_650/lpcxpresso/tools/bin/../lib/gcc/arm-none-eabi/5.4.1/../../../../arm-none-eabi/lib/armv7-m\libc.a(lib_a-memcpy.o)
                0x000029b8                memcpy
 .text.__malloc_lock
                0x00002aa4        0x4 c:/nxp/lpcxpresso_8.2.2_650/lpcxpresso/tools/bin/../lib/gcc/arm-none-eabi/5.4.1/../../../../arm-none-eabi/lib/armv7-m\libc.a(lib_a-mlock.o)
                0x00002aa4                __malloc_lock
 .text.__malloc_unlock
                0x00002aa8        0x4 c:/nxp/lpcxpresso_8.2.2_650/lpcxpresso/tools/bin/../lib/gcc/arm-none-eabi/5.4.1/../../../../arm-none-eabi/lib/armv7-m\libc.a(lib_a-mlock.o)
                0x00002aa8                __malloc_unlock
 .text._sbrk_r  0x00002aac       0x24 c:/nxp/lpcxpresso_8.2.2_650/lpcxpresso/tools/bin/../lib/gcc/arm-none-eabi/5.4.1/../../../../arm-none-eabi/lib/armv7-m\libc.a(lib_a-sbrkr.o)
                0x00002aac                _sbrk_r
 .text._malloc_trim_r
                0x00002ad0       0x9c c:/nxp/lpcxpresso_8.2.2_650/lpcxpresso/tools/bin/../lib/gcc/arm-none-eabi/5.4.1/../../../../arm-none-eabi/lib/armv7-m\libc.a(lib_a-freer.o)
                0x00002ad0                _malloc_trim_r
 .text._free_r  0x00002b6c      0x1d0 c:/nxp/lpcxpresso_8.2.2_650/lpcxpresso/tools/bin/../lib/gcc/arm-none-eabi/5.4.1/../../../../arm-none-eabi/lib/armv7-m\libc.a(lib_a-freer.o)
                0x00002b6c                _free_r
 .text.__cxa_guard_acquire
                0x00002d3c       0x38 c:/nxp/lpcxpresso_8.2.2_650/lpcxpresso/tools/bin/../lib/gcc/arm-none-eabi/5.4.1/../../../../arm-none-eabi/lib/armv7-m\libstdc++.a(guard.o)
                0x00002d3c                __cxa_guard_acquire
 .text.__cxa_guard_release
                0x00002d74        0x8 c:/nxp/lpcxpresso_8.2.2_650/lpcxpresso/tools/bin/../lib/gcc/arm-none-eabi/5.4.1/../../../../arm-none-eabi/lib/armv7-m\libstdc++.a(guard.o)
                0x00002d74                __cxa_guard_release
 .text._ZL23__gxx_exception_cleanup19_Unwind_Reason_CodeP21_Unwind_Control_Block
                0x00002d7c       0x44 c:/nxp/lpcxpresso_8.2.2_650/lpcxpresso/tools/bin/../lib/gcc/arm-none-eabi/5.4.1/../../../../arm-none-eabi/lib/armv7-m\libstdc++.a(eh_throw.o)
 .text.__cxa_throw
                0x00002dc0       0x7c c:/nxp/lpcxpresso_8.2.2_650/lpcxpresso/tools/bin/../lib/gcc/arm-none-eabi/5.4.1/../../../../arm-none-eabi/lib/armv7-m\libstdc++.a(eh_throw.o)
                0x00002dc0                __cxa_throw
 .text.__cxa_rethrow
                0x00002e3c       0x70 c:/nxp/lpcxpresso_8.2.2_650/lpcxpresso/tools/bin/../lib/gcc/arm-none-eabi/5.4.1/../../../../arm-none-eabi/lib/armv7-m\libstdc++.a(eh_throw.o)
                0x00002e3c                __cxa_rethrow
 .text.__cxa_get_globals_fast
                0x00002eac        0x8 c:/nxp/lpcxpresso_8.2.2_650/lpcxpresso/tools/bin/../lib/gcc/arm-none-eabi/5.4.1/../../../../arm-none-eabi/lib/armv7-m\libstdc++.a(eh_globals.o)
                0x00002eac                __cxa_get_globals_fast
 .text.__cxa_get_globals
                0x00002eb4        0x8 c:/nxp/lpcxpresso_8.2.2_650/lpcxpresso/tools/bin/../lib/gcc/arm-none-eabi/5.4.1/../../../../arm-none-eabi/lib/armv7-m\libstdc++.a(eh_globals.o)
                0x00002eb4                __cxa_get_globals
 .text._ZN10__cxxabiv111__terminateEPFvvE
                0x00002ebc       0x28 c:/nxp/lpcxpresso_8.2.2_650/lpcxpresso/tools/bin/../lib/gcc/arm-none-eabi/5.4.1/../../../../arm-none-eabi/lib/armv7-m\libstdc++.a(eh_terminate.o)
                0x00002ebc                __cxxabiv1::__terminate(void (*)())
 .text._ZSt9terminatev
                0x00002ee4       0x14 c:/nxp/lpcxpresso_8.2.2_650/lpcxpresso/tools/bin/../lib/gcc/arm-none-eabi/5.4.1/../../../../arm-none-eabi/lib/armv7-m\libstdc++.a(eh_terminate.o)
                0x00002ee4                std::terminate()
 .text._ZN10__cxxabiv112__unexpectedEPFvvE
                0x00002ef8        0x8 c:/nxp/lpcxpresso_8.2.2_650/lpcxpresso/tools/bin/../lib/gcc/arm-none-eabi/5.4.1/../../../../arm-none-eabi/lib/armv7-m\libstdc++.a(eh_terminate.o)
                0x00002ef8                __cxxabiv1::__unexpected(void (*)())
 .text._ZSt10unexpectedv
                0x00002f00       0x14 c:/nxp/lpcxpresso_8.2.2_650/lpcxpresso/tools/bin/../lib/gcc/arm-none-eabi/5.4.1/../../../../arm-none-eabi/lib/armv7-m\libstdc++.a(eh_terminate.o)
                0x00002f00                std::unexpected()
 .text._ZSt13get_terminatev
                0x00002f14       0x10 c:/nxp/lpcxpresso_8.2.2_650/lpcxpresso/tools/bin/../lib/gcc/arm-none-eabi/5.4.1/../../../../arm-none-eabi/lib/armv7-m\libstdc++.a(eh_terminate.o)
                0x00002f14                std::get_terminate()
 .text._ZSt14get_unexpectedv
                0x00002f24       0x10 c:/nxp/lpcxpresso_8.2.2_650/lpcxpresso/tools/bin/../lib/gcc/arm-none-eabi/5.4.1/../../../../arm-none-eabi/lib/armv7-m\libstdc++.a(eh_terminate.o)
                0x00002f24                std::get_unexpected()
 .text._ZN9__gnu_cxx20recursive_init_errorD2Ev
                0x00002f34       0x14 c:/nxp/lpcxpresso_8.2.2_650/lpcxpresso/tools/bin/../lib/gcc/arm-none-eabi/5.4.1/../../../../arm-none-eabi/lib/armv7-m\libstdc++.a(guard_error.o)
                0x00002f34                __gnu_cxx::recursive_init_error::~recursive_init_error()
                0x00002f34                __gnu_cxx::recursive_init_error::~recursive_init_error()
 .text._ZN9__gnu_cxx20recursive_init_errorD0Ev
                0x00002f48       0x1c c:/nxp/lpcxpresso_8.2.2_650/lpcxpresso/tools/bin/../lib/gcc/arm-none-eabi/5.4.1/../../../../arm-none-eabi/lib/armv7-m\libstdc++.a(guard_error.o)
                0x00002f48                __gnu_cxx::recursive_init_error::~recursive_init_error()
 .text._ZN12_GLOBAL__N_14pool4freeEPv.constprop.4
                0x00002f64       0x7c c:/nxp/lpcxpresso_8.2.2_650/lpcxpresso/tools/bin/../lib/gcc/arm-none-eabi/5.4.1/../../../../arm-none-eabi/lib/armv7-m\libstdc++.a(eh_alloc.o)
 .text._ZN12_GLOBAL__N_14pool8allocateEj.constprop.5
                0x00002fe0       0x64 c:/nxp/lpcxpresso_8.2.2_650/lpcxpresso/tools/bin/../lib/gcc/arm-none-eabi/5.4.1/../../../../arm-none-eabi/lib/armv7-m\libstdc++.a(eh_alloc.o)
 .text.__cxa_allocate_exception
                0x00003044       0x30 c:/nxp/lpcxpresso_8.2.2_650/lpcxpresso/tools/bin/../lib/gcc/arm-none-eabi/5.4.1/../../../../arm-none-eabi/lib/armv7-m\libstdc++.a(eh_alloc.o)
                0x00003044                __cxa_allocate_exception
 .text.__cxa_free_exception
                0x00003074       0x20 c:/nxp/lpcxpresso_8.2.2_650/lpcxpresso/tools/bin/../lib/gcc/arm-none-eabi/5.4.1/../../../../arm-none-eabi/lib/armv7-m\libstdc++.a(eh_alloc.o)
                0x00003074                __cxa_free_exception
 .text.startup._GLOBAL__sub_I___cxa_allocate_exception
                0x00003094       0x28 c:/nxp/lpcxpresso_8.2.2_650/lpcxpresso/tools/bin/../lib/gcc/arm-none-eabi/5.4.1/../../../../arm-none-eabi/lib/armv7-m\libstdc++.a(eh_alloc.o)
 .text.__cxa_end_cleanup
                0x000030bc        0xc c:/nxp/lpcxpresso_8.2.2_650/lpcxpresso/tools/bin/../lib/gcc/arm-none-eabi/5.4.1/../../../../arm-none-eabi/lib/armv7-m\libstdc++.a(eh_arm.o)
                0x000030bc                __cxa_end_cleanup
 .text.__cxa_type_match
                0x000030c8       0xb0 c:/nxp/lpcxpresso_8.2.2_650/lpcxpresso/tools/bin/../lib/gcc/arm-none-eabi/5.4.1/../../../../arm-none-eabi/lib/armv7-m\libstdc++.a(eh_arm.o)
                0x000030c8                __cxa_type_match
 .text.__cxa_begin_cleanup
                0x00003178       0x64 c:/nxp/lpcxpresso_8.2.2_650/lpcxpresso/tools/bin/../lib/gcc/arm-none-eabi/5.4.1/../../../../arm-none-eabi/lib/armv7-m\libstdc++.a(eh_arm.o)
                0x00003178                __cxa_begin_cleanup
 .text.__gnu_end_cleanup
                0x000031dc       0x70 c:/nxp/lpcxpresso_8.2.2_650/lpcxpresso/tools/bin/../lib/gcc/arm-none-eabi/5.4.1/../../../../arm-none-eabi/lib/armv7-m\libstdc++.a(eh_arm.o)
                0x000031dc                __gnu_end_cleanup
 .text._ZN10__cxxabiv1L24__is_gxx_exception_classEPc
                0x0000324c       0x3c c:/nxp/lpcxpresso_8.2.2_650/lpcxpresso/tools/bin/../lib/gcc/arm-none-eabi/5.4.1/../../../../arm-none-eabi/lib/armv7-m\libstdc++.a(eh_call.o)
 .text.__cxa_call_terminate
                0x00003288       0x20 c:/nxp/lpcxpresso_8.2.2_650/lpcxpresso/tools/bin/../lib/gcc/arm-none-eabi/5.4.1/../../../../arm-none-eabi/lib/armv7-m\libstdc++.a(eh_call.o)
                0x00003288                __cxa_call_terminate
 .text.__cxa_call_unexpected
                0x000032a8       0xec c:/nxp/lpcxpresso_8.2.2_650/lpcxpresso/tools/bin/../lib/gcc/arm-none-eabi/5.4.1/../../../../arm-none-eabi/lib/armv7-m\libstdc++.a(eh_call.o)
                0x000032a8                __cxa_call_unexpected
 .text.__cxa_begin_catch
                0x00003394       0x8c c:/nxp/lpcxpresso_8.2.2_650/lpcxpresso/tools/bin/../lib/gcc/arm-none-eabi/5.4.1/../../../../arm-none-eabi/lib/armv7-m\libstdc++.a(eh_catch.o)
                0x00003394                __cxa_begin_catch
 .text.__cxa_end_catch
                0x00003420       0x8c c:/nxp/lpcxpresso_8.2.2_650/lpcxpresso/tools/bin/../lib/gcc/arm-none-eabi/5.4.1/../../../../arm-none-eabi/lib/armv7-m\libstdc++.a(eh_catch.o)
                0x00003420                __cxa_end_catch
 .text._ZN10__cxxabiv120__si_class_type_infoD2Ev
                0x000034ac       0x14 c:/nxp/lpcxpresso_8.2.2_650/lpcxpresso/tools/bin/../lib/gcc/arm-none-eabi/5.4.1/../../../../arm-none-eabi/lib/armv7-m\libstdc++.a(si_class_type_info.o)
                0x000034ac                __cxxabiv1::__si_class_type_info::~__si_class_type_info()
                0x000034ac                __cxxabiv1::__si_class_type_info::~__si_class_type_info()
 .text._ZN10__cxxabiv120__si_class_type_infoD0Ev
                0x000034c0       0x1c c:/nxp/lpcxpresso_8.2.2_650/lpcxpresso/tools/bin/../lib/gcc/arm-none-eabi/5.4.1/../../../../arm-none-eabi/lib/armv7-m\libstdc++.a(si_class_type_info.o)
                0x000034c0                __cxxabiv1::__si_class_type_info::~__si_class_type_info()
 .text._ZNK10__cxxabiv120__si_class_type_info12__do_dyncastEiNS_17__class_type_info10__sub_kindEPKS1_PKvS4_S6_RNS1_16__dyncast_resultE
                0x000034dc       0x98 c:/nxp/lpcxpresso_8.2.2_650/lpcxpresso/tools/bin/../lib/gcc/arm-none-eabi/5.4.1/../../../../arm-none-eabi/lib/armv7-m\libstdc++.a(si_class_type_info.o)
                0x000034dc                __cxxabiv1::__si_class_type_info::__do_dyncast(int, __cxxabiv1::__class_type_info::__sub_kind, __cxxabiv1::__class_type_info const*, void const*, __cxxabiv1::__class_type_info const*, void const*, __cxxabiv1::__class_type_info::__dyncast_result&) const
 .text._ZNK10__cxxabiv120__si_class_type_info20__do_find_public_srcEiPKvPKNS_17__class_type_infoES2_
                0x00003574       0x3c c:/nxp/lpcxpresso_8.2.2_650/lpcxpresso/tools/bin/../lib/gcc/arm-none-eabi/5.4.1/../../../../arm-none-eabi/lib/armv7-m\libstdc++.a(si_class_type_info.o)
                0x00003574                __cxxabiv1::__si_class_type_info::__do_find_public_src(int, void const*, __cxxabiv1::__class_type_info const*, void const*) const
 .text._ZNK10__cxxabiv120__si_class_type_info11__do_upcastEPKNS_17__class_type_infoEPKvRNS1_15__upcast_resultE
                0x000035b0       0x2c c:/nxp/lpcxpresso_8.2.2_650/lpcxpresso/tools/bin/../lib/gcc/arm-none-eabi/5.4.1/../../../../arm-none-eabi/lib/armv7-m\libstdc++.a(si_class_type_info.o)
                0x000035b0                __cxxabiv1::__si_class_type_info::__do_upcast(__cxxabiv1::__class_type_info const*, void const*, __cxxabiv1::__class_type_info::__upcast_result&) const
 .text._ZL28read_encoded_value_with_basehjPKhPj
                0x000035dc       0xc0 c:/nxp/lpcxpresso_8.2.2_650/lpcxpresso/tools/bin/../lib/gcc/arm-none-eabi/5.4.1/../../../../arm-none-eabi/lib/armv7-m\libstdc++.a(eh_personality.o)
 .text._ZL21base_of_encoded_valuehP15_Unwind_Context
                0x0000369c       0x4c c:/nxp/lpcxpresso_8.2.2_650/lpcxpresso/tools/bin/../lib/gcc/arm-none-eabi/5.4.1/../../../../arm-none-eabi/lib/armv7-m\libstdc++.a(eh_personality.o)
 .text._ZL17parse_lsda_headerP15_Unwind_ContextPKhP16lsda_header_info
                0x000036e8       0x94 c:/nxp/lpcxpresso_8.2.2_650/lpcxpresso/tools/bin/../lib/gcc/arm-none-eabi/5.4.1/../../../../arm-none-eabi/lib/armv7-m\libstdc++.a(eh_personality.o)
 .text.__gxx_personality_v0
                0x0000377c      0x4b0 c:/nxp/lpcxpresso_8.2.2_650/lpcxpresso/tools/bin/../lib/gcc/arm-none-eabi/5.4.1/../../../../arm-none-eabi/lib/armv7-m\libstdc++.a(eh_personality.o)
                0x0000377c                __gxx_personality_v0
 .text._ZNSt9exceptionD2Ev
                0x00003c2c        0x4 c:/nxp/lpcxpresso_8.2.2_650/lpcxpresso/tools/bin/../lib/gcc/arm-none-eabi/5.4.1/../../../../arm-none-eabi/lib/armv7-m\libstdc++.a(eh_exception.o)
                0x00003c2c                std::exception::~exception()
                0x00003c2c                std::exception::~exception()
 .text._ZNSt13bad_exceptionD2Ev
                0x00003c30        0x4 c:/nxp/lpcxpresso_8.2.2_650/lpcxpresso/tools/bin/../lib/gcc/arm-none-eabi/5.4.1/../../../../arm-none-eabi/lib/armv7-m\libstdc++.a(eh_exception.o)
                0x00003c30                std::bad_exception::~bad_exception()
                0x00003c30                std::bad_exception::~bad_exception()
 .text._ZNKSt9exception4whatEv
                0x00003c34        0x8 c:/nxp/lpcxpresso_8.2.2_650/lpcxpresso/tools/bin/../lib/gcc/arm-none-eabi/5.4.1/../../../../arm-none-eabi/lib/armv7-m\libstdc++.a(eh_exception.o)
                0x00003c34                std::exception::what() const
 .text._ZNKSt13bad_exception4whatEv
                0x00003c3c        0x8 c:/nxp/lpcxpresso_8.2.2_650/lpcxpresso/tools/bin/../lib/gcc/arm-none-eabi/5.4.1/../../../../arm-none-eabi/lib/armv7-m\libstdc++.a(eh_exception.o)
                0x00003c3c                std::bad_exception::what() const
 .text._ZNSt13bad_exceptionD0Ev
                0x00003c44        0xc c:/nxp/lpcxpresso_8.2.2_650/lpcxpresso/tools/bin/../lib/gcc/arm-none-eabi/5.4.1/../../../../arm-none-eabi/lib/armv7-m\libstdc++.a(eh_exception.o)
                0x00003c44                std::bad_exception::~bad_exception()
 .text._ZNSt9type_infoD2Ev
                0x00003c50        0x4 c:/nxp/lpcxpresso_8.2.2_650/lpcxpresso/tools/bin/../lib/gcc/arm-none-eabi/5.4.1/../../../../arm-none-eabi/lib/armv7-m\libstdc++.a(tinfo.o)
                0x00003c50                std::type_info::~type_info()
                0x00003c50                std::type_info::~type_info()
 .text._ZNKSt9type_info15__is_function_pEv
                0x00003c54        0x4 c:/nxp/lpcxpresso_8.2.2_650/lpcxpresso/tools/bin/../lib/gcc/arm-none-eabi/5.4.1/../../../../arm-none-eabi/lib/armv7-m\libstdc++.a(tinfo.o)
                0x00003c54                std::type_info::__is_pointer_p() const
                0x00003c54                std::type_info::__is_function_p() const
 .text._ZNKSt9type_infoeqERKS_
                0x00003c58       0x2c c:/nxp/lpcxpresso_8.2.2_650/lpcxpresso/tools/bin/../lib/gcc/arm-none-eabi/5.4.1/../../../../arm-none-eabi/lib/armv7-m\libstdc++.a(tinfo.o)
                0x00003c58                std::type_info::operator==(std::type_info const&) const
 .text._ZNK10__cxxabiv117__class_type_info11__do_upcastEPKS0_PPv
                0x00003c84       0x38 c:/nxp/lpcxpresso_8.2.2_650/lpcxpresso/tools/bin/../lib/gcc/arm-none-eabi/5.4.1/../../../../arm-none-eabi/lib/armv7-m\libstdc++.a(class_type_info.o)
                0x00003c84                __cxxabiv1::__class_type_info::__do_upcast(__cxxabiv1::__class_type_info const*, void**) const
 .text._ZNK10__cxxabiv117__class_type_info20__do_find_public_srcEiPKvPKS0_S2_
                0x00003cbc        0xc c:/nxp/lpcxpresso_8.2.2_650/lpcxpresso/tools/bin/../lib/gcc/arm-none-eabi/5.4.1/../../../../arm-none-eabi/lib/armv7-m\libstdc++.a(class_type_info.o)
                0x00003cbc                __cxxabiv1::__class_type_info::__do_find_public_src(int, void const*, __cxxabiv1::__class_type_info const*, void const*) const
 .text._ZN10__cxxabiv117__class_type_infoD2Ev
                0x00003cc8       0x14 c:/nxp/lpcxpresso_8.2.2_650/lpcxpresso/tools/bin/../lib/gcc/arm-none-eabi/5.4.1/../../../../arm-none-eabi/lib/armv7-m\libstdc++.a(class_type_info.o)
                0x00003cc8                __cxxabiv1::__class_type_info::~__class_type_info()
                0x00003cc8                __cxxabiv1::__class_type_info::~__class_type_info()
 .text._ZN10__cxxabiv117__class_type_infoD0Ev
                0x00003cdc       0x1c c:/nxp/lpcxpresso_8.2.2_650/lpcxpresso/tools/bin/../lib/gcc/arm-none-eabi/5.4.1/../../../../arm-none-eabi/lib/armv7-m\libstdc++.a(class_type_info.o)
                0x00003cdc                __cxxabiv1::__class_type_info::~__class_type_info()
 .text._ZNK10__cxxabiv117__class_type_info11__do_upcastEPKS0_PKvRNS0_15__upcast_resultE
                0x00003cf8       0x18 c:/nxp/lpcxpresso_8.2.2_650/lpcxpresso/tools/bin/../lib/gcc/arm-none-eabi/5.4.1/../../../../arm-none-eabi/lib/armv7-m\libstdc++.a(class_type_info.o)
                0x00003cf8                __cxxabiv1::__class_type_info::__do_upcast(__cxxabiv1::__class_type_info const*, void const*, __cxxabiv1::__class_type_info::__upcast_result&) const
 .text._ZNK10__cxxabiv117__class_type_info12__do_dyncastEiNS0_10__sub_kindEPKS0_PKvS3_S5_RNS0_16__dyncast_resultE
                0x00003d10       0x40 c:/nxp/lpcxpresso_8.2.2_650/lpcxpresso/tools/bin/../lib/gcc/arm-none-eabi/5.4.1/../../../../arm-none-eabi/lib/armv7-m\libstdc++.a(class_type_info.o)
                0x00003d10                __cxxabiv1::__class_type_info::__do_dyncast(int, __cxxabiv1::__class_type_info::__sub_kind, __cxxabiv1::__class_type_info const*, void const*, __cxxabiv1::__class_type_info const*, void const*, __cxxabiv1::__class_type_info::__dyncast_result&) const
 .text._ZNK10__cxxabiv117__class_type_info10__do_catchEPKSt9type_infoPPvj
                0x00003d50       0x2c c:/nxp/lpcxpresso_8.2.2_650/lpcxpresso/tools/bin/../lib/gcc/arm-none-eabi/5.4.1/../../../../arm-none-eabi/lib/armv7-m\libstdc++.a(class_type_info.o)
                0x00003d50                __cxxabiv1::__class_type_info::__do_catch(std::type_info const*, void**, unsigned int) const
 .text._sbrk    0x00003d7c       0x3c c:/nxp/lpcxpresso_8.2.2_650/lpcxpresso/tools/bin/../lib/gcc/arm-none-eabi/5.4.1/../../../../arm-none-eabi/lib/armv7-m\libcr_newlib_nohost.a(_cr_sbrk.o)
                0x00003d7c                _sbrk
 .text.abort    0x00003db8        0x2 c:/nxp/lpcxpresso_8.2.2_650/lpcxpresso/tools/bin/../lib/gcc/arm-none-eabi/5.4.1/../../../../arm-none-eabi/lib/armv7-m\libcr_newlib_nohost.a(cr_abort.o)
                0x00003db8                abort
 *fill*         0x00003dba        0x2 ff
 .text.__check_heap_overflow
                0x00003dbc       0x18 c:/nxp/lpcxpresso_8.2.2_650/lpcxpresso/tools/bin/../lib/gcc/arm-none-eabi/5.4.1/../../../../arm-none-eabi/lib/armv7-m\libcr_newlib_nohost.a(_cr_check_heap.o)
                0x00003dbc                __check_heap_overflow
 .text          0x00003dd4       0x5c c:/nxp/lpcxpresso_8.2.2_650/lpcxpresso/tools/bin/../lib/gcc/arm-none-eabi/5.4.1/armv7-m\crtbegin.o
 .text          0x00003e30      0x9e4 c:/nxp/lpcxpresso_8.2.2_650/lpcxpresso/tools/bin/../lib/gcc/arm-none-eabi/5.4.1/armv7-m\libgcc.a(unwind-arm.o)
                0x000040f0                _Unwind_GetCFA
                0x000040f4                __gnu_Unwind_RaiseException
                0x00004154                __gnu_Unwind_ForcedUnwind
                0x00004168                __gnu_Unwind_Resume
                0x000041ac                __gnu_Unwind_Resume_or_Rethrow
                0x000041c0                _Unwind_Complete
                0x000041c4                _Unwind_DeleteException
                0x000041d0                _Unwind_VRS_Get
                0x0000421c                _Unwind_VRS_Set
                0x0000426c                __gnu_Unwind_Backtrace
                0x000045b8                __aeabi_unwind_cpp_pr0
                0x000045bc                __aeabi_unwind_cpp_pr1
                0x000045c0                __aeabi_unwind_cpp_pr2
                0x000045c4                _Unwind_VRS_Pop
 .text          0x00004814      0x1ac c:/nxp/lpcxpresso_8.2.2_650/lpcxpresso/tools/bin/../lib/gcc/arm-none-eabi/5.4.1/armv7-m\libgcc.a(libunwind.o)
                0x00004814                __restore_core_regs
                0x00004814                restore_core_regs
                0x0000482c                __gnu_Unwind_Restore_VFP
                0x00004834                __gnu_Unwind_Save_VFP
                0x0000483c                __gnu_Unwind_Restore_VFP_D
                0x00004844                __gnu_Unwind_Save_VFP_D
                0x0000484c                __gnu_Unwind_Restore_VFP_D_16_to_31
                0x00004854                __gnu_Unwind_Save_VFP_D_16_to_31
                0x0000485c                __gnu_Unwind_Restore_WMMXD
                0x000048a0                __gnu_Unwind_Save_WMMXD
                0x000048e4                __gnu_Unwind_Restore_WMMXC
                0x000048f8                __gnu_Unwind_Save_WMMXC
                0x0000490c                ___Unwind_RaiseException
                0x0000490c                _Unwind_RaiseException
                0x00004930                _Unwind_Resume
                0x00004930                ___Unwind_Resume
                0x00004954                _Unwind_Resume_or_Rethrow
                0x00004954                ___Unwind_Resume_or_Rethrow
                0x00004978                _Unwind_ForcedUnwind
                0x00004978                ___Unwind_ForcedUnwind
                0x0000499c                ___Unwind_Backtrace
                0x0000499c                _Unwind_Backtrace
 .text          0x000049c0      0x354 c:/nxp/lpcxpresso_8.2.2_650/lpcxpresso/tools/bin/../lib/gcc/arm-none-eabi/5.4.1/armv7-m\libgcc.a(pr-support.o)
                0x00004a18                __gnu_unwind_execute
                0x00004cbc                __gnu_unwind_frame
                0x00004ce4                _Unwind_GetRegionStart
                0x00004cf0                _Unwind_GetLanguageSpecificData
                0x00004d04                _Unwind_GetTextRelBase
                0x00004d0c                _Unwind_GetDataRelBase
 .text.__errno  0x00004d14        0xc c:/nxp/lpcxpresso_8.2.2_650/lpcxpresso/tools/bin/../lib/gcc/arm-none-eabi/5.4.1/../../../../arm-none-eabi/lib/armv7-m\libc.a(lib_a-errno.o)
                0x00004d14                __errno
 .text.memset   0x00004d20       0x9c c:/nxp/lpcxpresso_8.2.2_650/lpcxpresso/tools/bin/../lib/gcc/arm-none-eabi/5.4.1/../../../../arm-none-eabi/lib/armv7-m\libc.a(lib_a-memset.o)
                0x00004d20                memset
 .text          0x00004dbc      0x1bc c:/nxp/lpcxpresso_8.2.2_650/lpcxpresso/tools/bin/../lib/gcc/arm-none-eabi/5.4.1/../../../../arm-none-eabi/lib/armv7-m\libc.a(lib_a-strcmp.o)
                0x00004dbc                strcmp
 *(.rodata .rodata.* .constdata .constdata.*)
 .rodata.OscRateIn
                0x00004f78        0x4 ./src/board_src/adpapter_board.o
                0x00004f78                OscRateIn
 .rodata.RTCOscRateIn
                0x00004f7c        0x4 ./src/board_src/adpapter_board.o
                0x00004f7c                RTCOscRateIn
 .rodata.str1.4
                0x00004f80        0x2 c:/nxp/lpcxpresso_8.2.2_650/lpcxpresso/tools/bin/../lib/gcc/arm-none-eabi/5.4.1/../../../../arm-none-eabi/lib/armv7-m\libc.a(lib_a-impure.o)
 *fill*         0x00004f82        0x2 ff
 .rodata._ZTIN9__gnu_cxx20recursive_init_errorE
                0x00004f84        0xc c:/nxp/lpcxpresso_8.2.2_650/lpcxpresso/tools/bin/../lib/gcc/arm-none-eabi/5.4.1/../../../../arm-none-eabi/lib/armv7-m\libstdc++.a(guard_error.o)
                0x00004f84                typeinfo for __gnu_cxx::recursive_init_error
 .rodata._ZTSN9__gnu_cxx20recursive_init_errorE
                0x00004f90       0x23 c:/nxp/lpcxpresso_8.2.2_650/lpcxpresso/tools/bin/../lib/gcc/arm-none-eabi/5.4.1/../../../../arm-none-eabi/lib/armv7-m\libstdc++.a(guard_error.o)
                0x00004f90                typeinfo name for __gnu_cxx::recursive_init_error
 *fill*         0x00004fb3        0x1 ff
 .rodata._ZTVN9__gnu_cxx20recursive_init_errorE
                0x00004fb4       0x14 c:/nxp/lpcxpresso_8.2.2_650/lpcxpresso/tools/bin/../lib/gcc/arm-none-eabi/5.4.1/../../../../arm-none-eabi/lib/armv7-m\libstdc++.a(guard_error.o)
                0x00004fb4                vtable for __gnu_cxx::recursive_init_error
 .rodata._ZTVN10__cxxabiv120__si_class_type_infoE
                0x00004fc8       0x2c c:/nxp/lpcxpresso_8.2.2_650/lpcxpresso/tools/bin/../lib/gcc/arm-none-eabi/5.4.1/../../../../arm-none-eabi/lib/armv7-m\libstdc++.a(si_class_type_info.o)
                0x00004fc8                vtable for __cxxabiv1::__si_class_type_info
 .rodata._ZTIN10__cxxabiv120__si_class_type_infoE
                0x00004ff4        0xc c:/nxp/lpcxpresso_8.2.2_650/lpcxpresso/tools/bin/../lib/gcc/arm-none-eabi/5.4.1/../../../../arm-none-eabi/lib/armv7-m\libstdc++.a(si_class_type_info.o)
                0x00004ff4                typeinfo for __cxxabiv1::__si_class_type_info
 .rodata._ZTSN10__cxxabiv120__si_class_type_infoE
                0x00005000       0x25 c:/nxp/lpcxpresso_8.2.2_650/lpcxpresso/tools/bin/../lib/gcc/arm-none-eabi/5.4.1/../../../../arm-none-eabi/lib/armv7-m\libstdc++.a(si_class_type_info.o)
                0x00005000                typeinfo name for __cxxabiv1::__si_class_type_info
 *fill*         0x00005025        0x3 ff
 .rodata._ZTSN10__cxxabiv115__forced_unwindE
                0x00005028       0x20 c:/nxp/lpcxpresso_8.2.2_650/lpcxpresso/tools/bin/../lib/gcc/arm-none-eabi/5.4.1/../../../../arm-none-eabi/lib/armv7-m\libstdc++.a(eh_exception.o)
                0x00005028                typeinfo name for __cxxabiv1::__forced_unwind
 .rodata._ZTIN10__cxxabiv115__forced_unwindE
                0x00005048        0x8 c:/nxp/lpcxpresso_8.2.2_650/lpcxpresso/tools/bin/../lib/gcc/arm-none-eabi/5.4.1/../../../../arm-none-eabi/lib/armv7-m\libstdc++.a(eh_exception.o)
                0x00005048                typeinfo for __cxxabiv1::__forced_unwind
 .rodata._ZTISt9exception
                0x00005050        0x8 c:/nxp/lpcxpresso_8.2.2_650/lpcxpresso/tools/bin/../lib/gcc/arm-none-eabi/5.4.1/../../../../arm-none-eabi/lib/armv7-m\libstdc++.a(eh_exception.o)
                0x00005050                typeinfo for std::exception
 .rodata._ZTSN10__cxxabiv119__foreign_exceptionE
                0x00005058       0x24 c:/nxp/lpcxpresso_8.2.2_650/lpcxpresso/tools/bin/../lib/gcc/arm-none-eabi/5.4.1/../../../../arm-none-eabi/lib/armv7-m\libstdc++.a(eh_exception.o)
                0x00005058                typeinfo name for __cxxabiv1::__foreign_exception
 .rodata.str1.4
                0x0000507c       0x24 c:/nxp/lpcxpresso_8.2.2_650/lpcxpresso/tools/bin/../lib/gcc/arm-none-eabi/5.4.1/../../../../arm-none-eabi/lib/armv7-m\libstdc++.a(eh_exception.o)
                                 0x23 (size before relaxing)
 .rodata._ZTIN10__cxxabiv119__foreign_exceptionE
                0x000050a0        0x8 c:/nxp/lpcxpresso_8.2.2_650/lpcxpresso/tools/bin/../lib/gcc/arm-none-eabi/5.4.1/../../../../arm-none-eabi/lib/armv7-m\libstdc++.a(eh_exception.o)
                0x000050a0                typeinfo for __cxxabiv1::__foreign_exception
 .rodata._ZTVSt13bad_exception
                0x000050a8       0x14 c:/nxp/lpcxpresso_8.2.2_650/lpcxpresso/tools/bin/../lib/gcc/arm-none-eabi/5.4.1/../../../../arm-none-eabi/lib/armv7-m\libstdc++.a(eh_exception.o)
                0x000050a8                vtable for std::bad_exception
 .rodata._ZTSSt9exception
                0x000050bc        0xd c:/nxp/lpcxpresso_8.2.2_650/lpcxpresso/tools/bin/../lib/gcc/arm-none-eabi/5.4.1/../../../../arm-none-eabi/lib/armv7-m\libstdc++.a(eh_exception.o)
                0x000050bc                typeinfo name for std::exception
 *fill*         0x000050c9        0x3 ff
 .rodata._ZTSSt13bad_exception
                0x000050cc       0x12 c:/nxp/lpcxpresso_8.2.2_650/lpcxpresso/tools/bin/../lib/gcc/arm-none-eabi/5.4.1/../../../../arm-none-eabi/lib/armv7-m\libstdc++.a(eh_exception.o)
                0x000050cc                typeinfo name for std::bad_exception
 *fill*         0x000050de        0x2 ff
 .rodata._ZTISt13bad_exception
                0x000050e0        0xc c:/nxp/lpcxpresso_8.2.2_650/lpcxpresso/tools/bin/../lib/gcc/arm-none-eabi/5.4.1/../../../../arm-none-eabi/lib/armv7-m\libstdc++.a(eh_exception.o)
                0x000050e0                typeinfo for std::bad_exception
 .rodata._ZTISt9type_info
                0x000050ec        0x8 c:/nxp/lpcxpresso_8.2.2_650/lpcxpresso/tools/bin/../lib/gcc/arm-none-eabi/5.4.1/../../../../arm-none-eabi/lib/armv7-m\libstdc++.a(tinfo.o)
                0x000050ec                typeinfo for std::type_info
 .rodata._ZTSSt9type_info
                0x000050f4        0xd c:/nxp/lpcxpresso_8.2.2_650/lpcxpresso/tools/bin/../lib/gcc/arm-none-eabi/5.4.1/../../../../arm-none-eabi/lib/armv7-m\libstdc++.a(tinfo.o)
                0x000050f4                typeinfo name for std::type_info
 *fill*         0x00005101        0x3 ff
 .rodata._ZTVN10__cxxabiv117__class_type_infoE
                0x00005104       0x2c c:/nxp/lpcxpresso_8.2.2_650/lpcxpresso/tools/bin/../lib/gcc/arm-none-eabi/5.4.1/../../../../arm-none-eabi/lib/armv7-m\libstdc++.a(class_type_info.o)
                0x00005104                vtable for __cxxabiv1::__class_type_info
 .rodata._ZTIN10__cxxabiv117__class_type_infoE
                0x00005130        0xc c:/nxp/lpcxpresso_8.2.2_650/lpcxpresso/tools/bin/../lib/gcc/arm-none-eabi/5.4.1/../../../../arm-none-eabi/lib/armv7-m\libstdc++.a(class_type_info.o)
                0x00005130                typeinfo for __cxxabiv1::__class_type_info
 .rodata._ZTSN10__cxxabiv117__class_type_infoE
                0x0000513c       0x22 c:/nxp/lpcxpresso_8.2.2_650/lpcxpresso/tools/bin/../lib/gcc/arm-none-eabi/5.4.1/../../../../arm-none-eabi/lib/armv7-m\libstdc++.a(class_type_info.o)
                0x0000513c                typeinfo name for __cxxabiv1::__class_type_info
                0x00005160                . = ALIGN (0x4)
 *fill*         0x0000515e        0x2 ff
                0x00005160                . = ALIGN (0x4)
 *(.init)
 .init          0x00005160        0x4 c:/nxp/lpcxpresso_8.2.2_650/lpcxpresso/tools/bin/../lib/gcc/arm-none-eabi/5.4.1/armv7-m\crti.o
                0x00005160                _init
 .init          0x00005164        0x8 c:/nxp/lpcxpresso_8.2.2_650/lpcxpresso/tools/bin/../lib/gcc/arm-none-eabi/5.4.1/armv7-m\crtn.o
                0x0000516c                . = ALIGN (0x4)
                0x0000516c                __preinit_array_start = .
 *(.preinit_array)
                0x0000516c                __preinit_array_end = .
                0x0000516c                . = ALIGN (0x4)
                0x0000516c                __init_array_start = .
 *(SORT(.init_array.*))
 *(.init_array)
 .init_array    0x0000516c        0x4 c:/nxp/lpcxpresso_8.2.2_650/lpcxpresso/tools/bin/../lib/gcc/arm-none-eabi/5.4.1/../../../../arm-none-eabi/lib/armv7-m\libstdc++.a(eh_alloc.o)
 .init_array    0x00005170        0x4 c:/nxp/lpcxpresso_8.2.2_650/lpcxpresso/tools/bin/../lib/gcc/arm-none-eabi/5.4.1/armv7-m\crtbegin.o
                0x00005174                __init_array_end = .
 *(.fini)
 .fini          0x00005174        0x4 c:/nxp/lpcxpresso_8.2.2_650/lpcxpresso/tools/bin/../lib/gcc/arm-none-eabi/5.4.1/armv7-m\crti.o
                0x00005174                _fini
 .fini          0x00005178        0x8 c:/nxp/lpcxpresso_8.2.2_650/lpcxpresso/tools/bin/../lib/gcc/arm-none-eabi/5.4.1/armv7-m\crtn.o
                0x00005180                . = ALIGN (0x4)
 *crtbegin.o(.ctors)
 *(EXCLUDE_FILE(*crtend.o) .ctors)
 *(SORT(.ctors.*))
 *crtend.o(.ctors)
                0x00005180                . = ALIGN (0x4)
 *crtbegin.o(.dtors)
 *(EXCLUDE_FILE(*crtend.o) .dtors)
 *(SORT(.dtors.*))
 *crtend.o(.dtors)
                0x00005180                . = ALIGN (0x4)

.glue_7         0x00005180        0x0
 .glue_7        0x00005180        0x0 linker stubs

.glue_7t        0x00005180        0x0
 .glue_7t       0x00005180        0x0 linker stubs

.vfp11_veneer   0x00005180        0x0
 .vfp11_veneer  0x00005180        0x0 linker stubs

.v4_bx          0x00005180        0x0
 .v4_bx         0x00005180        0x0 linker stubs

.iplt           0x00005180        0x0
 .iplt          0x00005180        0x0 ./src/drivers_src/can_controllor.o

.ARM.extab      0x00005180       0xe0
 *(.ARM.extab* .gnu.linkonce.armextab.*)
 .ARM.extab.text.__cxa_guard_acquire
                0x00005180        0xc c:/nxp/lpcxpresso_8.2.2_650/lpcxpresso/tools/bin/../lib/gcc/arm-none-eabi/5.4.1/../../../../arm-none-eabi/lib/armv7-m\libstdc++.a(guard.o)
 .ARM.extab.text._ZN10__cxxabiv111__terminateEPFvvE
                0x0000518c       0x2c c:/nxp/lpcxpresso_8.2.2_650/lpcxpresso/tools/bin/../lib/gcc/arm-none-eabi/5.4.1/../../../../arm-none-eabi/lib/armv7-m\libstdc++.a(eh_terminate.o)
 .ARM.extab.text._ZN10__cxxabiv112__unexpectedEPFvvE
                0x000051b8        0xc c:/nxp/lpcxpresso_8.2.2_650/lpcxpresso/tools/bin/../lib/gcc/arm-none-eabi/5.4.1/../../../../arm-none-eabi/lib/armv7-m\libstdc++.a(eh_terminate.o)
 .ARM.extab.text._ZSt10unexpectedv
                0x000051c4        0xc c:/nxp/lpcxpresso_8.2.2_650/lpcxpresso/tools/bin/../lib/gcc/arm-none-eabi/5.4.1/../../../../arm-none-eabi/lib/armv7-m\libstdc++.a(eh_terminate.o)
 .ARM.extab.text.__cxa_call_unexpected
                0x000051d0       0x28 c:/nxp/lpcxpresso_8.2.2_650/lpcxpresso/tools/bin/../lib/gcc/arm-none-eabi/5.4.1/../../../../arm-none-eabi/lib/armv7-m\libstdc++.a(eh_call.o)
 .ARM.extab.text.__cxa_begin_catch
                0x000051f8       0x20 c:/nxp/lpcxpresso_8.2.2_650/lpcxpresso/tools/bin/../lib/gcc/arm-none-eabi/5.4.1/../../../../arm-none-eabi/lib/armv7-m\libstdc++.a(eh_catch.o)
 .ARM.extab.text._ZL21base_of_encoded_valuehP15_Unwind_Context
                0x00005218        0xc c:/nxp/lpcxpresso_8.2.2_650/lpcxpresso/tools/bin/../lib/gcc/arm-none-eabi/5.4.1/../../../../arm-none-eabi/lib/armv7-m\libstdc++.a(eh_personality.o)
 .ARM.extab.text.__gxx_personality_v0
                0x00005224       0x24 c:/nxp/lpcxpresso_8.2.2_650/lpcxpresso/tools/bin/../lib/gcc/arm-none-eabi/5.4.1/../../../../arm-none-eabi/lib/armv7-m\libstdc++.a(eh_personality.o)
 .ARM.extab     0x00005248       0x18 c:/nxp/lpcxpresso_8.2.2_650/lpcxpresso/tools/bin/../lib/gcc/arm-none-eabi/5.4.1/armv7-m\libgcc.a(pr-support.o)
                0x00005260                __exidx_start = .

.eh_frame       0x00005260        0x0
 .eh_frame      0x00005260        0x0 c:/nxp/lpcxpresso_8.2.2_650/lpcxpresso/tools/bin/../lib/gcc/arm-none-eabi/5.4.1/armv7-m\crtbegin.o

.ARM.exidx      0x00005260      0x1b8
 *(.ARM.exidx* .gnu.linkonce.armexidx.*)
 .ARM.exidx     0x00005260        0x8 c:/nxp/lpcxpresso_8.2.2_650/lpcxpresso/tools/bin/../lib/gcc/arm-none-eabi/5.4.1/armv7-m\libgcc.a(_udivmoddi4.o)
 .ARM.exidx.text.__cxa_guard_acquire
                0x00005268        0x8 c:/nxp/lpcxpresso_8.2.2_650/lpcxpresso/tools/bin/../lib/gcc/arm-none-eabi/5.4.1/../../../../arm-none-eabi/lib/armv7-m\libstdc++.a(guard.o)
 .ARM.exidx.text.__cxa_guard_release
                0x00005270        0x8 c:/nxp/lpcxpresso_8.2.2_650/lpcxpresso/tools/bin/../lib/gcc/arm-none-eabi/5.4.1/../../../../arm-none-eabi/lib/armv7-m\libstdc++.a(guard.o)
 .ARM.exidx.text._ZL23__gxx_exception_cleanup19_Unwind_Reason_CodeP21_Unwind_Control_Block
                0x00005278        0x8 c:/nxp/lpcxpresso_8.2.2_650/lpcxpresso/tools/bin/../lib/gcc/arm-none-eabi/5.4.1/../../../../arm-none-eabi/lib/armv7-m\libstdc++.a(eh_throw.o)
 .ARM.exidx.text.__cxa_throw
                0x00005280        0x8 c:/nxp/lpcxpresso_8.2.2_650/lpcxpresso/tools/bin/../lib/gcc/arm-none-eabi/5.4.1/../../../../arm-none-eabi/lib/armv7-m\libstdc++.a(eh_throw.o)
 .ARM.exidx.text.__cxa_rethrow
                0x00005288        0x8 c:/nxp/lpcxpresso_8.2.2_650/lpcxpresso/tools/bin/../lib/gcc/arm-none-eabi/5.4.1/../../../../arm-none-eabi/lib/armv7-m\libstdc++.a(eh_throw.o)
 .ARM.exidx.text.__cxa_get_globals_fast
                0x00005290        0x8 c:/nxp/lpcxpresso_8.2.2_650/lpcxpresso/tools/bin/../lib/gcc/arm-none-eabi/5.4.1/../../../../arm-none-eabi/lib/armv7-m\libstdc++.a(eh_globals.o)
 .ARM.exidx.text.__cxa_get_globals
                0x00005298        0x0 c:/nxp/lpcxpresso_8.2.2_650/lpcxpresso/tools/bin/../lib/gcc/arm-none-eabi/5.4.1/../../../../arm-none-eabi/lib/armv7-m\libstdc++.a(eh_globals.o)
                                  0x8 (size before relaxing)
 .ARM.exidx.text._ZN10__cxxabiv111__terminateEPFvvE
                0x00005298        0x8 c:/nxp/lpcxpresso_8.2.2_650/lpcxpresso/tools/bin/../lib/gcc/arm-none-eabi/5.4.1/../../../../arm-none-eabi/lib/armv7-m\libstdc++.a(eh_terminate.o)
 .ARM.exidx.text._ZSt9terminatev
                0x000052a0        0x8 c:/nxp/lpcxpresso_8.2.2_650/lpcxpresso/tools/bin/../lib/gcc/arm-none-eabi/5.4.1/../../../../arm-none-eabi/lib/armv7-m\libstdc++.a(eh_terminate.o)
 .ARM.exidx.text._ZN10__cxxabiv112__unexpectedEPFvvE
                0x000052a8        0x8 c:/nxp/lpcxpresso_8.2.2_650/lpcxpresso/tools/bin/../lib/gcc/arm-none-eabi/5.4.1/../../../../arm-none-eabi/lib/armv7-m\libstdc++.a(eh_terminate.o)
 .ARM.exidx.text._ZSt10unexpectedv
                0x000052b0        0x8 c:/nxp/lpcxpresso_8.2.2_650/lpcxpresso/tools/bin/../lib/gcc/arm-none-eabi/5.4.1/../../../../arm-none-eabi/lib/armv7-m\libstdc++.a(eh_terminate.o)
 .ARM.exidx.text._ZSt13get_terminatev
                0x000052b8        0x8 c:/nxp/lpcxpresso_8.2.2_650/lpcxpresso/tools/bin/../lib/gcc/arm-none-eabi/5.4.1/../../../../arm-none-eabi/lib/armv7-m\libstdc++.a(eh_terminate.o)
 .ARM.exidx.text._ZSt14get_unexpectedv
                0x000052c0        0x0 c:/nxp/lpcxpresso_8.2.2_650/lpcxpresso/tools/bin/../lib/gcc/arm-none-eabi/5.4.1/../../../../arm-none-eabi/lib/armv7-m\libstdc++.a(eh_terminate.o)
                                  0x8 (size before relaxing)
 .ARM.exidx.text._ZN9__gnu_cxx20recursive_init_errorD2Ev
                0x000052c0        0x0 c:/nxp/lpcxpresso_8.2.2_650/lpcxpresso/tools/bin/../lib/gcc/arm-none-eabi/5.4.1/../../../../arm-none-eabi/lib/armv7-m\libstdc++.a(guard_error.o)
                                  0x8 (size before relaxing)
 .ARM.exidx.text._ZN9__gnu_cxx20recursive_init_errorD0Ev
                0x000052c0        0x0 c:/nxp/lpcxpresso_8.2.2_650/lpcxpresso/tools/bin/../lib/gcc/arm-none-eabi/5.4.1/../../../../arm-none-eabi/lib/armv7-m\libstdc++.a(guard_error.o)
                                  0x8 (size before relaxing)
 .ARM.exidx.text._ZN12_GLOBAL__N_14pool4freeEPv.constprop.4
                0x000052c0        0x0 c:/nxp/lpcxpresso_8.2.2_650/lpcxpresso/tools/bin/../lib/gcc/arm-none-eabi/5.4.1/../../../../arm-none-eabi/lib/armv7-m\libstdc++.a(eh_alloc.o)
                                  0x8 (size before relaxing)
 .ARM.exidx.text._ZN12_GLOBAL__N_14pool8allocateEj.constprop.5
                0x000052c0        0x0 c:/nxp/lpcxpresso_8.2.2_650/lpcxpresso/tools/bin/../lib/gcc/arm-none-eabi/5.4.1/../../../../arm-none-eabi/lib/armv7-m\libstdc++.a(eh_alloc.o)
                                  0x8 (size before relaxing)
 .ARM.exidx.text.__cxa_allocate_exception
                0x000052c0        0x0 c:/nxp/lpcxpresso_8.2.2_650/lpcxpresso/tools/bin/../lib/gcc/arm-none-eabi/5.4.1/../../../../arm-none-eabi/lib/armv7-m\libstdc++.a(eh_alloc.o)
                                  0x8 (size before relaxing)
 .ARM.exidx.text.__cxa_free_exception
                0x000052c0        0x0 c:/nxp/lpcxpresso_8.2.2_650/lpcxpresso/tools/bin/../lib/gcc/arm-none-eabi/5.4.1/../../../../arm-none-eabi/lib/armv7-m\libstdc++.a(eh_alloc.o)
                                  0x8 (size before relaxing)
 .ARM.exidx.text.startup._GLOBAL__sub_I___cxa_allocate_exception
                0x000052c0        0x0 c:/nxp/lpcxpresso_8.2.2_650/lpcxpresso/tools/bin/../lib/gcc/arm-none-eabi/5.4.1/../../../../arm-none-eabi/lib/armv7-m\libstdc++.a(eh_alloc.o)
                                  0x8 (size before relaxing)
 .ARM.exidx.text.__cxa_type_match
                0x000052c0        0x8 c:/nxp/lpcxpresso_8.2.2_650/lpcxpresso/tools/bin/../lib/gcc/arm-none-eabi/5.4.1/../../../../arm-none-eabi/lib/armv7-m\libstdc++.a(eh_arm.o)
 .ARM.exidx.text.__cxa_begin_cleanup
                0x000052c8        0x8 c:/nxp/lpcxpresso_8.2.2_650/lpcxpresso/tools/bin/../lib/gcc/arm-none-eabi/5.4.1/../../../../arm-none-eabi/lib/armv7-m\libstdc++.a(eh_arm.o)
 .ARM.exidx.text.__gnu_end_cleanup
                0x000052d0        0x0 c:/nxp/lpcxpresso_8.2.2_650/lpcxpresso/tools/bin/../lib/gcc/arm-none-eabi/5.4.1/../../../../arm-none-eabi/lib/armv7-m\libstdc++.a(eh_arm.o)
                                  0x8 (size before relaxing)
 .ARM.exidx.text._ZN10__cxxabiv1L24__is_gxx_exception_classEPc
                0x000052d0        0x0 c:/nxp/lpcxpresso_8.2.2_650/lpcxpresso/tools/bin/../lib/gcc/arm-none-eabi/5.4.1/../../../../arm-none-eabi/lib/armv7-m\libstdc++.a(eh_call.o)
                                  0x8 (size before relaxing)
 .ARM.exidx.text.__cxa_call_terminate
                0x000052d0        0x0 c:/nxp/lpcxpresso_8.2.2_650/lpcxpresso/tools/bin/../lib/gcc/arm-none-eabi/5.4.1/../../../../arm-none-eabi/lib/armv7-m\libstdc++.a(eh_call.o)
                                  0x8 (size before relaxing)
 .ARM.exidx.text.__cxa_call_unexpected
                0x000052d0        0x8 c:/nxp/lpcxpresso_8.2.2_650/lpcxpresso/tools/bin/../lib/gcc/arm-none-eabi/5.4.1/../../../../arm-none-eabi/lib/armv7-m\libstdc++.a(eh_call.o)
 .ARM.exidx.text.__cxa_begin_catch
                0x000052d8        0x8 c:/nxp/lpcxpresso_8.2.2_650/lpcxpresso/tools/bin/../lib/gcc/arm-none-eabi/5.4.1/../../../../arm-none-eabi/lib/armv7-m\libstdc++.a(eh_catch.o)
 .ARM.exidx.text.__cxa_end_catch
                0x000052e0        0x8 c:/nxp/lpcxpresso_8.2.2_650/lpcxpresso/tools/bin/../lib/gcc/arm-none-eabi/5.4.1/../../../../arm-none-eabi/lib/armv7-m\libstdc++.a(eh_catch.o)
 .ARM.exidx.text._ZN10__cxxabiv120__si_class_type_infoD2Ev
                0x000052e8        0x8 c:/nxp/lpcxpresso_8.2.2_650/lpcxpresso/tools/bin/../lib/gcc/arm-none-eabi/5.4.1/../../../../arm-none-eabi/lib/armv7-m\libstdc++.a(si_class_type_info.o)
 .ARM.exidx.text._ZN10__cxxabiv120__si_class_type_infoD0Ev
                0x000052f0        0x0 c:/nxp/lpcxpresso_8.2.2_650/lpcxpresso/tools/bin/../lib/gcc/arm-none-eabi/5.4.1/../../../../arm-none-eabi/lib/armv7-m\libstdc++.a(si_class_type_info.o)
                                  0x8 (size before relaxing)
 .ARM.exidx.text._ZNK10__cxxabiv120__si_class_type_info12__do_dyncastEiNS_17__class_type_info10__sub_kindEPKS1_PKvS4_S6_RNS1_16__dyncast_resultE
                0x000052f0        0x8 c:/nxp/lpcxpresso_8.2.2_650/lpcxpresso/tools/bin/../lib/gcc/arm-none-eabi/5.4.1/../../../../arm-none-eabi/lib/armv7-m\libstdc++.a(si_class_type_info.o)
 .ARM.exidx.text._ZNK10__cxxabiv120__si_class_type_info20__do_find_public_srcEiPKvPKNS_17__class_type_infoES2_
                0x000052f8        0x8 c:/nxp/lpcxpresso_8.2.2_650/lpcxpresso/tools/bin/../lib/gcc/arm-none-eabi/5.4.1/../../../../arm-none-eabi/lib/armv7-m\libstdc++.a(si_class_type_info.o)
 .ARM.exidx.text._ZNK10__cxxabiv120__si_class_type_info11__do_upcastEPKNS_17__class_type_infoEPKvRNS1_15__upcast_resultE
                0x00005300        0x8 c:/nxp/lpcxpresso_8.2.2_650/lpcxpresso/tools/bin/../lib/gcc/arm-none-eabi/5.4.1/../../../../arm-none-eabi/lib/armv7-m\libstdc++.a(si_class_type_info.o)
 .ARM.exidx.text._ZL28read_encoded_value_with_basehjPKhPj
                0x00005308        0x8 c:/nxp/lpcxpresso_8.2.2_650/lpcxpresso/tools/bin/../lib/gcc/arm-none-eabi/5.4.1/../../../../arm-none-eabi/lib/armv7-m\libstdc++.a(eh_personality.o)
 .ARM.exidx.text._ZL21base_of_encoded_valuehP15_Unwind_Context
                0x00005310        0x8 c:/nxp/lpcxpresso_8.2.2_650/lpcxpresso/tools/bin/../lib/gcc/arm-none-eabi/5.4.1/../../../../arm-none-eabi/lib/armv7-m\libstdc++.a(eh_personality.o)
 .ARM.exidx.text._ZL17parse_lsda_headerP15_Unwind_ContextPKhP16lsda_header_info
                0x00005318        0x8 c:/nxp/lpcxpresso_8.2.2_650/lpcxpresso/tools/bin/../lib/gcc/arm-none-eabi/5.4.1/../../../../arm-none-eabi/lib/armv7-m\libstdc++.a(eh_personality.o)
 .ARM.exidx.text.__gxx_personality_v0
                0x00005320        0x8 c:/nxp/lpcxpresso_8.2.2_650/lpcxpresso/tools/bin/../lib/gcc/arm-none-eabi/5.4.1/../../../../arm-none-eabi/lib/armv7-m\libstdc++.a(eh_personality.o)
 .ARM.exidx.text._ZNSt9exceptionD2Ev
                0x00005328        0x8 c:/nxp/lpcxpresso_8.2.2_650/lpcxpresso/tools/bin/../lib/gcc/arm-none-eabi/5.4.1/../../../../arm-none-eabi/lib/armv7-m\libstdc++.a(eh_exception.o)
 .ARM.exidx.text._ZNSt13bad_exceptionD2Ev
                0x00005330        0x0 c:/nxp/lpcxpresso_8.2.2_650/lpcxpresso/tools/bin/../lib/gcc/arm-none-eabi/5.4.1/../../../../arm-none-eabi/lib/armv7-m\libstdc++.a(eh_exception.o)
                                  0x8 (size before relaxing)
 .ARM.exidx.text._ZNKSt9exception4whatEv
                0x00005330        0x0 c:/nxp/lpcxpresso_8.2.2_650/lpcxpresso/tools/bin/../lib/gcc/arm-none-eabi/5.4.1/../../../../arm-none-eabi/lib/armv7-m\libstdc++.a(eh_exception.o)
                                  0x8 (size before relaxing)
 .ARM.exidx.text._ZNKSt13bad_exception4whatEv
                0x00005330        0x0 c:/nxp/lpcxpresso_8.2.2_650/lpcxpresso/tools/bin/../lib/gcc/arm-none-eabi/5.4.1/../../../../arm-none-eabi/lib/armv7-m\libstdc++.a(eh_exception.o)
                                  0x8 (size before relaxing)
 .ARM.exidx.text._ZNSt13bad_exceptionD0Ev
                0x00005330        0x0 c:/nxp/lpcxpresso_8.2.2_650/lpcxpresso/tools/bin/../lib/gcc/arm-none-eabi/5.4.1/../../../../arm-none-eabi/lib/armv7-m\libstdc++.a(eh_exception.o)
                                  0x8 (size before relaxing)
 .ARM.exidx.text._ZNSt9type_infoD2Ev
                0x00005330        0x0 c:/nxp/lpcxpresso_8.2.2_650/lpcxpresso/tools/bin/../lib/gcc/arm-none-eabi/5.4.1/../../../../arm-none-eabi/lib/armv7-m\libstdc++.a(tinfo.o)
                                  0x8 (size before relaxing)
 .ARM.exidx.text._ZNKSt9type_info15__is_function_pEv
                0x00005330        0x0 c:/nxp/lpcxpresso_8.2.2_650/lpcxpresso/tools/bin/../lib/gcc/arm-none-eabi/5.4.1/../../../../arm-none-eabi/lib/armv7-m\libstdc++.a(tinfo.o)
                                  0x8 (size before relaxing)
 .ARM.exidx.text._ZNKSt9type_infoeqERKS_
                0x00005330        0x0 c:/nxp/lpcxpresso_8.2.2_650/lpcxpresso/tools/bin/../lib/gcc/arm-none-eabi/5.4.1/../../../../arm-none-eabi/lib/armv7-m\libstdc++.a(tinfo.o)
                                  0x8 (size before relaxing)
 .ARM.exidx.text._ZNK10__cxxabiv117__class_type_info11__do_upcastEPKS0_PPv
                0x00005330        0x8 c:/nxp/lpcxpresso_8.2.2_650/lpcxpresso/tools/bin/../lib/gcc/arm-none-eabi/5.4.1/../../../../arm-none-eabi/lib/armv7-m\libstdc++.a(class_type_info.o)
 .ARM.exidx.text._ZNK10__cxxabiv117__class_type_info20__do_find_public_srcEiPKvPKS0_S2_
                0x00005338        0x8 c:/nxp/lpcxpresso_8.2.2_650/lpcxpresso/tools/bin/../lib/gcc/arm-none-eabi/5.4.1/../../../../arm-none-eabi/lib/armv7-m\libstdc++.a(class_type_info.o)
 .ARM.exidx.text._ZN10__cxxabiv117__class_type_infoD2Ev
                0x00005340        0x8 c:/nxp/lpcxpresso_8.2.2_650/lpcxpresso/tools/bin/../lib/gcc/arm-none-eabi/5.4.1/../../../../arm-none-eabi/lib/armv7-m\libstdc++.a(class_type_info.o)
 .ARM.exidx.text._ZN10__cxxabiv117__class_type_infoD0Ev
                0x00005348        0x0 c:/nxp/lpcxpresso_8.2.2_650/lpcxpresso/tools/bin/../lib/gcc/arm-none-eabi/5.4.1/../../../../arm-none-eabi/lib/armv7-m\libstdc++.a(class_type_info.o)
                                  0x8 (size before relaxing)
 .ARM.exidx.text._ZNK10__cxxabiv117__class_type_info11__do_upcastEPKS0_PKvRNS0_15__upcast_resultE
                0x00005348        0x8 c:/nxp/lpcxpresso_8.2.2_650/lpcxpresso/tools/bin/../lib/gcc/arm-none-eabi/5.4.1/../../../../arm-none-eabi/lib/armv7-m\libstdc++.a(class_type_info.o)
 .ARM.exidx.text._ZNK10__cxxabiv117__class_type_info12__do_dyncastEiNS0_10__sub_kindEPKS0_PKvS3_S5_RNS0_16__dyncast_resultE
                0x00005350        0x8 c:/nxp/lpcxpresso_8.2.2_650/lpcxpresso/tools/bin/../lib/gcc/arm-none-eabi/5.4.1/../../../../arm-none-eabi/lib/armv7-m\libstdc++.a(class_type_info.o)
 .ARM.exidx.text._ZNK10__cxxabiv117__class_type_info10__do_catchEPKSt9type_infoPPvj
                0x00005358       0x10 c:/nxp/lpcxpresso_8.2.2_650/lpcxpresso/tools/bin/../lib/gcc/arm-none-eabi/5.4.1/../../../../arm-none-eabi/lib/armv7-m\libstdc++.a(class_type_info.o)
                                  0x8 (size before relaxing)
 .ARM.exidx     0x00005368       0x78 c:/nxp/lpcxpresso_8.2.2_650/lpcxpresso/tools/bin/../lib/gcc/arm-none-eabi/5.4.1/armv7-m\libgcc.a(unwind-arm.o)
                                 0xd8 (size before relaxing)
 .ARM.exidx     0x000053e0       0x38 c:/nxp/lpcxpresso_8.2.2_650/lpcxpresso/tools/bin/../lib/gcc/arm-none-eabi/5.4.1/armv7-m\libgcc.a(pr-support.o)
                                 0x48 (size before relaxing)
                0x00005418                __exidx_end = .
                0x00005418                _etext = .

.rel.dyn        0x00005418        0x0
 .rel.iplt      0x00005418        0x0 ./src/drivers_src/can_controllor.o

.data_RAM2      0x02004000        0x0 load address 0x00005418
 FILL mask 0xff
                [!provide]                PROVIDE (__start_data_RAM2, .)
 *(.ramfunc.$RAM2)
 *(.ramfunc.$Ram1_16)
 *(.data.$RAM2*)
 *(.data.$Ram1_16*)
                0x02004000                . = ALIGN (0x4)
                [!provide]                PROVIDE (__end_data_RAM2, .)

.data_RAM3      0x02008000        0x0 load address 0x00005418
 FILL mask 0xff
                [!provide]                PROVIDE (__start_data_RAM3, .)
 *(.ramfunc.$RAM3)
 *(.ramfunc.$Ram2_4)
 *(.data.$RAM3*)
 *(.data.$Ram2_4*)
                0x02008000                . = ALIGN (0x4)
                [!provide]                PROVIDE (__end_data_RAM3, .)

.uninit_RESERVED
                0x02000000        0x0
 *(.bss.$RESERVED*)
                0x02000000                . = ALIGN (0x4)
                0x02000000                _end_uninit_RESERVED = .

.data           0x02000000      0x858 load address 0x00005418
 FILL mask 0xff
                0x02000000                _data = .
 *(vtable)
 *(.ramfunc*)
 *(.data*)
 .data._ZL20BLUE_TOOTH__UART_CFG
                0x02000000        0xc ./src/adapter_0_0_1.o
 .data.__malloc_av_
                0x0200000c      0x408 c:/nxp/lpcxpresso_8.2.2_650/lpcxpresso/tools/bin/../lib/gcc/arm-none-eabi/5.4.1/../../../../arm-none-eabi/lib/armv7-m\libc.a(lib_a-mallocr.o)
                0x0200000c                __malloc_av_
 .data.__malloc_trim_threshold
                0x02000414        0x4 c:/nxp/lpcxpresso_8.2.2_650/lpcxpresso/tools/bin/../lib/gcc/arm-none-eabi/5.4.1/../../../../arm-none-eabi/lib/armv7-m\libc.a(lib_a-mallocr.o)
                0x02000414                __malloc_trim_threshold
 .data.__malloc_sbrk_base
                0x02000418        0x4 c:/nxp/lpcxpresso_8.2.2_650/lpcxpresso/tools/bin/../lib/gcc/arm-none-eabi/5.4.1/../../../../arm-none-eabi/lib/armv7-m\libc.a(lib_a-mallocr.o)
                0x02000418                __malloc_sbrk_base
 *fill*         0x0200041c        0x4 ff
 .data.impure_data
                0x02000420      0x428 c:/nxp/lpcxpresso_8.2.2_650/lpcxpresso/tools/bin/../lib/gcc/arm-none-eabi/5.4.1/../../../../arm-none-eabi/lib/armv7-m\libc.a(lib_a-impure.o)
 .data._impure_ptr
                0x02000848        0x4 c:/nxp/lpcxpresso_8.2.2_650/lpcxpresso/tools/bin/../lib/gcc/arm-none-eabi/5.4.1/../../../../arm-none-eabi/lib/armv7-m\libc.a(lib_a-impure.o)
                0x02000848                _impure_ptr
 .data._ZN10__cxxabiv119__terminate_handlerE
                0x0200084c        0x4 c:/nxp/lpcxpresso_8.2.2_650/lpcxpresso/tools/bin/../lib/gcc/arm-none-eabi/5.4.1/../../../../arm-none-eabi/lib/armv7-m\libstdc++.a(eh_term_handler.o)
                0x0200084c                __cxxabiv1::__terminate_handler
 .data._ZN10__cxxabiv120__unexpected_handlerE
                0x02000850        0x4 c:/nxp/lpcxpresso_8.2.2_650/lpcxpresso/tools/bin/../lib/gcc/arm-none-eabi/5.4.1/../../../../arm-none-eabi/lib/armv7-m\libstdc++.a(eh_unex_handler.o)
                0x02000850                __cxxabiv1::__unexpected_handler
 .data          0x02000854        0x4 c:/nxp/lpcxpresso_8.2.2_650/lpcxpresso/tools/bin/../lib/gcc/arm-none-eabi/5.4.1/armv7-m\crtbegin.o
                0x02000854                __dso_handle
                0x02000858                . = ALIGN (0x4)
                0x02000858                _edata = .

.igot.plt       0x02000858        0x0 load address 0x00005c70
 .igot.plt      0x02000858        0x0 ./src/drivers_src/can_controllor.o

.jcr            0x02000858        0x0 load address 0x00005c70
 .jcr           0x02000858        0x0 c:/nxp/lpcxpresso_8.2.2_650/lpcxpresso/tools/bin/../lib/gcc/arm-none-eabi/5.4.1/armv7-m\crtbegin.o

.bss_RAM2       0x02004000        0x0
                [!provide]                PROVIDE (__start_bss_RAM2, .)
 *(.bss.$RAM2*)
 *(.bss.$Ram1_16*)
                0x02004000                . = ALIGN ((. != 0x0)?0x4:0x1)
                [!provide]                PROVIDE (__end_bss_RAM2, .)

.bss_RAM3       0x02008000        0x0
                [!provide]                PROVIDE (__start_bss_RAM3, .)
 *(.bss.$RAM3*)
 *(.bss.$Ram2_4*)
                0x02008000                . = ALIGN ((. != 0x0)?0x4:0x1)
                [!provide]                PROVIDE (__end_bss_RAM3, .)

.bss            0x02000858      0x740
                0x02000858                _bss = .
 *(.bss*)
 .bss._ZGVZN8KWP_UART8InstanceEvE8kwp_uart
                0x02000858        0x4 ./src/drivers_src/kwp_usart.o
 .bss._ZZN8KWP_UART8InstanceEvE8kwp_uart
                0x0200085c      0x118 ./src/drivers_src/kwp_usart.o
 .bss._ZN3Led9tx_count_E
                0x02000974        0x4 ./src/drivers_src/led.o
                0x02000974                Led::tx_count_
 .bss._ZN3Led9rx_count_E
                0x02000978        0x4 ./src/drivers_src/led.o
                0x02000978                Led::rx_count_
 .bss._ZGVZN3Led8instanceEvE3ins
                0x0200097c        0x4 ./src/drivers_src/led.o
 .bss._ZZN3Led8instanceEvE3ins
                0x02000980        0x4 ./src/drivers_src/led.o
 .bss._ZGVZN5Timer8InstanceE8TimerNumE6timer0
                0x02000984        0x4 ./src/drivers_src/timer.o
 .bss._ZGVZN5Timer8InstanceE8TimerNumE6timer1
                0x02000988        0x4 ./src/drivers_src/timer.o
 .bss._ZGVZN5Timer8InstanceE8TimerNumE6timer2
                0x0200098c        0x4 ./src/drivers_src/timer.o
 .bss._ZL12rit_callback
                0x02000990        0x4 ./src/drivers_src/timer.o
 .bss._ZGVZN9LongTimer8InstanceEPFvvEE9longtimer
                0x02000994        0x4 ./src/drivers_src/timer.o
 .bss._ZL12isr_callback
                0x02000998        0x4 ./src/drivers_src/timer.o
 .bss._ZGVZN8LedTimer8InstanceEPFvvEE8ledtimer
                0x0200099c        0x4 ./src/drivers_src/timer.o
 .bss._ZZN5Timer8InstanceE8TimerNumE6timer0
                0x020009a0       0x10 ./src/drivers_src/timer.o
 .bss._ZZN5Timer8InstanceE8TimerNumE6timer1
                0x020009b0       0x10 ./src/drivers_src/timer.o
 .bss._ZZN5Timer8InstanceE8TimerNumE6timer2
                0x020009c0       0x10 ./src/drivers_src/timer.o
 .bss._ZZN9LongTimer8InstanceEPFvvEE9longtimer
                0x020009d0       0x10 ./src/drivers_src/timer.o
 .bss._ZZN8LedTimer8InstanceEPFvvEE8ledtimer
                0x020009e0        0xc ./src/drivers_src/timer.o
 .bss._ZGVZN4UART8InstanceE9UART_TYPEE5UART0
                0x020009ec        0x4 ./src/drivers_src/usart.o
 .bss._ZGVZN4UART8InstanceE9UART_TYPEE5UART1
                0x020009f0        0x4 ./src/drivers_src/usart.o
 .bss._ZGVZN4UART8InstanceE9UART_TYPEE5UART2
                0x020009f4        0x4 ./src/drivers_src/usart.o
 .bss._ZZN4UART8InstanceE9UART_TYPEE5UART0
                0x020009f8      0x158 ./src/drivers_src/usart.o
 .bss._ZZN4UART8InstanceE9UART_TYPEE5UART1
                0x02000b50      0x158 ./src/drivers_src/usart.o
 .bss._ZZN4UART8InstanceE9UART_TYPEE5UART2
                0x02000ca8      0x158 ./src/drivers_src/usart.o
 .bss._ZN15Board_Configure13IsConfigured_E
                0x02000e00        0x1 ./src/board_src/board_configure.o
                0x02000e00                Board_Configure::IsConfigured_
 *fill*         0x02000e01        0x3 
 .bss._ZGVZN15Board_Configure8instanceEvE3ins
                0x02000e04        0x4 ./src/board_src/board_configure.o
 .bss._ZZN15Board_Configure8instanceEvE3ins
                0x02000e08        0x1 ./src/board_src/board_configure.o
 *fill*         0x02000e09        0x3 
 .bss._ZL9rx_buffer
                0x02000e0c      0x100 ./src/adapter_0_0_1.o
 .bss._ZL8rx_index
                0x02000f0c        0x4 ./src/adapter_0_0_1.o
 .bss.pBluetoothUart
                0x02000f10        0x4 ./src/adapter_0_0_1.o
                0x02000f10                pBluetoothUart
 .bss.pLed      0x02000f14        0x4 ./src/adapter_0_0_1.o
                0x02000f14                pLed
 .bss.pLongtimer
                0x02000f18        0x4 ./src/adapter_0_0_1.o
                0x02000f18                pLongtimer
 .bss.pDelaytimer
                0x02000f1c        0x4 ./src/adapter_0_0_1.o
                0x02000f1c                pDelaytimer
 .bss._ZZ4mainE1i
                0x02000f20        0x4 ./src/adapter_0_0_1.o
 .bss.__malloc_max_total_mem
                0x02000f24        0x4 c:/nxp/lpcxpresso_8.2.2_650/lpcxpresso/tools/bin/../lib/gcc/arm-none-eabi/5.4.1/../../../../arm-none-eabi/lib/armv7-m\libc.a(lib_a-mallocr.o)
                0x02000f24                __malloc_max_total_mem
 .bss.__malloc_max_sbrked_mem
                0x02000f28        0x4 c:/nxp/lpcxpresso_8.2.2_650/lpcxpresso/tools/bin/../lib/gcc/arm-none-eabi/5.4.1/../../../../arm-none-eabi/lib/armv7-m\libc.a(lib_a-mallocr.o)
                0x02000f28                __malloc_max_sbrked_mem
 .bss.__malloc_top_pad
                0x02000f2c        0x4 c:/nxp/lpcxpresso_8.2.2_650/lpcxpresso/tools/bin/../lib/gcc/arm-none-eabi/5.4.1/../../../../arm-none-eabi/lib/armv7-m\libc.a(lib_a-mallocr.o)
                0x02000f2c                __malloc_top_pad
 .bss.__malloc_current_mallinfo
                0x02000f30       0x28 c:/nxp/lpcxpresso_8.2.2_650/lpcxpresso/tools/bin/../lib/gcc/arm-none-eabi/5.4.1/../../../../arm-none-eabi/lib/armv7-m\libc.a(lib_a-mallocr.o)
                0x02000f30                __malloc_current_mallinfo
 .bss._ZL10eh_globals
                0x02000f58        0xc c:/nxp/lpcxpresso_8.2.2_650/lpcxpresso/tools/bin/../lib/gcc/arm-none-eabi/5.4.1/../../../../arm-none-eabi/lib/armv7-m\libstdc++.a(eh_globals.o)
 .bss._ZN12_GLOBAL__N_114emergency_poolE
                0x02000f64       0x10 c:/nxp/lpcxpresso_8.2.2_650/lpcxpresso/tools/bin/../lib/gcc/arm-none-eabi/5.4.1/../../../../arm-none-eabi/lib/armv7-m\libstdc++.a(eh_alloc.o)
 .bss.__end_of_heap
                0x02000f74        0x4 c:/nxp/lpcxpresso_8.2.2_650/lpcxpresso/tools/bin/../lib/gcc/arm-none-eabi/5.4.1/../../../../arm-none-eabi/lib/armv7-m\libcr_newlib_nohost.a(_cr_sbrk.o)
                0x02000f74                __end_of_heap
 .bss           0x02000f78       0x1c c:/nxp/lpcxpresso_8.2.2_650/lpcxpresso/tools/bin/../lib/gcc/arm-none-eabi/5.4.1/armv7-m\crtbegin.o
 *(COMMON)
 COMMON         0x02000f94        0x4 c:/nxp/lpcxpresso_8.2.2_650/lpcxpresso/tools/bin/../lib/gcc/arm-none-eabi/5.4.1/../../../../arm-none-eabi/lib/armv7-m\libc.a(lib_a-reent.o)
                0x02000f94                errno
                0x02000f98                . = ALIGN (0x4)
                0x02000f98                _ebss = .
                [!provide]                PROVIDE (end, .)

.noinit_RAM2    0x02004000        0x0
 *(.noinit.$RAM2*)
 *(.noinit.$Ram1_16*)
                0x02004000                . = ALIGN (0x4)

.noinit_RAM3    0x02008000        0x0
 *(.noinit.$RAM3*)
 *(.noinit.$Ram2_4*)
                0x02008000                . = ALIGN (0x4)

.noinit         0x02000f98        0x0
                0x02000f98                _noinit = .
 *(.noinit*)
                0x02000f98                . = ALIGN (0x4)
                0x02000f98                _end_noinit = .
                0x02000f98                PROVIDE (_pvHeapStart, DEFINED (__user_heap_base)?__user_heap_base:.)
                0x02004000                PROVIDE (_vStackTop, DEFINED (__user_stack_top)?__user_stack_top:(__top_Ram0_16 - 0x0))
                0xfdffb2ca                PROVIDE (__valid_user_code_checksum, (0x0 - ((((((_vStackTop + (ResetISR + 0x1)) + (NMI_Handler + 0x1)) + (HardFault_Handler + 0x1)) + (DEFINED (MemManage_Handler)?MemManage_Handler:0x0 + 0x1)) + (DEFINED (BusFault_Handler)?BusFault_Handler:0x0 + 0x1)) + (DEFINED (UsageFault_Handler)?UsageFault_Handler:0x0 + 0x1))))
OUTPUT(adapter_0_0_1.axf elf32-littlearm)

.debug_info     0x00000000     0xd0f8
 .debug_info    0x00000000     0x1523 ./src/drivers_src/kwp_usart.o
 .debug_info    0x00001523      0x879 ./src/drivers_src/led.o
 .debug_info    0x00001d9c     0x1ab2 ./src/drivers_src/timer.o
 .debug_info    0x0000384e     0x2b0d ./src/drivers_src/usart.o
 .debug_info    0x0000635b      0xd6a ./src/chip_15xx_src/clock_15xx.o
 .debug_info    0x000070c5      0x36c ./src/chip_15xx_src/ring_buffer.o
 .debug_info    0x00007431      0x5c6 ./src/chip_15xx_src/ritimer_15xx.o
 .debug_info    0x000079f7      0x60b ./src/chip_15xx_src/swm_15xx.o
 .debug_info    0x00008002      0x76d ./src/chip_15xx_src/sysctl_15xx.o
 .debug_info    0x0000876f     0x2107 ./src/board_src/adpapter_board.o
 .debug_info    0x0000a876     0x11e3 ./src/board_src/board_configure.o
 .debug_info    0x0000ba59     0x1064 ./src/adapter_0_0_1.o
 .debug_info    0x0000cabd      0x1b6 ./src/cr_cpp_config.o
 .debug_info    0x0000cc73      0x281 ./src/cr_startup_lpc15xx.o
 .debug_info    0x0000cef4       0x3f ./src/crp.o
 .debug_info    0x0000cf33      0x124 c:/nxp/lpcxpresso_8.2.2_650/lpcxpresso/tools/bin/../lib/gcc/arm-none-eabi/5.4.1/../../../../arm-none-eabi/lib/armv7-m\libcr_newlib_nohost.a(_cr_sbrk.o)
 .debug_info    0x0000d057       0x37 c:/nxp/lpcxpresso_8.2.2_650/lpcxpresso/tools/bin/../lib/gcc/arm-none-eabi/5.4.1/../../../../arm-none-eabi/lib/armv7-m\libcr_newlib_nohost.a(cr_abort.o)
 .debug_info    0x0000d08e       0x6a c:/nxp/lpcxpresso_8.2.2_650/lpcxpresso/tools/bin/../lib/gcc/arm-none-eabi/5.4.1/../../../../arm-none-eabi/lib/armv7-m\libcr_newlib_nohost.a(_cr_check_heap.o)

.debug_abbrev   0x00000000     0x2048
 .debug_abbrev  0x00000000      0x30b ./src/drivers_src/kwp_usart.o
 .debug_abbrev  0x0000030b      0x266 ./src/drivers_src/led.o
 .debug_abbrev  0x00000571      0x375 ./src/drivers_src/timer.o
 .debug_abbrev  0x000008e6      0x3f4 ./src/drivers_src/usart.o
 .debug_abbrev  0x00000cda      0x285 ./src/chip_15xx_src/clock_15xx.o
 .debug_abbrev  0x00000f5f      0x12f ./src/chip_15xx_src/ring_buffer.o
 .debug_abbrev  0x0000108e      0x170 ./src/chip_15xx_src/ritimer_15xx.o
 .debug_abbrev  0x000011fe      0x13e ./src/chip_15xx_src/swm_15xx.o
 .debug_abbrev  0x0000133c      0x12b ./src/chip_15xx_src/sysctl_15xx.o
 .debug_abbrev  0x00001467      0x2de ./src/board_src/adpapter_board.o
 .debug_abbrev  0x00001745      0x255 ./src/board_src/board_configure.o
 .debug_abbrev  0x0000199a      0x336 ./src/adapter_0_0_1.o
 .debug_abbrev  0x00001cd0       0xfb ./src/cr_cpp_config.o
 .debug_abbrev  0x00001dcb       0xe7 ./src/cr_startup_lpc15xx.o
 .debug_abbrev  0x00001eb2       0x36 ./src/crp.o